
As-needed library included to satisfy reference by file (symbol)

libz.so.1                     /home/david/drone_nav/out/arsdk-native/build/libpuf/obj/src/libpuf_tar.c.o (gzdopen)
libtar.so                     /home/david/drone_nav/out/arsdk-native/build/libpuf/obj/src/libpuf_tar.c.o (tar_close)
libpthread.so.0               /home/david/drone_nav/out/arsdk-native/build/libpuf/obj/src/libpuf_tar.c.o (__errno_location@@GLIBC_2.2.5)
libc.so.6                     /home/david/drone_nav/out/arsdk-native/build/libpuf/obj/src/libpuf_tar.c.o (fchmod@@GLIBC_2.2.5)

Discarded input sections

 .text          0x0000000000000000        0x0 /usr/lib/gcc/x86_64-linux-gnu/5/../../../x86_64-linux-gnu/crti.o
 .data          0x0000000000000000        0x0 /usr/lib/gcc/x86_64-linux-gnu/5/../../../x86_64-linux-gnu/crti.o
 .bss           0x0000000000000000        0x0 /usr/lib/gcc/x86_64-linux-gnu/5/../../../x86_64-linux-gnu/crti.o
 .note.GNU-stack
                0x0000000000000000        0x0 /usr/lib/gcc/x86_64-linux-gnu/5/../../../x86_64-linux-gnu/crti.o
 .data          0x0000000000000000        0x0 /usr/lib/gcc/x86_64-linux-gnu/5/crtbeginS.o
 .text.unlikely
                0x0000000000000000        0x0 /usr/lib/gcc/x86_64-linux-gnu/5/crtbeginS.o
 .note.GNU-stack
                0x0000000000000000        0x0 /usr/lib/gcc/x86_64-linux-gnu/5/crtbeginS.o
 .text          0x0000000000000000        0x0 /home/david/drone_nav/out/arsdk-native/build/libpuf/obj/src/libpuf.c.o
 .data          0x0000000000000000        0x0 /home/david/drone_nav/out/arsdk-native/build/libpuf/obj/src/libpuf.c.o
 .bss           0x0000000000000000        0x0 /home/david/drone_nav/out/arsdk-native/build/libpuf/obj/src/libpuf.c.o
 .text.unlikely.puf_destroy
                0x0000000000000000        0x0 /home/david/drone_nav/out/arsdk-native/build/libpuf/obj/src/libpuf.c.o
 .text.unlikely.puf_new
                0x0000000000000000        0x0 /home/david/drone_nav/out/arsdk-native/build/libpuf/obj/src/libpuf.c.o
 .text.unlikely.puf_get_version
                0x0000000000000000        0x0 /home/david/drone_nav/out/arsdk-native/build/libpuf/obj/src/libpuf.c.o
 .text.unlikely.puf_get_app_id
                0x0000000000000000        0x0 /home/david/drone_nav/out/arsdk-native/build/libpuf/obj/src/libpuf.c.o
 .text.unlikely.puf_get_target_id
                0x0000000000000000        0x0 /home/david/drone_nav/out/arsdk-native/build/libpuf/obj/src/libpuf.c.o
 .text.unlikely.puf_get_file_size
                0x0000000000000000        0x0 /home/david/drone_nav/out/arsdk-native/build/libpuf/obj/src/libpuf.c.o
 .text.unlikely.puf_extract_to_buf
                0x0000000000000000        0x0 /home/david/drone_nav/out/arsdk-native/build/libpuf/obj/src/libpuf.c.o
 .text.unlikely.puf_extract_to_file
                0x0000000000000000        0x0 /home/david/drone_nav/out/arsdk-native/build/libpuf/obj/src/libpuf.c.o
 .text.unlikely.puf_compare_version
                0x0000000000000000        0x0 /home/david/drone_nav/out/arsdk-native/build/libpuf/obj/src/libpuf.c.o
 .text.unlikely.puf_version_tostring
                0x0000000000000000        0x0 /home/david/drone_nav/out/arsdk-native/build/libpuf/obj/src/libpuf.c.o
 .text.unlikely.puf_version_fromstring
                0x0000000000000000        0x0 /home/david/drone_nav/out/arsdk-native/build/libpuf/obj/src/libpuf.c.o
 .data.rel.local
                0x0000000000000000       0x20 /home/david/drone_nav/out/arsdk-native/build/libpuf/obj/src/libpuf.c.o
 .note.GNU-stack
                0x0000000000000000        0x0 /home/david/drone_nav/out/arsdk-native/build/libpuf/obj/src/libpuf.c.o
 .text          0x0000000000000000        0x0 /home/david/drone_nav/out/arsdk-native/build/libpuf/obj/src/libpuf_plf.c.o
 .data          0x0000000000000000        0x0 /home/david/drone_nav/out/arsdk-native/build/libpuf/obj/src/libpuf_plf.c.o
 .bss           0x0000000000000000        0x0 /home/david/drone_nav/out/arsdk-native/build/libpuf/obj/src/libpuf_plf.c.o
 .text.unlikely.puf_fill_version_from_header
                0x0000000000000000        0x0 /home/david/drone_nav/out/arsdk-native/build/libpuf/obj/src/libpuf_plf.c.o
 .text.unlikely.puf_plf_new
                0x0000000000000000        0x0 /home/david/drone_nav/out/arsdk-native/build/libpuf/obj/src/libpuf_plf.c.o
 .text.unlikely.puf_plf_destroy
                0x0000000000000000        0x0 /home/david/drone_nav/out/arsdk-native/build/libpuf/obj/src/libpuf_plf.c.o
 .text.unlikely.puf_plf_get_version
                0x0000000000000000        0x0 /home/david/drone_nav/out/arsdk-native/build/libpuf/obj/src/libpuf_plf.c.o
 .text.unlikely.puf_plf_get_app_id
                0x0000000000000000        0x0 /home/david/drone_nav/out/arsdk-native/build/libpuf/obj/src/libpuf_plf.c.o
 .text.unlikely.puf_plf_get_target_id
                0x0000000000000000        0x0 /home/david/drone_nav/out/arsdk-native/build/libpuf/obj/src/libpuf_plf.c.o
 .text.unlikely.puf_plf_get_file_size
                0x0000000000000000        0x0 /home/david/drone_nav/out/arsdk-native/build/libpuf/obj/src/libpuf_plf.c.o
 .text.unlikely.puf_plf_extract_to_buf
                0x0000000000000000        0x0 /home/david/drone_nav/out/arsdk-native/build/libpuf/obj/src/libpuf_plf.c.o
 .text.unlikely.puf_plf_extract_to_file
                0x0000000000000000        0x0 /home/david/drone_nav/out/arsdk-native/build/libpuf/obj/src/libpuf_plf.c.o
 .text.unlikely.puf_plf_get_version_from_buffer
                0x0000000000000000        0x0 /home/david/drone_nav/out/arsdk-native/build/libpuf/obj/src/libpuf_plf.c.o
 .note.GNU-stack
                0x0000000000000000        0x0 /home/david/drone_nav/out/arsdk-native/build/libpuf/obj/src/libpuf_plf.c.o
 .text          0x0000000000000000        0x0 /home/david/drone_nav/out/arsdk-native/build/libpuf/obj/src/libpuf_tar.c.o
 .data          0x0000000000000000        0x0 /home/david/drone_nav/out/arsdk-native/build/libpuf/obj/src/libpuf_tar.c.o
 .bss           0x0000000000000000        0x0 /home/david/drone_nav/out/arsdk-native/build/libpuf/obj/src/libpuf_tar.c.o
 .text.unlikely.gzopen_frontend
                0x0000000000000000        0x0 /home/david/drone_nav/out/arsdk-native/build/libpuf/obj/src/libpuf_tar.c.o
 .text.unlikely.puf_tar_destroy
                0x0000000000000000        0x0 /home/david/drone_nav/out/arsdk-native/build/libpuf/obj/src/libpuf_tar.c.o
 .text.unlikely.puf_tar_get_version
                0x0000000000000000        0x0 /home/david/drone_nav/out/arsdk-native/build/libpuf/obj/src/libpuf_tar.c.o
 .text.unlikely.puf_tar_get_app_id
                0x0000000000000000        0x0 /home/david/drone_nav/out/arsdk-native/build/libpuf/obj/src/libpuf_tar.c.o
 .text.unlikely.puf_tar_get_target_id
                0x0000000000000000        0x0 /home/david/drone_nav/out/arsdk-native/build/libpuf/obj/src/libpuf_tar.c.o
 .text.unlikely.puf_tar_get_file_size
                0x0000000000000000        0x0 /home/david/drone_nav/out/arsdk-native/build/libpuf/obj/src/libpuf_tar.c.o
 .text.unlikely.puf_tar_extract_to_buf
                0x0000000000000000        0x0 /home/david/drone_nav/out/arsdk-native/build/libpuf/obj/src/libpuf_tar.c.o
 .text.unlikely.puf_tar_new
                0x0000000000000000        0x0 /home/david/drone_nav/out/arsdk-native/build/libpuf/obj/src/libpuf_tar.c.o
 .text.unlikely.puf_tar_extract_to_file
                0x0000000000000000        0x0 /home/david/drone_nav/out/arsdk-native/build/libpuf/obj/src/libpuf_tar.c.o
 .note.GNU-stack
                0x0000000000000000        0x0 /home/david/drone_nav/out/arsdk-native/build/libpuf/obj/src/libpuf_tar.c.o
 .text          0x0000000000000000        0x0 /usr/lib/gcc/x86_64-linux-gnu/5/crtendS.o
 .data          0x0000000000000000        0x0 /usr/lib/gcc/x86_64-linux-gnu/5/crtendS.o
 .bss           0x0000000000000000        0x0 /usr/lib/gcc/x86_64-linux-gnu/5/crtendS.o
 .note.GNU-stack
                0x0000000000000000        0x0 /usr/lib/gcc/x86_64-linux-gnu/5/crtendS.o
 .text          0x0000000000000000        0x0 /usr/lib/gcc/x86_64-linux-gnu/5/../../../x86_64-linux-gnu/crtn.o
 .data          0x0000000000000000        0x0 /usr/lib/gcc/x86_64-linux-gnu/5/../../../x86_64-linux-gnu/crtn.o
 .bss           0x0000000000000000        0x0 /usr/lib/gcc/x86_64-linux-gnu/5/../../../x86_64-linux-gnu/crtn.o
 .note.GNU-stack
                0x0000000000000000        0x0 /usr/lib/gcc/x86_64-linux-gnu/5/../../../x86_64-linux-gnu/crtn.o

Memory Configuration

Name             Origin             Length             Attributes
*default*        0x0000000000000000 0xffffffffffffffff

Linker script and memory map

LOAD /usr/lib/gcc/x86_64-linux-gnu/5/../../../x86_64-linux-gnu/crti.o
LOAD /usr/lib/gcc/x86_64-linux-gnu/5/crtbeginS.o
LOAD /home/david/drone_nav/out/arsdk-native/build/libpuf/obj/src/libpuf.c.o
LOAD /home/david/drone_nav/out/arsdk-native/build/libpuf/obj/src/libpuf_plf.c.o
LOAD /home/david/drone_nav/out/arsdk-native/build/libpuf/obj/src/libpuf_tar.c.o
LOAD /home/david/drone_nav/out/arsdk-native/staging/usr/lib/libulog.so
LOAD /usr/lib/gcc/x86_64-linux-gnu/5/../../../x86_64-linux-gnu/libz.so
LOAD /home/david/drone_nav/out/arsdk-native/staging/usr/lib/libtar.so
LOAD /usr/lib/gcc/x86_64-linux-gnu/5/../../../x86_64-linux-gnu/librt.so
LOAD /usr/lib/gcc/x86_64-linux-gnu/5/libstdc++.so
LOAD /usr/lib/gcc/x86_64-linux-gnu/5/../../../x86_64-linux-gnu/libm.so
START GROUP
LOAD /lib/x86_64-linux-gnu/libm.so.6
LOAD /usr/lib/x86_64-linux-gnu/libmvec_nonshared.a
LOAD /lib/x86_64-linux-gnu/libmvec.so.1
END GROUP
LOAD /usr/lib/gcc/x86_64-linux-gnu/5/libgcc_s.so
LOAD /usr/lib/gcc/x86_64-linux-gnu/5/../../../x86_64-linux-gnu/libpthread.so
START GROUP
LOAD /lib/x86_64-linux-gnu/libpthread.so.0
LOAD /usr/lib/x86_64-linux-gnu/libpthread_nonshared.a
END GROUP
LOAD /usr/lib/gcc/x86_64-linux-gnu/5/../../../x86_64-linux-gnu/libc.so
START GROUP
LOAD /lib/x86_64-linux-gnu/libc.so.6
LOAD /usr/lib/x86_64-linux-gnu/libc_nonshared.a
LOAD /lib/x86_64-linux-gnu/ld-linux-x86-64.so.2
END GROUP
LOAD /usr/lib/gcc/x86_64-linux-gnu/5/libgcc_s.so
LOAD /usr/lib/gcc/x86_64-linux-gnu/5/crtendS.o
LOAD /usr/lib/gcc/x86_64-linux-gnu/5/../../../x86_64-linux-gnu/crtn.o
                0x00000000000001c8                . = (0x0 + SIZEOF_HEADERS)

.note.gnu.build-id
                0x00000000000001c8       0x24
 *(.note.gnu.build-id)
 .note.gnu.build-id
                0x00000000000001c8       0x24 /usr/lib/gcc/x86_64-linux-gnu/5/../../../x86_64-linux-gnu/crti.o

.hash
 *(.hash)

.gnu.hash       0x00000000000001f0       0x60
 *(.gnu.hash)
 .gnu.hash      0x00000000000001f0       0x60 /usr/lib/gcc/x86_64-linux-gnu/5/../../../x86_64-linux-gnu/crti.o

.dynsym         0x0000000000000250      0x4f8
 *(.dynsym)
 .dynsym        0x0000000000000250      0x4f8 /usr/lib/gcc/x86_64-linux-gnu/5/../../../x86_64-linux-gnu/crti.o

.dynstr         0x0000000000000748      0x2e8
 *(.dynstr)
 .dynstr        0x0000000000000748      0x2e8 /usr/lib/gcc/x86_64-linux-gnu/5/../../../x86_64-linux-gnu/crti.o

.gnu.version    0x0000000000000a30       0x6a
 *(.gnu.version)
 .gnu.version   0x0000000000000a30       0x6a /usr/lib/gcc/x86_64-linux-gnu/5/../../../x86_64-linux-gnu/crti.o

.gnu.version_d  0x0000000000000aa0        0x0
 *(.gnu.version_d)
 .gnu.version_d
                0x0000000000000aa0        0x0 /usr/lib/gcc/x86_64-linux-gnu/5/../../../x86_64-linux-gnu/crti.o

.gnu.version_r  0x0000000000000aa0       0x90
 *(.gnu.version_r)
 .gnu.version_r
                0x0000000000000aa0       0x90 /usr/lib/gcc/x86_64-linux-gnu/5/../../../x86_64-linux-gnu/crti.o

.rela.dyn       0x0000000000000b30      0x120
 *(.rela.init)
 *(.rela.text .rela.text.* .rela.gnu.linkonce.t.*)
 .rela.text     0x0000000000000b30        0x0 /usr/lib/gcc/x86_64-linux-gnu/5/../../../x86_64-linux-gnu/crti.o
 .rela.text.puf_tar_new
                0x0000000000000b30        0x0 /usr/lib/gcc/x86_64-linux-gnu/5/../../../x86_64-linux-gnu/crti.o
 *(.rela.fini)
 *(.rela.rodata .rela.rodata.* .rela.gnu.linkonce.r.*)
 *(.rela.data .rela.data.* .rela.gnu.linkonce.d.*)
 .rela.data.rel.local
                0x0000000000000b30       0x18 /usr/lib/gcc/x86_64-linux-gnu/5/../../../x86_64-linux-gnu/crti.o
 .rela.data.rel
                0x0000000000000b48       0x60 /usr/lib/gcc/x86_64-linux-gnu/5/../../../x86_64-linux-gnu/crti.o
 *(.rela.tdata .rela.tdata.* .rela.gnu.linkonce.td.*)
 *(.rela.tbss .rela.tbss.* .rela.gnu.linkonce.tb.*)
 *(.rela.ctors)
 *(.rela.dtors)
 *(.rela.got)
 .rela.got      0x0000000000000ba8       0x78 /usr/lib/gcc/x86_64-linux-gnu/5/../../../x86_64-linux-gnu/crti.o
 *(.rela.bss .rela.bss.* .rela.gnu.linkonce.b.*)
 *(.rela.ldata .rela.ldata.* .rela.gnu.linkonce.l.*)
 *(.rela.lbss .rela.lbss.* .rela.gnu.linkonce.lb.*)
 *(.rela.lrodata .rela.lrodata.* .rela.gnu.linkonce.lr.*)
 *(.rela.ifunc)
 .rela.ifunc    0x0000000000000c20        0x0 /usr/lib/gcc/x86_64-linux-gnu/5/../../../x86_64-linux-gnu/crti.o
 .rela.fini_array
                0x0000000000000c20       0x18 /usr/lib/gcc/x86_64-linux-gnu/5/../../../x86_64-linux-gnu/crti.o
 .rela.init_array
                0x0000000000000c38       0x18 /usr/lib/gcc/x86_64-linux-gnu/5/../../../x86_64-linux-gnu/crti.o

.rela.plt       0x0000000000000c50      0x2a0
 *(.rela.plt)
 .rela.plt      0x0000000000000c50      0x2a0 /usr/lib/gcc/x86_64-linux-gnu/5/../../../x86_64-linux-gnu/crti.o
 *(.rela.iplt)

.init           0x0000000000000ef0       0x1a
 *(SORT(.init))
 .init          0x0000000000000ef0       0x15 /usr/lib/gcc/x86_64-linux-gnu/5/../../../x86_64-linux-gnu/crti.o
                0x0000000000000ef0                _init
 .init          0x0000000000000f05        0x5 /usr/lib/gcc/x86_64-linux-gnu/5/../../../x86_64-linux-gnu/crtn.o

.plt            0x0000000000000f10      0x1d0
 *(.plt)
 .plt           0x0000000000000f10      0x1d0 /usr/lib/gcc/x86_64-linux-gnu/5/../../../x86_64-linux-gnu/crti.o
 *(.iplt)

.plt.got        0x00000000000010e0       0x10
 *(.plt.got)
 .plt.got       0x00000000000010e0       0x10 /usr/lib/gcc/x86_64-linux-gnu/5/../../../x86_64-linux-gnu/crti.o

.plt.bnd
 *(.plt.bnd)

.text           0x00000000000010f0     0x11d3
 *(.text.unlikely .text.*_unlikely .text.unlikely.*)
 *(.text.exit .text.exit.*)
 *(.text.startup .text.startup.*)
 *(.text.hot .text.hot.*)
 *(.text .stub .text.* .gnu.linkonce.t.*)
 .text          0x00000000000010f0      0x100 /usr/lib/gcc/x86_64-linux-gnu/5/crtbeginS.o
 .text.puf_destroy
                0x00000000000011f0       0x32 /home/david/drone_nav/out/arsdk-native/build/libpuf/obj/src/libpuf.c.o
                0x00000000000011f0                puf_destroy
 *fill*         0x0000000000001222        0xe 
 .text.puf_new  0x0000000000001230      0x153 /home/david/drone_nav/out/arsdk-native/build/libpuf/obj/src/libpuf.c.o
                0x0000000000001230                puf_new
 *fill*         0x0000000000001383        0xd 
 .text.puf_get_version
                0x0000000000001390       0x36 /home/david/drone_nav/out/arsdk-native/build/libpuf/obj/src/libpuf.c.o
                0x0000000000001390                puf_get_version
 *fill*         0x00000000000013c6        0xa 
 .text.puf_get_app_id
                0x00000000000013d0       0x36 /home/david/drone_nav/out/arsdk-native/build/libpuf/obj/src/libpuf.c.o
                0x00000000000013d0                puf_get_app_id
 *fill*         0x0000000000001406        0xa 
 .text.puf_get_target_id
                0x0000000000001410       0x36 /home/david/drone_nav/out/arsdk-native/build/libpuf/obj/src/libpuf.c.o
                0x0000000000001410                puf_get_target_id
 *fill*         0x0000000000001446        0xa 
 .text.puf_get_file_size
                0x0000000000001450       0x36 /home/david/drone_nav/out/arsdk-native/build/libpuf/obj/src/libpuf.c.o
                0x0000000000001450                puf_get_file_size
 *fill*         0x0000000000001486        0xa 
 .text.puf_extract_to_buf
                0x0000000000001490       0x44 /home/david/drone_nav/out/arsdk-native/build/libpuf/obj/src/libpuf.c.o
                0x0000000000001490                puf_extract_to_buf
 *fill*         0x00000000000014d4        0xc 
 .text.puf_extract_to_file
                0x00000000000014e0       0x44 /home/david/drone_nav/out/arsdk-native/build/libpuf/obj/src/libpuf.c.o
                0x00000000000014e0                puf_extract_to_file
 *fill*         0x0000000000001524        0xc 
 .text.puf_compare_version
                0x0000000000001530       0x7b /home/david/drone_nav/out/arsdk-native/build/libpuf/obj/src/libpuf.c.o
                0x0000000000001530                puf_compare_version
 *fill*         0x00000000000015ab        0x5 
 .text.puf_version_tostring
                0x00000000000015b0      0x11b /home/david/drone_nav/out/arsdk-native/build/libpuf/obj/src/libpuf.c.o
                0x00000000000015b0                puf_version_tostring
 *fill*         0x00000000000016cb        0x5 
 .text.puf_version_fromstring
                0x00000000000016d0      0x21c /home/david/drone_nav/out/arsdk-native/build/libpuf/obj/src/libpuf.c.o
                0x00000000000016d0                puf_version_fromstring
 *fill*         0x00000000000018ec        0x4 
 .text.puf_fill_version_from_header
                0x00000000000018f0       0xe6 /home/david/drone_nav/out/arsdk-native/build/libpuf/obj/src/libpuf_plf.c.o
 *fill*         0x00000000000019d6        0xa 
 .text.puf_plf_new
                0x00000000000019e0       0x6c /home/david/drone_nav/out/arsdk-native/build/libpuf/obj/src/libpuf_plf.c.o
                0x00000000000019e0                puf_plf_new
 *fill*         0x0000000000001a4c        0x4 
 .text.puf_plf_destroy
                0x0000000000001a50       0x12 /home/david/drone_nav/out/arsdk-native/build/libpuf/obj/src/libpuf_plf.c.o
                0x0000000000001a50                puf_plf_destroy
 *fill*         0x0000000000001a62        0xe 
 .text.puf_plf_get_version
                0x0000000000001a70       0x16 /home/david/drone_nav/out/arsdk-native/build/libpuf/obj/src/libpuf_plf.c.o
                0x0000000000001a70                puf_plf_get_version
 *fill*         0x0000000000001a86        0xa 
 .text.puf_plf_get_app_id
                0x0000000000001a90       0x1e /home/david/drone_nav/out/arsdk-native/build/libpuf/obj/src/libpuf_plf.c.o
                0x0000000000001a90                puf_plf_get_app_id
 *fill*         0x0000000000001aae        0x2 
 .text.puf_plf_get_target_id
                0x0000000000001ab0       0x1e /home/david/drone_nav/out/arsdk-native/build/libpuf/obj/src/libpuf_plf.c.o
                0x0000000000001ab0                puf_plf_get_target_id
 *fill*         0x0000000000001ace        0x2 
 .text.puf_plf_get_file_size
                0x0000000000001ad0        0x6 /home/david/drone_nav/out/arsdk-native/build/libpuf/obj/src/libpuf_plf.c.o
                0x0000000000001ad0                puf_plf_get_file_size
 *fill*         0x0000000000001ad6        0xa 
 .text.puf_plf_extract_to_buf
                0x0000000000001ae0        0x6 /home/david/drone_nav/out/arsdk-native/build/libpuf/obj/src/libpuf_plf.c.o
                0x0000000000001ae0                puf_plf_extract_to_buf
 *fill*         0x0000000000001ae6        0xa 
 .text.puf_plf_extract_to_file
                0x0000000000001af0        0x6 /home/david/drone_nav/out/arsdk-native/build/libpuf/obj/src/libpuf_plf.c.o
                0x0000000000001af0                puf_plf_extract_to_file
 *fill*         0x0000000000001af6        0xa 
 .text.puf_plf_get_version_from_buffer
                0x0000000000001b00       0x36 /home/david/drone_nav/out/arsdk-native/build/libpuf/obj/src/libpuf_plf.c.o
                0x0000000000001b00                puf_plf_get_version_from_buffer
 *fill*         0x0000000000001b36        0xa 
 .text.gzopen_frontend
                0x0000000000001b40       0xb9 /home/david/drone_nav/out/arsdk-native/build/libpuf/obj/src/libpuf_tar.c.o
 *fill*         0x0000000000001bf9        0x7 
 .text.puf_tar_destroy
                0x0000000000001c00       0x22 /home/david/drone_nav/out/arsdk-native/build/libpuf/obj/src/libpuf_tar.c.o
                0x0000000000001c00                puf_tar_destroy
 *fill*         0x0000000000001c22        0xe 
 .text.puf_tar_get_version
                0x0000000000001c30       0x26 /home/david/drone_nav/out/arsdk-native/build/libpuf/obj/src/libpuf_tar.c.o
                0x0000000000001c30                puf_tar_get_version
 *fill*         0x0000000000001c56        0xa 
 .text.puf_tar_get_app_id
                0x0000000000001c60       0x1e /home/david/drone_nav/out/arsdk-native/build/libpuf/obj/src/libpuf_tar.c.o
                0x0000000000001c60                puf_tar_get_app_id
 *fill*         0x0000000000001c7e        0x2 
 .text.puf_tar_get_target_id
                0x0000000000001c80       0x1e /home/david/drone_nav/out/arsdk-native/build/libpuf/obj/src/libpuf_tar.c.o
                0x0000000000001c80                puf_tar_get_target_id
 *fill*         0x0000000000001c9e        0x2 
 .text.puf_tar_get_file_size
                0x0000000000001ca0      0x18a /home/david/drone_nav/out/arsdk-native/build/libpuf/obj/src/libpuf_tar.c.o
                0x0000000000001ca0                puf_tar_get_file_size
 *fill*         0x0000000000001e2a        0x6 
 .text.puf_tar_extract_to_buf
                0x0000000000001e30      0x26f /home/david/drone_nav/out/arsdk-native/build/libpuf/obj/src/libpuf_tar.c.o
                0x0000000000001e30                puf_tar_extract_to_buf
 *fill*         0x000000000000209f        0x1 
 .text.puf_tar_new
                0x00000000000020a0       0x8b /home/david/drone_nav/out/arsdk-native/build/libpuf/obj/src/libpuf_tar.c.o
                0x00000000000020a0                puf_tar_new
 *fill*         0x000000000000212b        0x5 
 .text.puf_tar_extract_to_file
                0x0000000000002130      0x193 /home/david/drone_nav/out/arsdk-native/build/libpuf/obj/src/libpuf_tar.c.o
                0x0000000000002130                puf_tar_extract_to_file
 *(.gnu.warning)

.fini           0x00000000000022c4        0x9
 *(SORT(.fini))
 .fini          0x00000000000022c4        0x4 /usr/lib/gcc/x86_64-linux-gnu/5/../../../x86_64-linux-gnu/crti.o
                0x00000000000022c4                _fini
 .fini          0x00000000000022c8        0x5 /usr/lib/gcc/x86_64-linux-gnu/5/../../../x86_64-linux-gnu/crtn.o
                [!provide]                        PROVIDE (__etext, .)
                [!provide]                        PROVIDE (_etext, .)
                [!provide]                        PROVIDE (etext, .)

.rodata         0x00000000000022d0       0x75
 *(.rodata .rodata.* .gnu.linkonce.r.*)
 .rodata.str1.1
                0x00000000000022d0       0x53 /home/david/drone_nav/out/arsdk-native/build/libpuf/obj/src/libpuf.c.o
 *fill*         0x0000000000002323        0x1 
 .rodata        0x0000000000002324       0x14 /home/david/drone_nav/out/arsdk-native/build/libpuf/obj/src/libpuf.c.o
 .rodata.str1.1
                0x0000000000002338        0x3 /home/david/drone_nav/out/arsdk-native/build/libpuf/obj/src/libpuf_plf.c.o
 .rodata.str1.1
                0x000000000000233b        0xa /home/david/drone_nav/out/arsdk-native/build/libpuf/obj/src/libpuf_tar.c.o
                                          0xd (size before relaxing)

.rodata1
 *(.rodata1)

.eh_frame_hdr   0x0000000000002348      0x104
 *(.eh_frame_hdr)
 .eh_frame_hdr  0x0000000000002348      0x104 /home/david/drone_nav/out/arsdk-native/build/libpuf/obj/src/libpuf.c.o
                0x0000000000002348                __GNU_EH_FRAME_HDR
 *(.eh_frame_entry .eh_frame_entry.*)

.eh_frame       0x0000000000002450      0x4e4
 *(.eh_frame)
 .eh_frame      0x0000000000002450       0x40 /usr/lib/gcc/x86_64-linux-gnu/5/../../../x86_64-linux-gnu/crti.o
 .eh_frame      0x0000000000002490      0x1f0 /home/david/drone_nav/out/arsdk-native/build/libpuf/obj/src/libpuf.c.o
                                        0x1e8 (size before relaxing)
 .eh_frame      0x0000000000002680      0x110 /home/david/drone_nav/out/arsdk-native/build/libpuf/obj/src/libpuf_plf.c.o
                                        0x100 (size before relaxing)
 .eh_frame      0x0000000000002790      0x1a0 /home/david/drone_nav/out/arsdk-native/build/libpuf/obj/src/libpuf_tar.c.o
 .eh_frame      0x0000000000002930        0x4 /usr/lib/gcc/x86_64-linux-gnu/5/crtendS.o
 *(.eh_frame.*)

.gcc_except_table
 *(.gcc_except_table .gcc_except_table.*)

.gnu_extab
 *(.gnu_extab*)

.exception_ranges
 *(.exception_ranges .exception_ranges*)
                0x0000000000202dc0                . = DATA_SEGMENT_ALIGN (0x200000, 0x1000)

.eh_frame
 *(.eh_frame)
 *(.eh_frame.*)

.gnu_extab
 *(.gnu_extab)

.gcc_except_table
 *(.gcc_except_table .gcc_except_table.*)

.exception_ranges
 *(.exception_ranges .exception_ranges*)

.tdata
 *(.tdata .tdata.* .gnu.linkonce.td.*)

.tbss
 *(.tbss .tbss.* .gnu.linkonce.tb.*)
 *(.tcommon)

.preinit_array
 *(.preinit_array)

.init_array     0x0000000000202dc0        0x8
 *(SORT(.init_array.*) SORT(.ctors.*))
 *(.init_array EXCLUDE_FILE(*crtend?.o *crtend.o *crtbegin?.o *crtbegin.o) .ctors)
 .init_array    0x0000000000202dc0        0x8 /usr/lib/gcc/x86_64-linux-gnu/5/crtbeginS.o

.fini_array     0x0000000000202dc8        0x8
 *(SORT(.fini_array.*) SORT(.dtors.*))
 *(.fini_array EXCLUDE_FILE(*crtend?.o *crtend.o *crtbegin?.o *crtbegin.o) .dtors)
 .fini_array    0x0000000000202dc8        0x8 /usr/lib/gcc/x86_64-linux-gnu/5/crtbeginS.o

.ctors
 *crtbegin.o(.ctors)
 *crtbegin?.o(.ctors)
 *(EXCLUDE_FILE(*crtend?.o *crtend.o) .ctors)
 *(SORT(.ctors.*))
 *(.ctors)

.dtors
 *crtbegin.o(.dtors)
 *crtbegin?.o(.dtors)
 *(EXCLUDE_FILE(*crtend?.o *crtend.o) .dtors)
 *(SORT(.dtors.*))
 *(.dtors)

.jcr            0x0000000000202dd0        0x8
 *(.jcr)
 .jcr           0x0000000000202dd0        0x0 /usr/lib/gcc/x86_64-linux-gnu/5/crtbeginS.o
 .jcr           0x0000000000202dd0        0x8 /usr/lib/gcc/x86_64-linux-gnu/5/crtendS.o

.data.rel.ro
 *(.data.rel.ro.local* .gnu.linkonce.d.rel.ro.local.*)
 *(.data.rel.ro .data.rel.ro.* .gnu.linkonce.d.rel.ro.*)

.dynamic        0x0000000000202dd8      0x200
 *(.dynamic)
 .dynamic       0x0000000000202dd8      0x200 /usr/lib/gcc/x86_64-linux-gnu/5/../../../x86_64-linux-gnu/crti.o
                0x0000000000202dd8                _DYNAMIC

.got            0x0000000000202fd8       0x28
 *(.got)
 .got           0x0000000000202fd8       0x28 /usr/lib/gcc/x86_64-linux-gnu/5/../../../x86_64-linux-gnu/crti.o
 *(.igot)
                0x0000000000203fe8                . = DATA_SEGMENT_RELRO_END (., (SIZEOF (.got.plt) >= 0x18)?0x18:0x0)

.got.plt        0x0000000000203000       0xf8
 *(.got.plt)
 .got.plt       0x0000000000203000       0xf8 /usr/lib/gcc/x86_64-linux-gnu/5/../../../x86_64-linux-gnu/crti.o
                0x0000000000203000                _GLOBAL_OFFSET_TABLE_
 *(.igot.plt)

.data           0x0000000000203100       0x40
 *(.data .data.* .gnu.linkonce.d.*)
 .data.rel.local
                0x0000000000203100        0x8 /usr/lib/gcc/x86_64-linux-gnu/5/crtbeginS.o
                0x0000000000203100                __dso_handle
 *fill*         0x0000000000203108       0x18 
 .data.rel      0x0000000000203120       0x20 /home/david/drone_nav/out/arsdk-native/build/libpuf/obj/src/libpuf_tar.c.o

.tm_clone_table
                0x0000000000203140        0x0
 .tm_clone_table
                0x0000000000203140        0x0 /usr/lib/gcc/x86_64-linux-gnu/5/crtbeginS.o
 .tm_clone_table
                0x0000000000203140        0x0 /usr/lib/gcc/x86_64-linux-gnu/5/crtendS.o

.data1
 *(.data1)
                0x0000000000203140                _edata = .
                [!provide]                        PROVIDE (edata, .)
                0x0000000000203140                . = .
                0x0000000000203140                __bss_start = .

.bss            0x0000000000203140        0x8
 *(.dynbss)
 .dynbss        0x0000000000203140        0x0 /usr/lib/gcc/x86_64-linux-gnu/5/../../../x86_64-linux-gnu/crti.o
 *(.bss .bss.* .gnu.linkonce.b.*)
 .bss           0x0000000000203140        0x1 /usr/lib/gcc/x86_64-linux-gnu/5/crtbeginS.o
 *(COMMON)
                0x0000000000203148                . = ALIGN ((. != 0x0)?0x8:0x1)
 *fill*         0x0000000000203141        0x7 

.lbss
 *(.dynlbss)
 *(.lbss .lbss.* .gnu.linkonce.lb.*)
 *(LARGE_COMMON)
                0x0000000000203148                . = ALIGN (0x8)
                0x0000000000203148                . = SEGMENT_START ("ldata-segment", .)

.lrodata
 *(.lrodata .lrodata.* .gnu.linkonce.lr.*)

.ldata          0x0000000000603148        0x0
 *(.ldata .ldata.* .gnu.linkonce.l.*)
                0x0000000000603148                . = ALIGN ((. != 0x0)?0x8:0x1)
                0x0000000000603148                . = ALIGN (0x8)
                0x0000000000603148                _end = .
                [!provide]                        PROVIDE (end, .)
                0x0000000000603148                . = DATA_SEGMENT_END (.)

.stab
 *(.stab)

.stabstr
 *(.stabstr)

.stab.excl
 *(.stab.excl)

.stab.exclstr
 *(.stab.exclstr)

.stab.index
 *(.stab.index)

.stab.indexstr
 *(.stab.indexstr)

.comment        0x0000000000000000       0x34
 *(.comment)
 .comment       0x0000000000000000       0x34 /usr/lib/gcc/x86_64-linux-gnu/5/crtbeginS.o
                                         0x35 (size before relaxing)
 .comment       0x0000000000000034       0x35 /home/david/drone_nav/out/arsdk-native/build/libpuf/obj/src/libpuf.c.o
 .comment       0x0000000000000034       0x35 /home/david/drone_nav/out/arsdk-native/build/libpuf/obj/src/libpuf_plf.c.o
 .comment       0x0000000000000034       0x35 /home/david/drone_nav/out/arsdk-native/build/libpuf/obj/src/libpuf_tar.c.o
 .comment       0x0000000000000034       0x35 /usr/lib/gcc/x86_64-linux-gnu/5/crtendS.o

.debug
 *(.debug)

.line
 *(.line)

.debug_srcinfo
 *(.debug_srcinfo)

.debug_sfnames
 *(.debug_sfnames)

.debug_aranges  0x0000000000000000      0x240
 *(.debug_aranges)
 .debug_aranges
                0x0000000000000000       0xd0 /home/david/drone_nav/out/arsdk-native/build/libpuf/obj/src/libpuf.c.o
 .debug_aranges
                0x00000000000000d0       0xc0 /home/david/drone_nav/out/arsdk-native/build/libpuf/obj/src/libpuf_plf.c.o
 .debug_aranges
                0x0000000000000190       0xb0 /home/david/drone_nav/out/arsdk-native/build/libpuf/obj/src/libpuf_tar.c.o

.debug_pubnames
 *(.debug_pubnames)

.debug_info     0x0000000000000000     0x2d16
 *(.debug_info .gnu.linkonce.wi.*)
 .debug_info    0x0000000000000000     0x109c /home/david/drone_nav/out/arsdk-native/build/libpuf/obj/src/libpuf.c.o
 .debug_info    0x000000000000109c      0x91e /home/david/drone_nav/out/arsdk-native/build/libpuf/obj/src/libpuf_plf.c.o
 .debug_info    0x00000000000019ba     0x135c /home/david/drone_nav/out/arsdk-native/build/libpuf/obj/src/libpuf_tar.c.o

.debug_abbrev   0x0000000000000000      0x9aa
 *(.debug_abbrev)
 .debug_abbrev  0x0000000000000000      0x3a0 /home/david/drone_nav/out/arsdk-native/build/libpuf/obj/src/libpuf.c.o
 .debug_abbrev  0x00000000000003a0      0x2c6 /home/david/drone_nav/out/arsdk-native/build/libpuf/obj/src/libpuf_plf.c.o
 .debug_abbrev  0x0000000000000666      0x344 /home/david/drone_nav/out/arsdk-native/build/libpuf/obj/src/libpuf_tar.c.o

.debug_line     0x0000000000000000      0xb05
 *(.debug_line .debug_line.* .debug_line_end)
 .debug_line    0x0000000000000000      0x45c /home/david/drone_nav/out/arsdk-native/build/libpuf/obj/src/libpuf.c.o
 .debug_line    0x000000000000045c      0x265 /home/david/drone_nav/out/arsdk-native/build/libpuf/obj/src/libpuf_plf.c.o
 .debug_line    0x00000000000006c1      0x444 /home/david/drone_nav/out/arsdk-native/build/libpuf/obj/src/libpuf_tar.c.o

.debug_frame
 *(.debug_frame)

.debug_str      0x0000000000000000      0xafc
 *(.debug_str)
 .debug_str     0x0000000000000000      0x7c0 /home/david/drone_nav/out/arsdk-native/build/libpuf/obj/src/libpuf.c.o
                                        0x866 (size before relaxing)
 .debug_str     0x00000000000007c0       0xb8 /home/david/drone_nav/out/arsdk-native/build/libpuf/obj/src/libpuf_plf.c.o
                                        0x5bd (size before relaxing)
 .debug_str     0x0000000000000878      0x284 /home/david/drone_nav/out/arsdk-native/build/libpuf/obj/src/libpuf_tar.c.o
                                        0x8b5 (size before relaxing)

.debug_loc      0x0000000000000000     0x25d4
 *(.debug_loc)
 .debug_loc     0x0000000000000000     0x11e4 /home/david/drone_nav/out/arsdk-native/build/libpuf/obj/src/libpuf.c.o
 .debug_loc     0x00000000000011e4      0x52c /home/david/drone_nav/out/arsdk-native/build/libpuf/obj/src/libpuf_plf.c.o
 .debug_loc     0x0000000000001710      0xec4 /home/david/drone_nav/out/arsdk-native/build/libpuf/obj/src/libpuf_tar.c.o

.debug_macinfo
 *(.debug_macinfo)

.debug_weaknames
 *(.debug_weaknames)

.debug_funcnames
 *(.debug_funcnames)

.debug_typenames
 *(.debug_typenames)

.debug_varnames
 *(.debug_varnames)

.debug_pubtypes
 *(.debug_pubtypes)

.debug_ranges   0x0000000000000000      0x550
 *(.debug_ranges)
 .debug_ranges  0x0000000000000000      0x190 /home/david/drone_nav/out/arsdk-native/build/libpuf/obj/src/libpuf.c.o
 .debug_ranges  0x0000000000000190       0xe0 /home/david/drone_nav/out/arsdk-native/build/libpuf/obj/src/libpuf_plf.c.o
 .debug_ranges  0x0000000000000270      0x2e0 /home/david/drone_nav/out/arsdk-native/build/libpuf/obj/src/libpuf_tar.c.o

.debug_macro
 *(.debug_macro)

.gnu.attributes
 *(.gnu.attributes)

/DISCARD/
 *(.note.GNU-stack)
 *(.gnu_debuglink)
 *(.gnu.lto_*)
OUTPUT(out/arsdk-native/build/libpuf/libpuf.so elf64-x86-64)
