
As-needed library included to satisfy reference by file (symbol)

libarsal.so                   /home/david/drone_nav/out/arsdk-native/build/libARDataTransfer/obj/Sources/ARDATATRANSFER_MediasDownloader.c.o (ARSAL_Mutex_Destroy)
libardiscovery.so             /home/david/drone_nav/out/arsdk-native/build/libARDataTransfer/obj/Sources/ARDATATRANSFER_DataDownloader.c.o (ARDISCOVERY_getProductPathName)
libarutils.so                 /home/david/drone_nav/out/arsdk-native/build/libARDataTransfer/obj/Sources/ARDATATRANSFER_DataDownloader.c.o (ARUTILS_Manager_Ftp_Rename)
libpthread.so.0               /home/david/drone_nav/out/arsdk-native/build/libARDataTransfer/obj/Sources/ARDATATRANSFER_DataDownloader.c.o (__errno_location@@GLIBC_2.2.5)
libc.so.6                     /home/david/drone_nav/out/arsdk-native/build/libARDataTransfer/obj/Sources/ARDATATRANSFER_DataDownloader.c.o (readdir@@GLIBC_2.2.5)

Discarded input sections

 .text          0x0000000000000000        0x0 /usr/lib/gcc/x86_64-linux-gnu/5/../../../x86_64-linux-gnu/crti.o
 .data          0x0000000000000000        0x0 /usr/lib/gcc/x86_64-linux-gnu/5/../../../x86_64-linux-gnu/crti.o
 .bss           0x0000000000000000        0x0 /usr/lib/gcc/x86_64-linux-gnu/5/../../../x86_64-linux-gnu/crti.o
 .note.GNU-stack
                0x0000000000000000        0x0 /usr/lib/gcc/x86_64-linux-gnu/5/../../../x86_64-linux-gnu/crti.o
 .data          0x0000000000000000        0x0 /usr/lib/gcc/x86_64-linux-gnu/5/crtbeginS.o
 .text.unlikely
                0x0000000000000000        0x0 /usr/lib/gcc/x86_64-linux-gnu/5/crtbeginS.o
 .note.GNU-stack
                0x0000000000000000        0x0 /usr/lib/gcc/x86_64-linux-gnu/5/crtbeginS.o
 .text          0x0000000000000000        0x0 /home/david/drone_nav/out/arsdk-native/build/libARDataTransfer/obj/Sources/ARDATATRANSFER_DataDownloader.c.o
 .data          0x0000000000000000        0x0 /home/david/drone_nav/out/arsdk-native/build/libARDataTransfer/obj/Sources/ARDATATRANSFER_DataDownloader.c.o
 .text.unlikely.ARDATATRANSFER_DataDownloader_UsedMemoryCallback
                0x0000000000000000        0x0 /home/david/drone_nav/out/arsdk-native/build/libARDataTransfer/obj/Sources/ARDATATRANSFER_DataDownloader.c.o
 .text.unlikely.ARDATATRANSFER_DataDownloader_RemoveDataCallback
                0x0000000000000000        0x0 /home/david/drone_nav/out/arsdk-native/build/libARDataTransfer/obj/Sources/ARDATATRANSFER_DataDownloader.c.o
 .text.unlikely.ARDATATRANSFER_DataDownloader_CancelAvailableFiles
                0x0000000000000000        0x0 /home/david/drone_nav/out/arsdk-native/build/libARDataTransfer/obj/Sources/ARDATATRANSFER_DataDownloader.c.o
 .text.unlikely.ARDATATRANSFER_DataDownloader_CancelThread
                0x0000000000000000        0x0 /home/david/drone_nav/out/arsdk-native/build/libARDataTransfer/obj/Sources/ARDATATRANSFER_DataDownloader.c.o
 .text.unlikely.ARDATATRANSFER_DataDownloader_Initialize
                0x0000000000000000        0x0 /home/david/drone_nav/out/arsdk-native/build/libARDataTransfer/obj/Sources/ARDATATRANSFER_DataDownloader.c.o
 .text.unlikely.ARDATATRANSFER_DataDownloader_Clear
                0x0000000000000000        0x0 /home/david/drone_nav/out/arsdk-native/build/libARDataTransfer/obj/Sources/ARDATATRANSFER_DataDownloader.c.o
 .text.unlikely.ARDATATRANSFER_DataDownloader_Delete
                0x0000000000000000        0x0 /home/david/drone_nav/out/arsdk-native/build/libARDataTransfer/obj/Sources/ARDATATRANSFER_DataDownloader.c.o
 .text.unlikely.ARDATATRANSFER_DataDownloader_New
                0x0000000000000000        0x0 /home/david/drone_nav/out/arsdk-native/build/libARDataTransfer/obj/Sources/ARDATATRANSFER_DataDownloader.c.o
 .text.unlikely.ARDATATRANSFER_DataDownloader_CompareFileExtension
                0x0000000000000000        0x0 /home/david/drone_nav/out/arsdk-native/build/libARDataTransfer/obj/Sources/ARDATATRANSFER_DataDownloader.c.o
 .text.unlikely.ARDATATRANSFER_DataDownloader_GetAvailableFiles
                0x0000000000000000        0x0 /home/david/drone_nav/out/arsdk-native/build/libARDataTransfer/obj/Sources/ARDATATRANSFER_DataDownloader.c.o
 .text.unlikely.ARDATATRANSFER_DataDownloader_DownloadPudFiles
                0x0000000000000000        0x0 /home/david/drone_nav/out/arsdk-native/build/libARDataTransfer/obj/Sources/ARDATATRANSFER_DataDownloader.c.o
 .text.unlikely.ARDATATRANSFER_DataDownloader_CheckUsedMemory
                0x0000000000000000        0x0 /home/david/drone_nav/out/arsdk-native/build/libARDataTransfer/obj/Sources/ARDATATRANSFER_DataDownloader.c.o
 .text.unlikely.ARDATATRANSFER_DataDownloader_GetCrashReportIndex
                0x0000000000000000        0x0 /home/david/drone_nav/out/arsdk-native/build/libARDataTransfer/obj/Sources/ARDATATRANSFER_DataDownloader.c.o
 .text.unlikely.ARDATATRANSFER_DataDownloader_RemoveRemoteDir
                0x0000000000000000        0x0 /home/david/drone_nav/out/arsdk-native/build/libARDataTransfer/obj/Sources/ARDATATRANSFER_DataDownloader.c.o
 .text.unlikely.ARDATATRANSFER_DataDownloader_DownloadCrashReports
                0x0000000000000000        0x0 /home/david/drone_nav/out/arsdk-native/build/libARDataTransfer/obj/Sources/ARDATATRANSFER_DataDownloader.c.o
 .text.unlikely.ARDATATRANSFER_DataDownloader_ThreadRun
                0x0000000000000000        0x0 /home/david/drone_nav/out/arsdk-native/build/libARDataTransfer/obj/Sources/ARDATATRANSFER_DataDownloader.c.o
 .note.GNU-stack
                0x0000000000000000        0x0 /home/david/drone_nav/out/arsdk-native/build/libARDataTransfer/obj/Sources/ARDATATRANSFER_DataDownloader.c.o
 .text          0x0000000000000000        0x0 /home/david/drone_nav/out/arsdk-native/build/libARDataTransfer/obj/Sources/ARDATATRANSFER_Downloader.c.o
 .data          0x0000000000000000        0x0 /home/david/drone_nav/out/arsdk-native/build/libARDataTransfer/obj/Sources/ARDATATRANSFER_Downloader.c.o
 .bss           0x0000000000000000        0x0 /home/david/drone_nav/out/arsdk-native/build/libARDataTransfer/obj/Sources/ARDATATRANSFER_Downloader.c.o
 .text.unlikely.ARDATATRANSFER_Downloader_Ftp_ProgressCallback
                0x0000000000000000        0x0 /home/david/drone_nav/out/arsdk-native/build/libARDataTransfer/obj/Sources/ARDATATRANSFER_Downloader.c.o
 .text.unlikely.ARDATATRANSFER_Downloader_New
                0x0000000000000000        0x0 /home/david/drone_nav/out/arsdk-native/build/libARDataTransfer/obj/Sources/ARDATATRANSFER_Downloader.c.o
 .text.unlikely.ARDATATRANSFER_Downloader_Delete
                0x0000000000000000        0x0 /home/david/drone_nav/out/arsdk-native/build/libARDataTransfer/obj/Sources/ARDATATRANSFER_Downloader.c.o
 .text.unlikely.ARDATATRANSFER_Downloader_GetSize
                0x0000000000000000        0x0 /home/david/drone_nav/out/arsdk-native/build/libARDataTransfer/obj/Sources/ARDATATRANSFER_Downloader.c.o
 .text.unlikely.ARDATATRANSFER_Downloader_ThreadRun
                0x0000000000000000        0x0 /home/david/drone_nav/out/arsdk-native/build/libARDataTransfer/obj/Sources/ARDATATRANSFER_Downloader.c.o
 .text.unlikely.ARDATATRANSFER_Downloader_CancelThread
                0x0000000000000000        0x0 /home/david/drone_nav/out/arsdk-native/build/libARDataTransfer/obj/Sources/ARDATATRANSFER_Downloader.c.o
 .note.GNU-stack
                0x0000000000000000        0x0 /home/david/drone_nav/out/arsdk-native/build/libARDataTransfer/obj/Sources/ARDATATRANSFER_Downloader.c.o
 .text          0x0000000000000000        0x0 /home/david/drone_nav/out/arsdk-native/build/libARDataTransfer/obj/Sources/ARDATATRANSFER_Manager.c.o
 .data          0x0000000000000000        0x0 /home/david/drone_nav/out/arsdk-native/build/libARDataTransfer/obj/Sources/ARDATATRANSFER_Manager.c.o
 .bss           0x0000000000000000        0x0 /home/david/drone_nav/out/arsdk-native/build/libARDataTransfer/obj/Sources/ARDATATRANSFER_Manager.c.o
 .text.unlikely.ARDATATRANSFER_Manager_Delete
                0x0000000000000000        0x0 /home/david/drone_nav/out/arsdk-native/build/libARDataTransfer/obj/Sources/ARDATATRANSFER_Manager.c.o
 .text.unlikely.ARDATATRANSFER_Manager_New
                0x0000000000000000        0x0 /home/david/drone_nav/out/arsdk-native/build/libARDataTransfer/obj/Sources/ARDATATRANSFER_Manager.c.o
 .note.GNU-stack
                0x0000000000000000        0x0 /home/david/drone_nav/out/arsdk-native/build/libARDataTransfer/obj/Sources/ARDATATRANSFER_Manager.c.o
 .text          0x0000000000000000        0x0 /home/david/drone_nav/out/arsdk-native/build/libARDataTransfer/obj/Sources/ARDATATRANSFER_MediasDownloader.c.o
 .data          0x0000000000000000        0x0 /home/david/drone_nav/out/arsdk-native/build/libARDataTransfer/obj/Sources/ARDATATRANSFER_MediasDownloader.c.o
 .bss           0x0000000000000000        0x0 /home/david/drone_nav/out/arsdk-native/build/libARDataTransfer/obj/Sources/ARDATATRANSFER_MediasDownloader.c.o
 .text.unlikely.ARDATATRANSFER_MediasDownloader_FtpProgressCallback
                0x0000000000000000        0x0 /home/david/drone_nav/out/arsdk-native/build/libARDataTransfer/obj/Sources/ARDATATRANSFER_MediasDownloader.c.o
 .text.unlikely.ARDATATRANSFER_MediasDownloader_GetAvailableMediaAtIndex
                0x0000000000000000        0x0 /home/david/drone_nav/out/arsdk-native/build/libARDataTransfer/obj/Sources/ARDATATRANSFER_MediasDownloader.c.o
 .text.unlikely.ARDATATRANSFER_MediasDownloader_AddMediaToQueue
                0x0000000000000000        0x0 /home/david/drone_nav/out/arsdk-native/build/libARDataTransfer/obj/Sources/ARDATATRANSFER_MediasDownloader.c.o
 .text.unlikely.ARDATATRANSFER_MediasDownloader_ResetQueueThread
                0x0000000000000000        0x0 /home/david/drone_nav/out/arsdk-native/build/libARDataTransfer/obj/Sources/ARDATATRANSFER_MediasDownloader.c.o
 .text.unlikely.ARDATATRANSFER_MediasDownloader_CancelQueueThread
                0x0000000000000000        0x0 /home/david/drone_nav/out/arsdk-native/build/libARDataTransfer/obj/Sources/ARDATATRANSFER_MediasDownloader.c.o
 .text.unlikely.ARDATATRANSFER_MediasDownloader_ResetGetAvailableMedias
                0x0000000000000000        0x0 /home/david/drone_nav/out/arsdk-native/build/libARDataTransfer/obj/Sources/ARDATATRANSFER_MediasDownloader.c.o
 .text.unlikely.ARDATATRANSFER_MediasDownloader_CancelGetAvailableMedias
                0x0000000000000000        0x0 /home/david/drone_nav/out/arsdk-native/build/libARDataTransfer/obj/Sources/ARDATATRANSFER_MediasDownloader.c.o
 .text.unlikely.ARDATATRANSFER_MediasDownloader_Initialize
                0x0000000000000000        0x0 /home/david/drone_nav/out/arsdk-native/build/libARDataTransfer/obj/Sources/ARDATATRANSFER_MediasDownloader.c.o
 .text.unlikely.ARDATATRANSFER_MediasDownloader_Clear
                0x0000000000000000        0x0 /home/david/drone_nav/out/arsdk-native/build/libARDataTransfer/obj/Sources/ARDATATRANSFER_MediasDownloader.c.o
 .text.unlikely.ARDATATRANSFER_MediasDownloader_GetThumbnail
                0x0000000000000000        0x0 /home/david/drone_nav/out/arsdk-native/build/libARDataTransfer/obj/Sources/ARDATATRANSFER_MediasDownloader.c.o
 .text.unlikely.ARDATATRANSFER_MediasDownloader_DownloadMedia
                0x0000000000000000        0x0 /home/david/drone_nav/out/arsdk-native/build/libARDataTransfer/obj/Sources/ARDATATRANSFER_MediasDownloader.c.o
 .text.unlikely.ARDATATRANSFER_MediasDownloader_QueueThreadRun
                0x0000000000000000        0x0 /home/david/drone_nav/out/arsdk-native/build/libARDataTransfer/obj/Sources/ARDATATRANSFER_MediasDownloader.c.o
 .text.unlikely.ARDATATRANSFER_MediasDownloader_RemoveMediaFromMediaList
                0x0000000000000000        0x0 /home/david/drone_nav/out/arsdk-native/build/libARDataTransfer/obj/Sources/ARDATATRANSFER_MediasDownloader.c.o
 .text.unlikely.ARDATATRANSFER_MediasDownloader_DeleteMedia
                0x0000000000000000        0x0 /home/david/drone_nav/out/arsdk-native/build/libARDataTransfer/obj/Sources/ARDATATRANSFER_MediasDownloader.c.o
 .text.unlikely.ARDATATRANSFER_MediasDownloader_FreeMediaList
                0x0000000000000000        0x0 /home/david/drone_nav/out/arsdk-native/build/libARDataTransfer/obj/Sources/ARDATATRANSFER_MediasDownloader.c.o
 .text.unlikely.ARDATATRANSFER_MediasDownloader_Delete
                0x0000000000000000        0x0 /home/david/drone_nav/out/arsdk-native/build/libARDataTransfer/obj/Sources/ARDATATRANSFER_MediasDownloader.c.o
 .text.unlikely.ARDATATRANSFER_MediasDownloader_New
                0x0000000000000000        0x0 /home/david/drone_nav/out/arsdk-native/build/libARDataTransfer/obj/Sources/ARDATATRANSFER_MediasDownloader.c.o
 .text.unlikely.ARDATATRANSFER_MediasDownloader_GetAvailableMediasSync
                0x0000000000000000        0x0 /home/david/drone_nav/out/arsdk-native/build/libARDataTransfer/obj/Sources/ARDATATRANSFER_MediasDownloader.c.o
 .text.unlikely.ARDATATRANSFER_MediasDownloader_GetAvailableMediasAsync
                0x0000000000000000        0x0 /home/david/drone_nav/out/arsdk-native/build/libARDataTransfer/obj/Sources/ARDATATRANSFER_MediasDownloader.c.o
 .note.GNU-stack
                0x0000000000000000        0x0 /home/david/drone_nav/out/arsdk-native/build/libARDataTransfer/obj/Sources/ARDATATRANSFER_MediasDownloader.c.o
 .text          0x0000000000000000        0x0 /home/david/drone_nav/out/arsdk-native/build/libARDataTransfer/obj/Sources/ARDATATRANSFER_MediasQueue.c.o
 .data          0x0000000000000000        0x0 /home/david/drone_nav/out/arsdk-native/build/libARDataTransfer/obj/Sources/ARDATATRANSFER_MediasQueue.c.o
 .bss           0x0000000000000000        0x0 /home/david/drone_nav/out/arsdk-native/build/libARDataTransfer/obj/Sources/ARDATATRANSFER_MediasQueue.c.o
 .text.unlikely.ARDATATRANSFER_MediasQueue_Delete
                0x0000000000000000        0x0 /home/david/drone_nav/out/arsdk-native/build/libARDataTransfer/obj/Sources/ARDATATRANSFER_MediasQueue.c.o
 .text.unlikely.ARDATATRANSFER_MediasQueue_New
                0x0000000000000000        0x0 /home/david/drone_nav/out/arsdk-native/build/libARDataTransfer/obj/Sources/ARDATATRANSFER_MediasQueue.c.o
 .text.unlikely.ARDATATRANSFER_MediasQueue_RemoveAll
                0x0000000000000000        0x0 /home/david/drone_nav/out/arsdk-native/build/libARDataTransfer/obj/Sources/ARDATATRANSFER_MediasQueue.c.o
 .text.unlikely.ARDATATRANSFER_MediasQueue_Pop
                0x0000000000000000        0x0 /home/david/drone_nav/out/arsdk-native/build/libARDataTransfer/obj/Sources/ARDATATRANSFER_MediasQueue.c.o
 .text.unlikely.ARDATATRANSFER_MediasQueue_GetFreeIndex
                0x0000000000000000        0x0 /home/david/drone_nav/out/arsdk-native/build/libARDataTransfer/obj/Sources/ARDATATRANSFER_MediasQueue.c.o
 .text.unlikely.ARDATATRANSFER_MediasQueue_Add
                0x0000000000000000        0x0 /home/david/drone_nav/out/arsdk-native/build/libARDataTransfer/obj/Sources/ARDATATRANSFER_MediasQueue.c.o
 .note.GNU-stack
                0x0000000000000000        0x0 /home/david/drone_nav/out/arsdk-native/build/libARDataTransfer/obj/Sources/ARDATATRANSFER_MediasQueue.c.o
 .text          0x0000000000000000        0x0 /home/david/drone_nav/out/arsdk-native/build/libARDataTransfer/obj/Sources/ARDATATRANSFER_Uploader.c.o
 .data          0x0000000000000000        0x0 /home/david/drone_nav/out/arsdk-native/build/libARDataTransfer/obj/Sources/ARDATATRANSFER_Uploader.c.o
 .bss           0x0000000000000000        0x0 /home/david/drone_nav/out/arsdk-native/build/libARDataTransfer/obj/Sources/ARDATATRANSFER_Uploader.c.o
 .text.unlikely.ARDATATRANSFER_Uploader_Ftp_ProgressCallback
                0x0000000000000000        0x0 /home/david/drone_nav/out/arsdk-native/build/libARDataTransfer/obj/Sources/ARDATATRANSFER_Uploader.c.o
 .text.unlikely.ARDATATRANSFER_Uploader_New
                0x0000000000000000        0x0 /home/david/drone_nav/out/arsdk-native/build/libARDataTransfer/obj/Sources/ARDATATRANSFER_Uploader.c.o
 .text.unlikely.ARDATATRANSFER_Uploader_Delete
                0x0000000000000000        0x0 /home/david/drone_nav/out/arsdk-native/build/libARDataTransfer/obj/Sources/ARDATATRANSFER_Uploader.c.o
 .text.unlikely.ARDATATRANSFER_Uploader_ThreadRun
                0x0000000000000000        0x0 /home/david/drone_nav/out/arsdk-native/build/libARDataTransfer/obj/Sources/ARDATATRANSFER_Uploader.c.o
 .text.unlikely.ARDATATRANSFER_Uploader_CancelThread
                0x0000000000000000        0x0 /home/david/drone_nav/out/arsdk-native/build/libARDataTransfer/obj/Sources/ARDATATRANSFER_Uploader.c.o
 .text.unlikely.ARDATATRANSFER_Uploader_Rename
                0x0000000000000000        0x0 /home/david/drone_nav/out/arsdk-native/build/libARDataTransfer/obj/Sources/ARDATATRANSFER_Uploader.c.o
 .note.GNU-stack
                0x0000000000000000        0x0 /home/david/drone_nav/out/arsdk-native/build/libARDataTransfer/obj/Sources/ARDATATRANSFER_Uploader.c.o
 .text          0x0000000000000000        0x0 /home/david/drone_nav/out/arsdk-native/build/libARDataTransfer/obj/gen/Sources/ARDATATRANSFER_Error.c.o
 .data          0x0000000000000000        0x0 /home/david/drone_nav/out/arsdk-native/build/libARDataTransfer/obj/gen/Sources/ARDATATRANSFER_Error.c.o
 .bss           0x0000000000000000        0x0 /home/david/drone_nav/out/arsdk-native/build/libARDataTransfer/obj/gen/Sources/ARDATATRANSFER_Error.c.o
 .text.unlikely.ARDATATRANSFER_Error_ToString
                0x0000000000000000        0x0 /home/david/drone_nav/out/arsdk-native/build/libARDataTransfer/obj/gen/Sources/ARDATATRANSFER_Error.c.o
 .note.GNU-stack
                0x0000000000000000        0x0 /home/david/drone_nav/out/arsdk-native/build/libARDataTransfer/obj/gen/Sources/ARDATATRANSFER_Error.c.o
 .text          0x0000000000000000        0x0 /usr/lib/gcc/x86_64-linux-gnu/5/crtendS.o
 .data          0x0000000000000000        0x0 /usr/lib/gcc/x86_64-linux-gnu/5/crtendS.o
 .bss           0x0000000000000000        0x0 /usr/lib/gcc/x86_64-linux-gnu/5/crtendS.o
 .note.GNU-stack
                0x0000000000000000        0x0 /usr/lib/gcc/x86_64-linux-gnu/5/crtendS.o
 .text          0x0000000000000000        0x0 /usr/lib/gcc/x86_64-linux-gnu/5/../../../x86_64-linux-gnu/crtn.o
 .data          0x0000000000000000        0x0 /usr/lib/gcc/x86_64-linux-gnu/5/../../../x86_64-linux-gnu/crtn.o
 .bss           0x0000000000000000        0x0 /usr/lib/gcc/x86_64-linux-gnu/5/../../../x86_64-linux-gnu/crtn.o
 .note.GNU-stack
                0x0000000000000000        0x0 /usr/lib/gcc/x86_64-linux-gnu/5/../../../x86_64-linux-gnu/crtn.o

Memory Configuration

Name             Origin             Length             Attributes
*default*        0x0000000000000000 0xffffffffffffffff

Linker script and memory map

LOAD /usr/lib/gcc/x86_64-linux-gnu/5/../../../x86_64-linux-gnu/crti.o
LOAD /usr/lib/gcc/x86_64-linux-gnu/5/crtbeginS.o
LOAD /home/david/drone_nav/out/arsdk-native/build/libARDataTransfer/obj/Sources/ARDATATRANSFER_DataDownloader.c.o
LOAD /home/david/drone_nav/out/arsdk-native/build/libARDataTransfer/obj/Sources/ARDATATRANSFER_Downloader.c.o
LOAD /home/david/drone_nav/out/arsdk-native/build/libARDataTransfer/obj/Sources/ARDATATRANSFER_Manager.c.o
LOAD /home/david/drone_nav/out/arsdk-native/build/libARDataTransfer/obj/Sources/ARDATATRANSFER_MediasDownloader.c.o
LOAD /home/david/drone_nav/out/arsdk-native/build/libARDataTransfer/obj/Sources/ARDATATRANSFER_MediasQueue.c.o
LOAD /home/david/drone_nav/out/arsdk-native/build/libARDataTransfer/obj/Sources/ARDATATRANSFER_Uploader.c.o
LOAD /home/david/drone_nav/out/arsdk-native/build/libARDataTransfer/obj/gen/Sources/ARDATATRANSFER_Error.c.o
LOAD /home/david/drone_nav/out/arsdk-native/staging/usr/lib/libarsal.so
LOAD /home/david/drone_nav/out/arsdk-native/staging/usr/lib/libardiscovery.so
LOAD /home/david/drone_nav/out/arsdk-native/staging/usr/lib/libarcommands.so
LOAD /home/david/drone_nav/out/arsdk-native/staging/usr/lib/libarutils.so
LOAD /usr/lib/gcc/x86_64-linux-gnu/5/../../../x86_64-linux-gnu/librt.so
LOAD /usr/lib/gcc/x86_64-linux-gnu/5/libstdc++.so
LOAD /usr/lib/gcc/x86_64-linux-gnu/5/../../../x86_64-linux-gnu/libm.so
START GROUP
LOAD /lib/x86_64-linux-gnu/libm.so.6
LOAD /usr/lib/x86_64-linux-gnu/libmvec_nonshared.a
LOAD /lib/x86_64-linux-gnu/libmvec.so.1
END GROUP
LOAD /usr/lib/gcc/x86_64-linux-gnu/5/libgcc_s.so
LOAD /usr/lib/gcc/x86_64-linux-gnu/5/../../../x86_64-linux-gnu/libpthread.so
START GROUP
LOAD /lib/x86_64-linux-gnu/libpthread.so.0
LOAD /usr/lib/x86_64-linux-gnu/libpthread_nonshared.a
END GROUP
LOAD /usr/lib/gcc/x86_64-linux-gnu/5/../../../x86_64-linux-gnu/libc.so
START GROUP
LOAD /lib/x86_64-linux-gnu/libc.so.6
LOAD /usr/lib/x86_64-linux-gnu/libc_nonshared.a
LOAD /lib/x86_64-linux-gnu/ld-linux-x86-64.so.2
END GROUP
LOAD /usr/lib/gcc/x86_64-linux-gnu/5/libgcc_s.so
LOAD /usr/lib/gcc/x86_64-linux-gnu/5/crtendS.o
LOAD /usr/lib/gcc/x86_64-linux-gnu/5/../../../x86_64-linux-gnu/crtn.o
                0x00000000000001c8                . = (0x0 + SIZEOF_HEADERS)

.note.gnu.build-id
                0x00000000000001c8       0x24
 *(.note.gnu.build-id)
 .note.gnu.build-id
                0x00000000000001c8       0x24 /usr/lib/gcc/x86_64-linux-gnu/5/../../../x86_64-linux-gnu/crti.o

.hash
 *(.hash)

.gnu.hash       0x00000000000001f0      0x1c4
 *(.gnu.hash)
 .gnu.hash      0x00000000000001f0      0x1c4 /usr/lib/gcc/x86_64-linux-gnu/5/../../../x86_64-linux-gnu/crti.o

.dynsym         0x00000000000003b8      0xb40
 *(.dynsym)
 .dynsym        0x00000000000003b8      0xb40 /usr/lib/gcc/x86_64-linux-gnu/5/../../../x86_64-linux-gnu/crti.o

.dynstr         0x0000000000000ef8      0xe2a
 *(.dynstr)
 .dynstr        0x0000000000000ef8      0xe2a /usr/lib/gcc/x86_64-linux-gnu/5/../../../x86_64-linux-gnu/crti.o

.gnu.version    0x0000000000001d22       0xf0
 *(.gnu.version)
 .gnu.version   0x0000000000001d22       0xf0 /usr/lib/gcc/x86_64-linux-gnu/5/../../../x86_64-linux-gnu/crti.o

.gnu.version_d  0x0000000000001e18        0x0
 *(.gnu.version_d)
 .gnu.version_d
                0x0000000000001e18        0x0 /usr/lib/gcc/x86_64-linux-gnu/5/../../../x86_64-linux-gnu/crti.o

.gnu.version_r  0x0000000000001e18       0x70
 *(.gnu.version_r)
 .gnu.version_r
                0x0000000000001e18       0x70 /usr/lib/gcc/x86_64-linux-gnu/5/../../../x86_64-linux-gnu/crti.o

.rela.dyn       0x0000000000001e88      0x108
 *(.rela.init)
 *(.rela.text .rela.text.* .rela.gnu.linkonce.t.*)
 .rela.text     0x0000000000001e88        0x0 /usr/lib/gcc/x86_64-linux-gnu/5/../../../x86_64-linux-gnu/crti.o
 *(.rela.fini)
 *(.rela.rodata .rela.rodata.* .rela.gnu.linkonce.r.*)
 *(.rela.data .rela.data.* .rela.gnu.linkonce.d.*)
 .rela.data.rel.local
                0x0000000000001e88       0x18 /usr/lib/gcc/x86_64-linux-gnu/5/../../../x86_64-linux-gnu/crti.o
 *(.rela.tdata .rela.tdata.* .rela.gnu.linkonce.td.*)
 *(.rela.tbss .rela.tbss.* .rela.gnu.linkonce.tb.*)
 *(.rela.ctors)
 *(.rela.dtors)
 *(.rela.got)
 .rela.got      0x0000000000001ea0       0xc0 /usr/lib/gcc/x86_64-linux-gnu/5/../../../x86_64-linux-gnu/crti.o
 *(.rela.bss .rela.bss.* .rela.gnu.linkonce.b.*)
 *(.rela.ldata .rela.ldata.* .rela.gnu.linkonce.l.*)
 *(.rela.lbss .rela.lbss.* .rela.gnu.linkonce.lb.*)
 *(.rela.lrodata .rela.lrodata.* .rela.gnu.linkonce.lr.*)
 *(.rela.ifunc)
 .rela.ifunc    0x0000000000001f60        0x0 /usr/lib/gcc/x86_64-linux-gnu/5/../../../x86_64-linux-gnu/crti.o
 .rela.fini_array
                0x0000000000001f60       0x18 /usr/lib/gcc/x86_64-linux-gnu/5/../../../x86_64-linux-gnu/crti.o
 .rela.init_array
                0x0000000000001f78       0x18 /usr/lib/gcc/x86_64-linux-gnu/5/../../../x86_64-linux-gnu/crti.o

.rela.plt       0x0000000000001f90      0x768
 *(.rela.plt)
 .rela.plt      0x0000000000001f90      0x768 /usr/lib/gcc/x86_64-linux-gnu/5/../../../x86_64-linux-gnu/crti.o
 *(.rela.iplt)

.init           0x00000000000026f8       0x1a
 *(SORT(.init))
 .init          0x00000000000026f8       0x15 /usr/lib/gcc/x86_64-linux-gnu/5/../../../x86_64-linux-gnu/crti.o
                0x00000000000026f8                _init
 .init          0x000000000000270d        0x5 /usr/lib/gcc/x86_64-linux-gnu/5/../../../x86_64-linux-gnu/crtn.o

.plt            0x0000000000002720      0x500
 *(.plt)
 .plt           0x0000000000002720      0x500 /usr/lib/gcc/x86_64-linux-gnu/5/../../../x86_64-linux-gnu/crti.o
 *(.iplt)

.plt.got        0x0000000000002c20       0x10
 *(.plt.got)
 .plt.got       0x0000000000002c20       0x10 /usr/lib/gcc/x86_64-linux-gnu/5/../../../x86_64-linux-gnu/crti.o

.plt.bnd
 *(.plt.bnd)

.text           0x0000000000002c30     0x5f68
 *(.text.unlikely .text.*_unlikely .text.unlikely.*)
 *(.text.exit .text.exit.*)
 *(.text.startup .text.startup.*)
 *(.text.hot .text.hot.*)
 *(.text .stub .text.* .gnu.linkonce.t.*)
 .text          0x0000000000002c30      0x100 /usr/lib/gcc/x86_64-linux-gnu/5/crtbeginS.o
 .text.ARDATATRANSFER_DataDownloader_UsedMemoryCallback
                0x0000000000002d30       0x21 /home/david/drone_nav/out/arsdk-native/build/libARDataTransfer/obj/Sources/ARDATATRANSFER_DataDownloader.c.o
 *fill*         0x0000000000002d51        0xf 
 .text.ARDATATRANSFER_DataDownloader_RemoveDataCallback
                0x0000000000002d60       0x6f /home/david/drone_nav/out/arsdk-native/build/libARDataTransfer/obj/Sources/ARDATATRANSFER_DataDownloader.c.o
 *fill*         0x0000000000002dcf        0x1 
 .text.ARDATATRANSFER_DataDownloader_CancelAvailableFiles
                0x0000000000002dd0       0x60 /home/david/drone_nav/out/arsdk-native/build/libARDataTransfer/obj/Sources/ARDATATRANSFER_DataDownloader.c.o
                0x0000000000002dd0                ARDATATRANSFER_DataDownloader_CancelAvailableFiles
 .text.ARDATATRANSFER_DataDownloader_CancelThread
                0x0000000000002e30       0x8b /home/david/drone_nav/out/arsdk-native/build/libARDataTransfer/obj/Sources/ARDATATRANSFER_DataDownloader.c.o
                0x0000000000002e30                ARDATATRANSFER_DataDownloader_CancelThread
 *fill*         0x0000000000002ebb        0x5 
 .text.ARDATATRANSFER_DataDownloader_Initialize
                0x0000000000002ec0      0x22e /home/david/drone_nav/out/arsdk-native/build/libARDataTransfer/obj/Sources/ARDATATRANSFER_DataDownloader.c.o
                0x0000000000002ec0                ARDATATRANSFER_DataDownloader_Initialize
 *fill*         0x00000000000030ee        0x2 
 .text.ARDATATRANSFER_DataDownloader_Clear
                0x00000000000030f0       0x5a /home/david/drone_nav/out/arsdk-native/build/libARDataTransfer/obj/Sources/ARDATATRANSFER_DataDownloader.c.o
                0x00000000000030f0                ARDATATRANSFER_DataDownloader_Clear
 *fill*         0x000000000000314a        0x6 
 .text.ARDATATRANSFER_DataDownloader_Delete
                0x0000000000003150       0x86 /home/david/drone_nav/out/arsdk-native/build/libARDataTransfer/obj/Sources/ARDATATRANSFER_DataDownloader.c.o
                0x0000000000003150                ARDATATRANSFER_DataDownloader_Delete
 *fill*         0x00000000000031d6        0xa 
 .text.ARDATATRANSFER_DataDownloader_New
                0x00000000000031e0      0x126 /home/david/drone_nav/out/arsdk-native/build/libARDataTransfer/obj/Sources/ARDATATRANSFER_DataDownloader.c.o
                0x00000000000031e0                ARDATATRANSFER_DataDownloader_New
 *fill*         0x0000000000003306        0xa 
 .text.ARDATATRANSFER_DataDownloader_CompareFileExtension
                0x0000000000003310       0x6a /home/david/drone_nav/out/arsdk-native/build/libARDataTransfer/obj/Sources/ARDATATRANSFER_DataDownloader.c.o
                0x0000000000003310                ARDATATRANSFER_DataDownloader_CompareFileExtension
 *fill*         0x000000000000337a        0x6 
 .text.ARDATATRANSFER_DataDownloader_GetAvailableFiles
                0x0000000000003380      0x400 /home/david/drone_nav/out/arsdk-native/build/libARDataTransfer/obj/Sources/ARDATATRANSFER_DataDownloader.c.o
                0x0000000000003380                ARDATATRANSFER_DataDownloader_GetAvailableFiles
 .text.ARDATATRANSFER_DataDownloader_DownloadPudFiles
                0x0000000000003780      0xbee /home/david/drone_nav/out/arsdk-native/build/libARDataTransfer/obj/Sources/ARDATATRANSFER_DataDownloader.c.o
                0x0000000000003780                ARDATATRANSFER_DataDownloader_DownloadPudFiles
 *fill*         0x000000000000436e        0x2 
 .text.ARDATATRANSFER_DataDownloader_CheckUsedMemory
                0x0000000000004370      0x18c /home/david/drone_nav/out/arsdk-native/build/libARDataTransfer/obj/Sources/ARDATATRANSFER_DataDownloader.c.o
                0x0000000000004370                ARDATATRANSFER_DataDownloader_CheckUsedMemory
 *fill*         0x00000000000044fc        0x4 
 .text.ARDATATRANSFER_DataDownloader_GetCrashReportIndex
                0x0000000000004500       0xda /home/david/drone_nav/out/arsdk-native/build/libARDataTransfer/obj/Sources/ARDATATRANSFER_DataDownloader.c.o
                0x0000000000004500                ARDATATRANSFER_DataDownloader_GetCrashReportIndex
 *fill*         0x00000000000045da        0x6 
 .text.ARDATATRANSFER_DataDownloader_RemoveRemoteDir
                0x00000000000045e0      0x20b /home/david/drone_nav/out/arsdk-native/build/libARDataTransfer/obj/Sources/ARDATATRANSFER_DataDownloader.c.o
                0x00000000000045e0                ARDATATRANSFER_DataDownloader_RemoveRemoteDir
 *fill*         0x00000000000047eb        0x5 
 .text.ARDATATRANSFER_DataDownloader_DownloadCrashReports
                0x00000000000047f0      0x969 /home/david/drone_nav/out/arsdk-native/build/libARDataTransfer/obj/Sources/ARDATATRANSFER_DataDownloader.c.o
                0x00000000000047f0                ARDATATRANSFER_DataDownloader_DownloadCrashReports
 *fill*         0x0000000000005159        0x7 
 .text.ARDATATRANSFER_DataDownloader_ThreadRun
                0x0000000000005160      0x1c7 /home/david/drone_nav/out/arsdk-native/build/libARDataTransfer/obj/Sources/ARDATATRANSFER_DataDownloader.c.o
                0x0000000000005160                ARDATATRANSFER_DataDownloader_ThreadRun
 *fill*         0x0000000000005327        0x9 
 .text.ARDATATRANSFER_Downloader_Ftp_ProgressCallback
                0x0000000000005330       0x66 /home/david/drone_nav/out/arsdk-native/build/libARDataTransfer/obj/Sources/ARDATATRANSFER_Downloader.c.o
                0x0000000000005330                ARDATATRANSFER_Downloader_Ftp_ProgressCallback
 *fill*         0x0000000000005396        0xa 
 .text.ARDATATRANSFER_Downloader_New
                0x00000000000053a0      0x123 /home/david/drone_nav/out/arsdk-native/build/libARDataTransfer/obj/Sources/ARDATATRANSFER_Downloader.c.o
                0x00000000000053a0                ARDATATRANSFER_Downloader_New
 *fill*         0x00000000000054c3        0xd 
 .text.ARDATATRANSFER_Downloader_Delete
                0x00000000000054d0       0x5f /home/david/drone_nav/out/arsdk-native/build/libARDataTransfer/obj/Sources/ARDATATRANSFER_Downloader.c.o
                0x00000000000054d0                ARDATATRANSFER_Downloader_Delete
 *fill*         0x000000000000552f        0x1 
 .text.ARDATATRANSFER_Downloader_GetSize
                0x0000000000005530       0x6a /home/david/drone_nav/out/arsdk-native/build/libARDataTransfer/obj/Sources/ARDATATRANSFER_Downloader.c.o
                0x0000000000005530                ARDATATRANSFER_Downloader_GetSize
 *fill*         0x000000000000559a        0x6 
 .text.ARDATATRANSFER_Downloader_ThreadRun
                0x00000000000055a0       0xb2 /home/david/drone_nav/out/arsdk-native/build/libARDataTransfer/obj/Sources/ARDATATRANSFER_Downloader.c.o
                0x00000000000055a0                ARDATATRANSFER_Downloader_ThreadRun
 *fill*         0x0000000000005652        0xe 
 .text.ARDATATRANSFER_Downloader_CancelThread
                0x0000000000005660       0x5f /home/david/drone_nav/out/arsdk-native/build/libARDataTransfer/obj/Sources/ARDATATRANSFER_Downloader.c.o
                0x0000000000005660                ARDATATRANSFER_Downloader_CancelThread
 *fill*         0x00000000000056bf        0x1 
 .text.ARDATATRANSFER_Manager_Delete
                0x00000000000056c0       0x4c /home/david/drone_nav/out/arsdk-native/build/libARDataTransfer/obj/Sources/ARDATATRANSFER_Manager.c.o
                0x00000000000056c0                ARDATATRANSFER_Manager_Delete
 *fill*         0x000000000000570c        0x4 
 .text.ARDATATRANSFER_Manager_New
                0x0000000000005710       0x98 /home/david/drone_nav/out/arsdk-native/build/libARDataTransfer/obj/Sources/ARDATATRANSFER_Manager.c.o
                0x0000000000005710                ARDATATRANSFER_Manager_New
 *fill*         0x00000000000057a8        0x8 
 .text.ARDATATRANSFER_MediasDownloader_FtpProgressCallback
                0x00000000000057b0       0x22 /home/david/drone_nav/out/arsdk-native/build/libARDataTransfer/obj/Sources/ARDATATRANSFER_MediasDownloader.c.o
                0x00000000000057b0                ARDATATRANSFER_MediasDownloader_FtpProgressCallback
 *fill*         0x00000000000057d2        0xe 
 .text.ARDATATRANSFER_MediasDownloader_GetAvailableMediaAtIndex
                0x00000000000057e0       0x90 /home/david/drone_nav/out/arsdk-native/build/libARDataTransfer/obj/Sources/ARDATATRANSFER_MediasDownloader.c.o
                0x00000000000057e0                ARDATATRANSFER_MediasDownloader_GetAvailableMediaAtIndex
 .text.ARDATATRANSFER_MediasDownloader_AddMediaToQueue
                0x0000000000005870      0x207 /home/david/drone_nav/out/arsdk-native/build/libARDataTransfer/obj/Sources/ARDATATRANSFER_MediasDownloader.c.o
                0x0000000000005870                ARDATATRANSFER_MediasDownloader_AddMediaToQueue
 *fill*         0x0000000000005a77        0x9 
 .text.ARDATATRANSFER_MediasDownloader_ResetQueueThread
                0x0000000000005a80       0x94 /home/david/drone_nav/out/arsdk-native/build/libARDataTransfer/obj/Sources/ARDATATRANSFER_MediasDownloader.c.o
                0x0000000000005a80                ARDATATRANSFER_MediasDownloader_ResetQueueThread
 *fill*         0x0000000000005b14        0xc 
 .text.ARDATATRANSFER_MediasDownloader_CancelQueueThread
                0x0000000000005b20       0xc4 /home/david/drone_nav/out/arsdk-native/build/libARDataTransfer/obj/Sources/ARDATATRANSFER_MediasDownloader.c.o
                0x0000000000005b20                ARDATATRANSFER_MediasDownloader_CancelQueueThread
 *fill*         0x0000000000005be4        0xc 
 .text.ARDATATRANSFER_MediasDownloader_ResetGetAvailableMedias
                0x0000000000005bf0       0x60 /home/david/drone_nav/out/arsdk-native/build/libARDataTransfer/obj/Sources/ARDATATRANSFER_MediasDownloader.c.o
                0x0000000000005bf0                ARDATATRANSFER_MediasDownloader_ResetGetAvailableMedias
 .text.ARDATATRANSFER_MediasDownloader_CancelGetAvailableMedias
                0x0000000000005c50       0x60 /home/david/drone_nav/out/arsdk-native/build/libARDataTransfer/obj/Sources/ARDATATRANSFER_MediasDownloader.c.o
                0x0000000000005c50                ARDATATRANSFER_MediasDownloader_CancelGetAvailableMedias
 .text.ARDATATRANSFER_MediasDownloader_Initialize
                0x0000000000005cb0      0x18e /home/david/drone_nav/out/arsdk-native/build/libARDataTransfer/obj/Sources/ARDATATRANSFER_MediasDownloader.c.o
                0x0000000000005cb0                ARDATATRANSFER_MediasDownloader_Initialize
 *fill*         0x0000000000005e3e        0x2 
 .text.ARDATATRANSFER_MediasDownloader_Clear
                0x0000000000005e40       0x48 /home/david/drone_nav/out/arsdk-native/build/libARDataTransfer/obj/Sources/ARDATATRANSFER_MediasDownloader.c.o
                0x0000000000005e40                ARDATATRANSFER_MediasDownloader_Clear
 *fill*         0x0000000000005e88        0x8 
 .text.ARDATATRANSFER_MediasDownloader_GetThumbnail
                0x0000000000005e90       0x8c /home/david/drone_nav/out/arsdk-native/build/libARDataTransfer/obj/Sources/ARDATATRANSFER_MediasDownloader.c.o
                0x0000000000005e90                ARDATATRANSFER_MediasDownloader_GetThumbnail
 *fill*         0x0000000000005f1c        0x4 
 .text.ARDATATRANSFER_MediasDownloader_DownloadMedia
                0x0000000000005f20      0x1d9 /home/david/drone_nav/out/arsdk-native/build/libARDataTransfer/obj/Sources/ARDATATRANSFER_MediasDownloader.c.o
                0x0000000000005f20                ARDATATRANSFER_MediasDownloader_DownloadMedia
 *fill*         0x00000000000060f9        0x7 
 .text.ARDATATRANSFER_MediasDownloader_QueueThreadRun
                0x0000000000006100      0x196 /home/david/drone_nav/out/arsdk-native/build/libARDataTransfer/obj/Sources/ARDATATRANSFER_MediasDownloader.c.o
                0x0000000000006100                ARDATATRANSFER_MediasDownloader_QueueThreadRun
 *fill*         0x0000000000006296        0xa 
 .text.ARDATATRANSFER_MediasDownloader_RemoveMediaFromMediaList
                0x00000000000062a0       0xf6 /home/david/drone_nav/out/arsdk-native/build/libARDataTransfer/obj/Sources/ARDATATRANSFER_MediasDownloader.c.o
                0x00000000000062a0                ARDATATRANSFER_MediasDownloader_RemoveMediaFromMediaList
 *fill*         0x0000000000006396        0xa 
 .text.ARDATATRANSFER_MediasDownloader_DeleteMedia
                0x00000000000063a0       0xc9 /home/david/drone_nav/out/arsdk-native/build/libARDataTransfer/obj/Sources/ARDATATRANSFER_MediasDownloader.c.o
                0x00000000000063a0                ARDATATRANSFER_MediasDownloader_DeleteMedia
 *fill*         0x0000000000006469        0x7 
 .text.ARDATATRANSFER_MediasDownloader_FreeMediaList
                0x0000000000006470       0xae /home/david/drone_nav/out/arsdk-native/build/libARDataTransfer/obj/Sources/ARDATATRANSFER_MediasDownloader.c.o
                0x0000000000006470                ARDATATRANSFER_MediasDownloader_FreeMediaList
 *fill*         0x000000000000651e        0x2 
 .text.ARDATATRANSFER_MediasDownloader_Delete
                0x0000000000006520       0xc9 /home/david/drone_nav/out/arsdk-native/build/libARDataTransfer/obj/Sources/ARDATATRANSFER_MediasDownloader.c.o
                0x0000000000006520                ARDATATRANSFER_MediasDownloader_Delete
 *fill*         0x00000000000065e9        0x7 
 .text.ARDATATRANSFER_MediasDownloader_New
                0x00000000000065f0      0x172 /home/david/drone_nav/out/arsdk-native/build/libARDataTransfer/obj/Sources/ARDATATRANSFER_MediasDownloader.c.o
                0x00000000000065f0                ARDATATRANSFER_MediasDownloader_New
 *fill*         0x0000000000006762        0xe 
 .text.ARDATATRANSFER_MediasDownloader_GetAvailableMediasSync
                0x0000000000006770     0x192b /home/david/drone_nav/out/arsdk-native/build/libARDataTransfer/obj/Sources/ARDATATRANSFER_MediasDownloader.c.o
                0x0000000000006770                ARDATATRANSFER_MediasDownloader_GetAvailableMediasSync
 *fill*         0x000000000000809b        0x5 
 .text.ARDATATRANSFER_MediasDownloader_GetAvailableMediasAsync
                0x00000000000080a0      0x21b /home/david/drone_nav/out/arsdk-native/build/libARDataTransfer/obj/Sources/ARDATATRANSFER_MediasDownloader.c.o
                0x00000000000080a0                ARDATATRANSFER_MediasDownloader_GetAvailableMediasAsync
 *fill*         0x00000000000082bb        0x5 
 .text.ARDATATRANSFER_MediasQueue_Delete
                0x00000000000082c0       0xc2 /home/david/drone_nav/out/arsdk-native/build/libARDataTransfer/obj/Sources/ARDATATRANSFER_MediasQueue.c.o
                0x00000000000082c0                ARDATATRANSFER_MediasQueue_Delete
 *fill*         0x0000000000008382        0xe 
 .text.ARDATATRANSFER_MediasQueue_New
                0x0000000000008390       0xb6 /home/david/drone_nav/out/arsdk-native/build/libARDataTransfer/obj/Sources/ARDATATRANSFER_MediasQueue.c.o
                0x0000000000008390                ARDATATRANSFER_MediasQueue_New
 *fill*         0x0000000000008446        0xa 
 .text.ARDATATRANSFER_MediasQueue_RemoveAll
                0x0000000000008450       0x9f /home/david/drone_nav/out/arsdk-native/build/libARDataTransfer/obj/Sources/ARDATATRANSFER_MediasQueue.c.o
                0x0000000000008450                ARDATATRANSFER_MediasQueue_RemoveAll
 *fill*         0x00000000000084ef        0x1 
 .text.ARDATATRANSFER_MediasQueue_Pop
                0x00000000000084f0       0xd5 /home/david/drone_nav/out/arsdk-native/build/libARDataTransfer/obj/Sources/ARDATATRANSFER_MediasQueue.c.o
                0x00000000000084f0                ARDATATRANSFER_MediasQueue_Pop
 *fill*         0x00000000000085c5        0xb 
 .text.ARDATATRANSFER_MediasQueue_GetFreeIndex
                0x00000000000085d0       0xc4 /home/david/drone_nav/out/arsdk-native/build/libARDataTransfer/obj/Sources/ARDATATRANSFER_MediasQueue.c.o
                0x00000000000085d0                ARDATATRANSFER_MediasQueue_GetFreeIndex
 *fill*         0x0000000000008694        0xc 
 .text.ARDATATRANSFER_MediasQueue_Add
                0x00000000000086a0       0xbf /home/david/drone_nav/out/arsdk-native/build/libARDataTransfer/obj/Sources/ARDATATRANSFER_MediasQueue.c.o
                0x00000000000086a0                ARDATATRANSFER_MediasQueue_Add
 *fill*         0x000000000000875f        0x1 
 .text.ARDATATRANSFER_Uploader_Ftp_ProgressCallback
                0x0000000000008760       0x22 /home/david/drone_nav/out/arsdk-native/build/libARDataTransfer/obj/Sources/ARDATATRANSFER_Uploader.c.o
                0x0000000000008760                ARDATATRANSFER_Uploader_Ftp_ProgressCallback
 *fill*         0x0000000000008782        0xe 
 .text.ARDATATRANSFER_Uploader_New
                0x0000000000008790      0x12b /home/david/drone_nav/out/arsdk-native/build/libARDataTransfer/obj/Sources/ARDATATRANSFER_Uploader.c.o
                0x0000000000008790                ARDATATRANSFER_Uploader_New
 *fill*         0x00000000000088bb        0x5 
 .text.ARDATATRANSFER_Uploader_Delete
                0x00000000000088c0       0x5f /home/david/drone_nav/out/arsdk-native/build/libARDataTransfer/obj/Sources/ARDATATRANSFER_Uploader.c.o
                0x00000000000088c0                ARDATATRANSFER_Uploader_Delete
 *fill*         0x000000000000891f        0x1 
 .text.ARDATATRANSFER_Uploader_ThreadRun
                0x0000000000008920       0xb4 /home/david/drone_nav/out/arsdk-native/build/libARDataTransfer/obj/Sources/ARDATATRANSFER_Uploader.c.o
                0x0000000000008920                ARDATATRANSFER_Uploader_ThreadRun
 *fill*         0x00000000000089d4        0xc 
 .text.ARDATATRANSFER_Uploader_CancelThread
                0x00000000000089e0       0x60 /home/david/drone_nav/out/arsdk-native/build/libARDataTransfer/obj/Sources/ARDATATRANSFER_Uploader.c.o
                0x00000000000089e0                ARDATATRANSFER_Uploader_CancelThread
 .text.ARDATATRANSFER_Uploader_Rename
                0x0000000000008a40       0x72 /home/david/drone_nav/out/arsdk-native/build/libARDataTransfer/obj/Sources/ARDATATRANSFER_Uploader.c.o
                0x0000000000008a40                ARDATATRANSFER_Uploader_Rename
 *fill*         0x0000000000008ab2        0xe 
 .text.ARDATATRANSFER_Error_ToString
                0x0000000000008ac0       0xd8 /home/david/drone_nav/out/arsdk-native/build/libARDataTransfer/obj/gen/Sources/ARDATATRANSFER_Error.c.o
                0x0000000000008ac0                ARDATATRANSFER_Error_ToString
 *(.gnu.warning)

.fini           0x0000000000008b98        0x9
 *(SORT(.fini))
 .fini          0x0000000000008b98        0x4 /usr/lib/gcc/x86_64-linux-gnu/5/../../../x86_64-linux-gnu/crti.o
                0x0000000000008b98                _fini
 .fini          0x0000000000008b9c        0x5 /usr/lib/gcc/x86_64-linux-gnu/5/../../../x86_64-linux-gnu/crtn.o
                [!provide]                        PROVIDE (__etext, .)
                [!provide]                        PROVIDE (_etext, .)
                [!provide]                        PROVIDE (etext, .)

.rodata         0x0000000000008bc0      0xcdf
 *(.rodata .rodata.* .gnu.linkonce.r.*)
 .rodata.str1.1
                0x0000000000008bc0       0xdb /home/david/drone_nav/out/arsdk-native/build/libARDataTransfer/obj/Sources/ARDATATRANSFER_DataDownloader.c.o
                                         0xf5 (size before relaxing)
 *fill*         0x0000000000008c9b        0x5 
 .rodata.str1.8
                0x0000000000008ca0       0x2a /home/david/drone_nav/out/arsdk-native/build/libARDataTransfer/obj/Sources/ARDATATRANSFER_DataDownloader.c.o
 *fill*         0x0000000000008cca       0x16 
 .rodata        0x0000000000008ce0      0x2a2 /home/david/drone_nav/out/arsdk-native/build/libARDataTransfer/obj/Sources/ARDATATRANSFER_DataDownloader.c.o
 *fill*         0x0000000000008f82        0x6 
 .rodata.cst8   0x0000000000008f88        0x8 /home/david/drone_nav/out/arsdk-native/build/libARDataTransfer/obj/Sources/ARDATATRANSFER_DataDownloader.c.o
 .rodata.cst4   0x0000000000008f90        0x4 /home/david/drone_nav/out/arsdk-native/build/libARDataTransfer/obj/Sources/ARDATATRANSFER_DataDownloader.c.o
 .rodata.str1.1
                0x0000000000008f94        0xb /home/david/drone_nav/out/arsdk-native/build/libARDataTransfer/obj/Sources/ARDATATRANSFER_Downloader.c.o
                                         0x1a (size before relaxing)
 *fill*         0x0000000000008f9f        0x1 
 .rodata        0x0000000000008fa0      0x14e /home/david/drone_nav/out/arsdk-native/build/libARDataTransfer/obj/Sources/ARDATATRANSFER_Downloader.c.o
 .rodata.str1.1
                0x00000000000090ee        0x8 /home/david/drone_nav/out/arsdk-native/build/libARDataTransfer/obj/Sources/ARDATATRANSFER_Manager.c.o
                                          0xc (size before relaxing)
 *fill*         0x00000000000090f6        0xa 
 .rodata        0x0000000000009100       0x3b /home/david/drone_nav/out/arsdk-native/build/libARDataTransfer/obj/Sources/ARDATATRANSFER_Manager.c.o
 .rodata.str1.1
                0x000000000000913b      0x104 /home/david/drone_nav/out/arsdk-native/build/libARDataTransfer/obj/Sources/ARDATATRANSFER_MediasDownloader.c.o
                                        0x13c (size before relaxing)
 *fill*         0x000000000000923f        0x1 
 .rodata.str1.8
                0x0000000000009240       0x28 /home/david/drone_nav/out/arsdk-native/build/libARDataTransfer/obj/Sources/ARDATATRANSFER_MediasDownloader.c.o
                                         0x23 (size before relaxing)
 *fill*         0x0000000000009268       0x18 
 .rodata        0x0000000000009280      0x364 /home/david/drone_nav/out/arsdk-native/build/libARDataTransfer/obj/Sources/ARDATATRANSFER_MediasDownloader.c.o
 .rodata.str1.1
                0x00000000000095e4       0x1a /home/david/drone_nav/out/arsdk-native/build/libARDataTransfer/obj/Sources/ARDATATRANSFER_MediasQueue.c.o
                                         0x1e (size before relaxing)
 *fill*         0x00000000000095fe        0x2 
 .rodata        0x0000000000009600       0xcf /home/david/drone_nav/out/arsdk-native/build/libARDataTransfer/obj/Sources/ARDATATRANSFER_MediasQueue.c.o
 .rodata.str1.1
                0x00000000000096cf        0x9 /home/david/drone_nav/out/arsdk-native/build/libARDataTransfer/obj/Sources/ARDATATRANSFER_Uploader.c.o
                                         0x18 (size before relaxing)
 *fill*         0x00000000000096d8        0x8 
 .rodata        0x00000000000096e0       0xcc /home/david/drone_nav/out/arsdk-native/build/libARDataTransfer/obj/Sources/ARDATATRANSFER_Uploader.c.o
 .rodata.str1.1
                0x00000000000097ac       0xf3 /home/david/drone_nav/out/arsdk-native/build/libARDataTransfer/obj/gen/Sources/ARDATATRANSFER_Error.c.o

.rodata1
 *(.rodata1)

.eh_frame_hdr   0x00000000000098a0      0x1d4
 *(.eh_frame_hdr)
 .eh_frame_hdr  0x00000000000098a0      0x1d4 /home/david/drone_nav/out/arsdk-native/build/libARDataTransfer/obj/Sources/ARDATATRANSFER_DataDownloader.c.o
                0x00000000000098a0                __GNU_EH_FRAME_HDR
 *(.eh_frame_entry .eh_frame_entry.*)

.eh_frame       0x0000000000009a78      0xdb4
 *(.eh_frame)
 .eh_frame      0x0000000000009a78       0x40 /usr/lib/gcc/x86_64-linux-gnu/5/../../../x86_64-linux-gnu/crti.o
 .eh_frame      0x0000000000009ab8      0x470 /home/david/drone_nav/out/arsdk-native/build/libARDataTransfer/obj/Sources/ARDATATRANSFER_DataDownloader.c.o
                                        0x468 (size before relaxing)
 .eh_frame      0x0000000000009f28      0x118 /home/david/drone_nav/out/arsdk-native/build/libARDataTransfer/obj/Sources/ARDATATRANSFER_Downloader.c.o
                                        0x128 (size before relaxing)
 .eh_frame      0x000000000000a040       0x48 /home/david/drone_nav/out/arsdk-native/build/libARDataTransfer/obj/Sources/ARDATATRANSFER_Manager.c.o
                                         0x58 (size before relaxing)
 .eh_frame      0x000000000000a088      0x508 /home/david/drone_nav/out/arsdk-native/build/libARDataTransfer/obj/Sources/ARDATATRANSFER_MediasDownloader.c.o
                                        0x4e8 (size before relaxing)
 .eh_frame      0x000000000000a590      0x170 /home/david/drone_nav/out/arsdk-native/build/libARDataTransfer/obj/Sources/ARDATATRANSFER_MediasQueue.c.o
                                        0x178 (size before relaxing)
 .eh_frame      0x000000000000a700      0x110 /home/david/drone_nav/out/arsdk-native/build/libARDataTransfer/obj/Sources/ARDATATRANSFER_Uploader.c.o
                                        0x118 (size before relaxing)
 .eh_frame      0x000000000000a810       0x18 /home/david/drone_nav/out/arsdk-native/build/libARDataTransfer/obj/gen/Sources/ARDATATRANSFER_Error.c.o
                                         0x30 (size before relaxing)
 .eh_frame      0x000000000000a828        0x4 /usr/lib/gcc/x86_64-linux-gnu/5/crtendS.o
 *(.eh_frame.*)

.gcc_except_table
 *(.gcc_except_table .gcc_except_table.*)

.gnu_extab
 *(.gnu_extab*)

.exception_ranges
 *(.exception_ranges .exception_ranges*)
                0x000000000020ad98                . = DATA_SEGMENT_ALIGN (0x200000, 0x1000)

.eh_frame
 *(.eh_frame)
 *(.eh_frame.*)

.gnu_extab
 *(.gnu_extab)

.gcc_except_table
 *(.gcc_except_table .gcc_except_table.*)

.exception_ranges
 *(.exception_ranges .exception_ranges*)

.tdata
 *(.tdata .tdata.* .gnu.linkonce.td.*)

.tbss
 *(.tbss .tbss.* .gnu.linkonce.tb.*)
 *(.tcommon)

.preinit_array
 *(.preinit_array)

.init_array     0x000000000020ad98        0x8
 *(SORT(.init_array.*) SORT(.ctors.*))
 *(.init_array EXCLUDE_FILE(*crtend?.o *crtend.o *crtbegin?.o *crtbegin.o) .ctors)
 .init_array    0x000000000020ad98        0x8 /usr/lib/gcc/x86_64-linux-gnu/5/crtbeginS.o

.fini_array     0x000000000020ada0        0x8
 *(SORT(.fini_array.*) SORT(.dtors.*))
 *(.fini_array EXCLUDE_FILE(*crtend?.o *crtend.o *crtbegin?.o *crtbegin.o) .dtors)
 .fini_array    0x000000000020ada0        0x8 /usr/lib/gcc/x86_64-linux-gnu/5/crtbeginS.o

.ctors
 *crtbegin.o(.ctors)
 *crtbegin?.o(.ctors)
 *(EXCLUDE_FILE(*crtend?.o *crtend.o) .ctors)
 *(SORT(.ctors.*))
 *(.ctors)

.dtors
 *crtbegin.o(.dtors)
 *crtbegin?.o(.dtors)
 *(EXCLUDE_FILE(*crtend?.o *crtend.o) .dtors)
 *(SORT(.dtors.*))
 *(.dtors)

.jcr            0x000000000020ada8        0x8
 *(.jcr)
 .jcr           0x000000000020ada8        0x0 /usr/lib/gcc/x86_64-linux-gnu/5/crtbeginS.o
 .jcr           0x000000000020ada8        0x8 /usr/lib/gcc/x86_64-linux-gnu/5/crtendS.o

.data.rel.ro
 *(.data.rel.ro.local* .gnu.linkonce.d.rel.ro.local.*)
 *(.data.rel.ro .data.rel.ro.* .gnu.linkonce.d.rel.ro.*)

.dynamic        0x000000000020adb0      0x210
 *(.dynamic)
 .dynamic       0x000000000020adb0      0x210 /usr/lib/gcc/x86_64-linux-gnu/5/../../../x86_64-linux-gnu/crti.o
                0x000000000020adb0                _DYNAMIC

.got            0x000000000020afc0       0x40
 *(.got)
 .got           0x000000000020afc0       0x40 /usr/lib/gcc/x86_64-linux-gnu/5/../../../x86_64-linux-gnu/crti.o
 *(.igot)
                0x000000000020bfe8                . = DATA_SEGMENT_RELRO_END (., (SIZEOF (.got.plt) >= 0x18)?0x18:0x0)

.got.plt        0x000000000020b000      0x290
 *(.got.plt)
 .got.plt       0x000000000020b000      0x290 /usr/lib/gcc/x86_64-linux-gnu/5/../../../x86_64-linux-gnu/crti.o
                0x000000000020b000                _GLOBAL_OFFSET_TABLE_
 *(.igot.plt)

.data           0x000000000020b290        0x8
 *(.data .data.* .gnu.linkonce.d.*)
 .data.rel.local
                0x000000000020b290        0x8 /usr/lib/gcc/x86_64-linux-gnu/5/crtbeginS.o
                0x000000000020b290                __dso_handle

.tm_clone_table
                0x000000000020b298        0x0
 .tm_clone_table
                0x000000000020b298        0x0 /usr/lib/gcc/x86_64-linux-gnu/5/crtbeginS.o
 .tm_clone_table
                0x000000000020b298        0x0 /usr/lib/gcc/x86_64-linux-gnu/5/crtendS.o

.data1
 *(.data1)
                0x000000000020b298                _edata = .
                [!provide]                        PROVIDE (edata, .)
                0x000000000020b298                . = .
                0x000000000020b298                __bss_start = .

.bss            0x000000000020b2a0      0x130
 *(.dynbss)
 .dynbss        0x000000000020b2a0        0x0 /usr/lib/gcc/x86_64-linux-gnu/5/../../../x86_64-linux-gnu/crti.o
 *(.bss .bss.* .gnu.linkonce.b.*)
 .bss           0x000000000020b2a0        0x1 /usr/lib/gcc/x86_64-linux-gnu/5/crtbeginS.o
 *fill*         0x000000000020b2a1       0x1f 
 .bss           0x000000000020b2c0      0x110 /home/david/drone_nav/out/arsdk-native/build/libARDataTransfer/obj/Sources/ARDATATRANSFER_DataDownloader.c.o
 *(COMMON)
                0x000000000020b3d0                . = ALIGN ((. != 0x0)?0x8:0x1)

.lbss
 *(.dynlbss)
 *(.lbss .lbss.* .gnu.linkonce.lb.*)
 *(LARGE_COMMON)
                0x000000000020b3d0                . = ALIGN (0x8)
                0x000000000020b3d0                . = SEGMENT_START ("ldata-segment", .)

.lrodata
 *(.lrodata .lrodata.* .gnu.linkonce.lr.*)

.ldata          0x000000000060b3d0        0x0
 *(.ldata .ldata.* .gnu.linkonce.l.*)
                0x000000000060b3d0                . = ALIGN ((. != 0x0)?0x8:0x1)
                0x000000000060b3d0                . = ALIGN (0x8)
                0x000000000060b3d0                _end = .
                [!provide]                        PROVIDE (end, .)
                0x000000000060b3d0                . = DATA_SEGMENT_END (.)

.stab
 *(.stab)

.stabstr
 *(.stabstr)

.stab.excl
 *(.stab.excl)

.stab.exclstr
 *(.stab.exclstr)

.stab.index
 *(.stab.index)

.stab.indexstr
 *(.stab.indexstr)

.comment        0x0000000000000000       0x34
 *(.comment)
 .comment       0x0000000000000000       0x34 /usr/lib/gcc/x86_64-linux-gnu/5/crtbeginS.o
                                         0x35 (size before relaxing)
 .comment       0x0000000000000034       0x35 /home/david/drone_nav/out/arsdk-native/build/libARDataTransfer/obj/Sources/ARDATATRANSFER_DataDownloader.c.o
 .comment       0x0000000000000034       0x35 /home/david/drone_nav/out/arsdk-native/build/libARDataTransfer/obj/Sources/ARDATATRANSFER_Downloader.c.o
 .comment       0x0000000000000034       0x35 /home/david/drone_nav/out/arsdk-native/build/libARDataTransfer/obj/Sources/ARDATATRANSFER_Manager.c.o
 .comment       0x0000000000000034       0x35 /home/david/drone_nav/out/arsdk-native/build/libARDataTransfer/obj/Sources/ARDATATRANSFER_MediasDownloader.c.o
 .comment       0x0000000000000034       0x35 /home/david/drone_nav/out/arsdk-native/build/libARDataTransfer/obj/Sources/ARDATATRANSFER_MediasQueue.c.o
 .comment       0x0000000000000034       0x35 /home/david/drone_nav/out/arsdk-native/build/libARDataTransfer/obj/Sources/ARDATATRANSFER_Uploader.c.o
 .comment       0x0000000000000034       0x35 /home/david/drone_nav/out/arsdk-native/build/libARDataTransfer/obj/gen/Sources/ARDATATRANSFER_Error.c.o
 .comment       0x0000000000000034       0x35 /usr/lib/gcc/x86_64-linux-gnu/5/crtendS.o

.debug
 *(.debug)

.line
 *(.line)

.debug_srcinfo
 *(.debug_srcinfo)

.debug_sfnames
 *(.debug_sfnames)

.debug_aranges  0x0000000000000000      0x460
 *(.debug_aranges)
 .debug_aranges
                0x0000000000000000      0x120 /home/david/drone_nav/out/arsdk-native/build/libARDataTransfer/obj/Sources/ARDATATRANSFER_DataDownloader.c.o
 .debug_aranges
                0x0000000000000120       0x80 /home/david/drone_nav/out/arsdk-native/build/libARDataTransfer/obj/Sources/ARDATATRANSFER_Downloader.c.o
 .debug_aranges
                0x00000000000001a0       0x40 /home/david/drone_nav/out/arsdk-native/build/libARDataTransfer/obj/Sources/ARDATATRANSFER_Manager.c.o
 .debug_aranges
                0x00000000000001e0      0x150 /home/david/drone_nav/out/arsdk-native/build/libARDataTransfer/obj/Sources/ARDATATRANSFER_MediasDownloader.c.o
 .debug_aranges
                0x0000000000000330       0x80 /home/david/drone_nav/out/arsdk-native/build/libARDataTransfer/obj/Sources/ARDATATRANSFER_MediasQueue.c.o
 .debug_aranges
                0x00000000000003b0       0x80 /home/david/drone_nav/out/arsdk-native/build/libARDataTransfer/obj/Sources/ARDATATRANSFER_Uploader.c.o
 .debug_aranges
                0x0000000000000430       0x30 /home/david/drone_nav/out/arsdk-native/build/libARDataTransfer/obj/gen/Sources/ARDATATRANSFER_Error.c.o

.debug_pubnames
 *(.debug_pubnames)

.debug_info     0x0000000000000000     0xd3fc
 *(.debug_info .gnu.linkonce.wi.*)
 .debug_info    0x0000000000000000     0x41f4 /home/david/drone_nav/out/arsdk-native/build/libARDataTransfer/obj/Sources/ARDATATRANSFER_DataDownloader.c.o
 .debug_info    0x00000000000041f4     0x14b8 /home/david/drone_nav/out/arsdk-native/build/libARDataTransfer/obj/Sources/ARDATATRANSFER_Downloader.c.o
 .debug_info    0x00000000000056ac      0xfca /home/david/drone_nav/out/arsdk-native/build/libARDataTransfer/obj/Sources/ARDATATRANSFER_Manager.c.o
 .debug_info    0x0000000000006676     0x4b12 /home/david/drone_nav/out/arsdk-native/build/libARDataTransfer/obj/Sources/ARDATATRANSFER_MediasDownloader.c.o
 .debug_info    0x000000000000b188      0xd4c /home/david/drone_nav/out/arsdk-native/build/libARDataTransfer/obj/Sources/ARDATATRANSFER_MediasQueue.c.o
 .debug_info    0x000000000000bed4     0x144b /home/david/drone_nav/out/arsdk-native/build/libARDataTransfer/obj/Sources/ARDATATRANSFER_Uploader.c.o
 .debug_info    0x000000000000d31f       0xdd /home/david/drone_nav/out/arsdk-native/build/libARDataTransfer/obj/gen/Sources/ARDATATRANSFER_Error.c.o

.debug_abbrev   0x0000000000000000     0x1218
 *(.debug_abbrev)
 .debug_abbrev  0x0000000000000000      0x40b /home/david/drone_nav/out/arsdk-native/build/libARDataTransfer/obj/Sources/ARDATATRANSFER_DataDownloader.c.o
 .debug_abbrev  0x000000000000040b      0x298 /home/david/drone_nav/out/arsdk-native/build/libARDataTransfer/obj/Sources/ARDATATRANSFER_Downloader.c.o
 .debug_abbrev  0x00000000000006a3      0x219 /home/david/drone_nav/out/arsdk-native/build/libARDataTransfer/obj/Sources/ARDATATRANSFER_Manager.c.o
 .debug_abbrev  0x00000000000008bc      0x3f0 /home/david/drone_nav/out/arsdk-native/build/libARDataTransfer/obj/Sources/ARDATATRANSFER_MediasDownloader.c.o
 .debug_abbrev  0x0000000000000cac      0x241 /home/david/drone_nav/out/arsdk-native/build/libARDataTransfer/obj/Sources/ARDATATRANSFER_MediasQueue.c.o
 .debug_abbrev  0x0000000000000eed      0x298 /home/david/drone_nav/out/arsdk-native/build/libARDataTransfer/obj/Sources/ARDATATRANSFER_Uploader.c.o
 .debug_abbrev  0x0000000000001185       0x93 /home/david/drone_nav/out/arsdk-native/build/libARDataTransfer/obj/gen/Sources/ARDATATRANSFER_Error.c.o

.debug_line     0x0000000000000000     0x345e
 *(.debug_line .debug_line.* .debug_line_end)
 .debug_line    0x0000000000000000     0x1047 /home/david/drone_nav/out/arsdk-native/build/libARDataTransfer/obj/Sources/ARDATATRANSFER_DataDownloader.c.o
 .debug_line    0x0000000000001047      0x51b /home/david/drone_nav/out/arsdk-native/build/libARDataTransfer/obj/Sources/ARDATATRANSFER_Downloader.c.o
 .debug_line    0x0000000000001562      0x438 /home/david/drone_nav/out/arsdk-native/build/libARDataTransfer/obj/Sources/ARDATATRANSFER_Manager.c.o
 .debug_line    0x000000000000199a     0x10dd /home/david/drone_nav/out/arsdk-native/build/libARDataTransfer/obj/Sources/ARDATATRANSFER_MediasDownloader.c.o
 .debug_line    0x0000000000002a77      0x3bf /home/david/drone_nav/out/arsdk-native/build/libARDataTransfer/obj/Sources/ARDATATRANSFER_MediasQueue.c.o
 .debug_line    0x0000000000002e36      0x510 /home/david/drone_nav/out/arsdk-native/build/libARDataTransfer/obj/Sources/ARDATATRANSFER_Uploader.c.o
 .debug_line    0x0000000000003346      0x118 /home/david/drone_nav/out/arsdk-native/build/libARDataTransfer/obj/gen/Sources/ARDATATRANSFER_Error.c.o

.debug_frame
 *(.debug_frame)

.debug_str      0x0000000000000000     0x2a55
 *(.debug_str)
 .debug_str     0x0000000000000000     0x1e11 /home/david/drone_nav/out/arsdk-native/build/libARDataTransfer/obj/Sources/ARDATATRANSFER_DataDownloader.c.o
                                       0x1ed2 (size before relaxing)
 .debug_str     0x0000000000001e11      0x14f /home/david/drone_nav/out/arsdk-native/build/libARDataTransfer/obj/Sources/ARDATATRANSFER_Downloader.c.o
                                       0x15cb (size before relaxing)
 .debug_str     0x0000000000001f60       0x8f /home/david/drone_nav/out/arsdk-native/build/libARDataTransfer/obj/Sources/ARDATATRANSFER_Manager.c.o
                                       0x14ac (size before relaxing)
 .debug_str     0x0000000000001fef      0x85d /home/david/drone_nav/out/arsdk-native/build/libARDataTransfer/obj/Sources/ARDATATRANSFER_MediasDownloader.c.o
                                       0x1ed7 (size before relaxing)
 .debug_str     0x000000000000284c       0x72 /home/david/drone_nav/out/arsdk-native/build/libARDataTransfer/obj/Sources/ARDATATRANSFER_MediasQueue.c.o
                                        0xbbf (size before relaxing)
 .debug_str     0x00000000000028be      0x13b /home/david/drone_nav/out/arsdk-native/build/libARDataTransfer/obj/Sources/ARDATATRANSFER_Uploader.c.o
                                       0x15cd (size before relaxing)
 .debug_str     0x00000000000029f9       0x5c /home/david/drone_nav/out/arsdk-native/build/libARDataTransfer/obj/gen/Sources/ARDATATRANSFER_Error.c.o
                                        0x299 (size before relaxing)

.debug_loc      0x0000000000000000     0xb77a
 *(.debug_loc)
 .debug_loc     0x0000000000000000     0x3ed3 /home/david/drone_nav/out/arsdk-native/build/libARDataTransfer/obj/Sources/ARDATATRANSFER_DataDownloader.c.o
 .debug_loc     0x0000000000003ed3      0x7e6 /home/david/drone_nav/out/arsdk-native/build/libARDataTransfer/obj/Sources/ARDATATRANSFER_Downloader.c.o
 .debug_loc     0x00000000000046b9      0x108 /home/david/drone_nav/out/arsdk-native/build/libARDataTransfer/obj/Sources/ARDATATRANSFER_Manager.c.o
 .debug_loc     0x00000000000047c1     0x5edd /home/david/drone_nav/out/arsdk-native/build/libARDataTransfer/obj/Sources/ARDATATRANSFER_MediasDownloader.c.o
 .debug_loc     0x000000000000a69e      0x8e5 /home/david/drone_nav/out/arsdk-native/build/libARDataTransfer/obj/Sources/ARDATATRANSFER_MediasQueue.c.o
 .debug_loc     0x000000000000af83      0x7f7 /home/david/drone_nav/out/arsdk-native/build/libARDataTransfer/obj/Sources/ARDATATRANSFER_Uploader.c.o

.debug_macinfo
 *(.debug_macinfo)

.debug_weaknames
 *(.debug_weaknames)

.debug_funcnames
 *(.debug_funcnames)

.debug_typenames
 *(.debug_typenames)

.debug_varnames
 *(.debug_varnames)

.debug_pubtypes
 *(.debug_pubtypes)

.debug_ranges   0x0000000000000000     0x2030
 *(.debug_ranges)
 .debug_ranges  0x0000000000000000      0xf80 /home/david/drone_nav/out/arsdk-native/build/libARDataTransfer/obj/Sources/ARDATATRANSFER_DataDownloader.c.o
 .debug_ranges  0x0000000000000f80       0xd0 /home/david/drone_nav/out/arsdk-native/build/libARDataTransfer/obj/Sources/ARDATATRANSFER_Downloader.c.o
 .debug_ranges  0x0000000000001050       0x30 /home/david/drone_nav/out/arsdk-native/build/libARDataTransfer/obj/Sources/ARDATATRANSFER_Manager.c.o
 .debug_ranges  0x0000000000001080      0xe50 /home/david/drone_nav/out/arsdk-native/build/libARDataTransfer/obj/Sources/ARDATATRANSFER_MediasDownloader.c.o
 .debug_ranges  0x0000000000001ed0       0x70 /home/david/drone_nav/out/arsdk-native/build/libARDataTransfer/obj/Sources/ARDATATRANSFER_MediasQueue.c.o
 .debug_ranges  0x0000000000001f40       0xd0 /home/david/drone_nav/out/arsdk-native/build/libARDataTransfer/obj/Sources/ARDATATRANSFER_Uploader.c.o
 .debug_ranges  0x0000000000002010       0x20 /home/david/drone_nav/out/arsdk-native/build/libARDataTransfer/obj/gen/Sources/ARDATATRANSFER_Error.c.o

.debug_macro
 *(.debug_macro)

.gnu.attributes
 *(.gnu.attributes)

/DISCARD/
 *(.note.GNU-stack)
 *(.gnu_debuglink)
 *(.gnu.lto_*)
OUTPUT(out/arsdk-native/build/libARDataTransfer/libardatatransfer.so elf64-x86-64)
