
As-needed library included to satisfy reference by file (symbol)

libulog.so                    /home/david/drone_nav/out/arsdk-native/build/libsdp/obj/src/sdp.c.o (ulog_log_write)
libc.so.6                     /home/david/drone_nav/out/arsdk-native/build/libsdp/obj/src/sdp.c.o (__strdup@@GLIBC_2.2.5)

Discarded input sections

 .text          0x0000000000000000        0x0 /usr/lib/gcc/x86_64-linux-gnu/5/../../../x86_64-linux-gnu/crti.o
 .data          0x0000000000000000        0x0 /usr/lib/gcc/x86_64-linux-gnu/5/../../../x86_64-linux-gnu/crti.o
 .bss           0x0000000000000000        0x0 /usr/lib/gcc/x86_64-linux-gnu/5/../../../x86_64-linux-gnu/crti.o
 .note.GNU-stack
                0x0000000000000000        0x0 /usr/lib/gcc/x86_64-linux-gnu/5/../../../x86_64-linux-gnu/crti.o
 .data          0x0000000000000000        0x0 /usr/lib/gcc/x86_64-linux-gnu/5/crtbeginS.o
 .text.unlikely
                0x0000000000000000        0x0 /usr/lib/gcc/x86_64-linux-gnu/5/crtbeginS.o
 .note.GNU-stack
                0x0000000000000000        0x0 /usr/lib/gcc/x86_64-linux-gnu/5/crtbeginS.o
 .text          0x0000000000000000        0x0 /home/david/drone_nav/out/arsdk-native/build/libsdp/obj/src/sdp.c.o
 .data          0x0000000000000000        0x0 /home/david/drone_nav/out/arsdk-native/build/libsdp/obj/src/sdp.c.o
 .bss           0x0000000000000000        0x0 /home/david/drone_nav/out/arsdk-native/build/libsdp/obj/src/sdp.c.o
 .text.unlikely.sdp_sprintf
                0x0000000000000000        0x0 /home/david/drone_nav/out/arsdk-native/build/libsdp/obj/src/sdp.c.o
 .text.unlikely.sdp_rtcp_xr_attr_write
                0x0000000000000000        0x0 /home/david/drone_nav/out/arsdk-native/build/libsdp/obj/src/sdp.c.o
 .text.unlikely.sdp_rtcp_xr_attr_read
                0x0000000000000000        0x0 /home/david/drone_nav/out/arsdk-native/build/libsdp/obj/src/sdp.c.o
 .text.unlikely.sdp_session_new
                0x0000000000000000        0x0 /home/david/drone_nav/out/arsdk-native/build/libsdp/obj/src/sdp.c.o
 .text.unlikely.sdp_session_attr_add
                0x0000000000000000        0x0 /home/david/drone_nav/out/arsdk-native/build/libsdp/obj/src/sdp.c.o
 .text.unlikely.sdp_session_attr_remove
                0x0000000000000000        0x0 /home/david/drone_nav/out/arsdk-native/build/libsdp/obj/src/sdp.c.o
 .text.unlikely.sdp_session_media_add
                0x0000000000000000        0x0 /home/david/drone_nav/out/arsdk-native/build/libsdp/obj/src/sdp.c.o
 .text.unlikely.sdp_media_attr_add
                0x0000000000000000        0x0 /home/david/drone_nav/out/arsdk-native/build/libsdp/obj/src/sdp.c.o
 .text.unlikely.sdp_media_attr_remove
                0x0000000000000000        0x0 /home/david/drone_nav/out/arsdk-native/build/libsdp/obj/src/sdp.c.o
 .text.unlikely.sdp_session_media_remove
                0x0000000000000000        0x0 /home/david/drone_nav/out/arsdk-native/build/libsdp/obj/src/sdp.c.o
 .text.unlikely.sdp_session_destroy
                0x0000000000000000        0x0 /home/david/drone_nav/out/arsdk-native/build/libsdp/obj/src/sdp.c.o
 .text.unlikely.sdp_description_write
                0x0000000000000000        0x0 /home/david/drone_nav/out/arsdk-native/build/libsdp/obj/src/sdp.c.o
 .text.unlikely.sdp_description_read
                0x0000000000000000        0x0 /home/david/drone_nav/out/arsdk-native/build/libsdp/obj/src/sdp.c.o
 .note.GNU-stack
                0x0000000000000000        0x0 /home/david/drone_nav/out/arsdk-native/build/libsdp/obj/src/sdp.c.o
 .text          0x0000000000000000        0x0 /home/david/drone_nav/out/arsdk-native/build/libsdp/obj/src/sdp_base64.c.o
 .data          0x0000000000000000        0x0 /home/david/drone_nav/out/arsdk-native/build/libsdp/obj/src/sdp_base64.c.o
 .bss           0x0000000000000000        0x0 /home/david/drone_nav/out/arsdk-native/build/libsdp/obj/src/sdp_base64.c.o
 .text.unlikely.sdp_base64_encode
                0x0000000000000000        0x0 /home/david/drone_nav/out/arsdk-native/build/libsdp/obj/src/sdp_base64.c.o
 .text.unlikely.sdp_base64_decode
                0x0000000000000000        0x0 /home/david/drone_nav/out/arsdk-native/build/libsdp/obj/src/sdp_base64.c.o
 .note.GNU-stack
                0x0000000000000000        0x0 /home/david/drone_nav/out/arsdk-native/build/libsdp/obj/src/sdp_base64.c.o
 .text          0x0000000000000000        0x0 /home/david/drone_nav/out/arsdk-native/build/libsdp/obj/src/sdp_log.c.o
 .data          0x0000000000000000        0x0 /home/david/drone_nav/out/arsdk-native/build/libsdp/obj/src/sdp_log.c.o
 .bss           0x0000000000000000        0x0 /home/david/drone_nav/out/arsdk-native/build/libsdp/obj/src/sdp_log.c.o
 .note.GNU-stack
                0x0000000000000000        0x0 /home/david/drone_nav/out/arsdk-native/build/libsdp/obj/src/sdp_log.c.o
 .text          0x0000000000000000        0x0 /usr/lib/gcc/x86_64-linux-gnu/5/crtendS.o
 .data          0x0000000000000000        0x0 /usr/lib/gcc/x86_64-linux-gnu/5/crtendS.o
 .bss           0x0000000000000000        0x0 /usr/lib/gcc/x86_64-linux-gnu/5/crtendS.o
 .note.GNU-stack
                0x0000000000000000        0x0 /usr/lib/gcc/x86_64-linux-gnu/5/crtendS.o
 .text          0x0000000000000000        0x0 /usr/lib/gcc/x86_64-linux-gnu/5/../../../x86_64-linux-gnu/crtn.o
 .data          0x0000000000000000        0x0 /usr/lib/gcc/x86_64-linux-gnu/5/../../../x86_64-linux-gnu/crtn.o
 .bss           0x0000000000000000        0x0 /usr/lib/gcc/x86_64-linux-gnu/5/../../../x86_64-linux-gnu/crtn.o
 .note.GNU-stack
                0x0000000000000000        0x0 /usr/lib/gcc/x86_64-linux-gnu/5/../../../x86_64-linux-gnu/crtn.o

Memory Configuration

Name             Origin             Length             Attributes
*default*        0x0000000000000000 0xffffffffffffffff

Linker script and memory map

LOAD /usr/lib/gcc/x86_64-linux-gnu/5/../../../x86_64-linux-gnu/crti.o
LOAD /usr/lib/gcc/x86_64-linux-gnu/5/crtbeginS.o
LOAD /home/david/drone_nav/out/arsdk-native/build/libsdp/obj/src/sdp.c.o
LOAD /home/david/drone_nav/out/arsdk-native/build/libsdp/obj/src/sdp_base64.c.o
LOAD /home/david/drone_nav/out/arsdk-native/build/libsdp/obj/src/sdp_log.c.o
LOAD /home/david/drone_nav/out/arsdk-native/staging/usr/lib/libfutils.so
LOAD /home/david/drone_nav/out/arsdk-native/staging/usr/lib/libulog.so
LOAD /usr/lib/gcc/x86_64-linux-gnu/5/../../../x86_64-linux-gnu/librt.so
LOAD /usr/lib/gcc/x86_64-linux-gnu/5/libstdc++.so
LOAD /usr/lib/gcc/x86_64-linux-gnu/5/../../../x86_64-linux-gnu/libm.so
START GROUP
LOAD /lib/x86_64-linux-gnu/libm.so.6
LOAD /usr/lib/x86_64-linux-gnu/libmvec_nonshared.a
LOAD /lib/x86_64-linux-gnu/libmvec.so.1
END GROUP
LOAD /usr/lib/gcc/x86_64-linux-gnu/5/libgcc_s.so
LOAD /usr/lib/gcc/x86_64-linux-gnu/5/../../../x86_64-linux-gnu/libpthread.so
START GROUP
LOAD /lib/x86_64-linux-gnu/libpthread.so.0
LOAD /usr/lib/x86_64-linux-gnu/libpthread_nonshared.a
END GROUP
LOAD /usr/lib/gcc/x86_64-linux-gnu/5/../../../x86_64-linux-gnu/libc.so
START GROUP
LOAD /lib/x86_64-linux-gnu/libc.so.6
LOAD /usr/lib/x86_64-linux-gnu/libc_nonshared.a
LOAD /lib/x86_64-linux-gnu/ld-linux-x86-64.so.2
END GROUP
LOAD /usr/lib/gcc/x86_64-linux-gnu/5/libgcc_s.so
LOAD /usr/lib/gcc/x86_64-linux-gnu/5/crtendS.o
LOAD /usr/lib/gcc/x86_64-linux-gnu/5/../../../x86_64-linux-gnu/crtn.o
                0x00000000000001c8                . = (0x0 + SIZEOF_HEADERS)

.note.gnu.build-id
                0x00000000000001c8       0x24
 *(.note.gnu.build-id)
 .note.gnu.build-id
                0x00000000000001c8       0x24 /usr/lib/gcc/x86_64-linux-gnu/5/../../../x86_64-linux-gnu/crti.o

.hash
 *(.hash)

.gnu.hash       0x00000000000001f0       0x68
 *(.gnu.hash)
 .gnu.hash      0x00000000000001f0       0x68 /usr/lib/gcc/x86_64-linux-gnu/5/../../../x86_64-linux-gnu/crti.o

.dynsym         0x0000000000000258      0x3d8
 *(.dynsym)
 .dynsym        0x0000000000000258      0x3d8 /usr/lib/gcc/x86_64-linux-gnu/5/../../../x86_64-linux-gnu/crti.o

.dynstr         0x0000000000000630      0x28a
 *(.dynstr)
 .dynstr        0x0000000000000630      0x28a /usr/lib/gcc/x86_64-linux-gnu/5/../../../x86_64-linux-gnu/crti.o

.gnu.version    0x00000000000008ba       0x52
 *(.gnu.version)
 .gnu.version   0x00000000000008ba       0x52 /usr/lib/gcc/x86_64-linux-gnu/5/../../../x86_64-linux-gnu/crti.o

.gnu.version_d  0x0000000000000910        0x0
 *(.gnu.version_d)
 .gnu.version_d
                0x0000000000000910        0x0 /usr/lib/gcc/x86_64-linux-gnu/5/../../../x86_64-linux-gnu/crti.o

.gnu.version_r  0x0000000000000910       0x50
 *(.gnu.version_r)
 .gnu.version_r
                0x0000000000000910       0x50 /usr/lib/gcc/x86_64-linux-gnu/5/../../../x86_64-linux-gnu/crti.o

.rela.dyn       0x0000000000000960      0x228
 *(.rela.init)
 *(.rela.text .rela.text.* .rela.gnu.linkonce.t.*)
 .rela.text     0x0000000000000960        0x0 /usr/lib/gcc/x86_64-linux-gnu/5/../../../x86_64-linux-gnu/crti.o
 *(.rela.fini)
 *(.rela.rodata .rela.rodata.* .rela.gnu.linkonce.r.*)
 *(.rela.data .rela.data.* .rela.gnu.linkonce.d.*)
 .rela.data.rel.local
                0x0000000000000960       0x30 /usr/lib/gcc/x86_64-linux-gnu/5/../../../x86_64-linux-gnu/crti.o
 .rela.data.rel.ro.local
                0x0000000000000990      0x138 /usr/lib/gcc/x86_64-linux-gnu/5/../../../x86_64-linux-gnu/crti.o
 *(.rela.tdata .rela.tdata.* .rela.gnu.linkonce.td.*)
 *(.rela.tbss .rela.tbss.* .rela.gnu.linkonce.tb.*)
 *(.rela.ctors)
 *(.rela.dtors)
 *(.rela.got)
 .rela.got      0x0000000000000ac8       0x90 /usr/lib/gcc/x86_64-linux-gnu/5/../../../x86_64-linux-gnu/crti.o
 *(.rela.bss .rela.bss.* .rela.gnu.linkonce.b.*)
 *(.rela.ldata .rela.ldata.* .rela.gnu.linkonce.l.*)
 *(.rela.lbss .rela.lbss.* .rela.gnu.linkonce.lb.*)
 *(.rela.lrodata .rela.lrodata.* .rela.gnu.linkonce.lr.*)
 *(.rela.ifunc)
 .rela.ifunc    0x0000000000000b58        0x0 /usr/lib/gcc/x86_64-linux-gnu/5/../../../x86_64-linux-gnu/crti.o
 .rela.fini_array
                0x0000000000000b58       0x18 /usr/lib/gcc/x86_64-linux-gnu/5/../../../x86_64-linux-gnu/crti.o
 .rela.init_array
                0x0000000000000b70       0x18 /usr/lib/gcc/x86_64-linux-gnu/5/../../../x86_64-linux-gnu/crti.o

.rela.plt       0x0000000000000b88      0x258
 *(.rela.plt)
 .rela.plt      0x0000000000000b88      0x258 /usr/lib/gcc/x86_64-linux-gnu/5/../../../x86_64-linux-gnu/crti.o
 *(.rela.iplt)

.init           0x0000000000000de0       0x1a
 *(SORT(.init))
 .init          0x0000000000000de0       0x15 /usr/lib/gcc/x86_64-linux-gnu/5/../../../x86_64-linux-gnu/crti.o
                0x0000000000000de0                _init
 .init          0x0000000000000df5        0x5 /usr/lib/gcc/x86_64-linux-gnu/5/../../../x86_64-linux-gnu/crtn.o

.plt            0x0000000000000e00      0x1a0
 *(.plt)
 .plt           0x0000000000000e00      0x1a0 /usr/lib/gcc/x86_64-linux-gnu/5/../../../x86_64-linux-gnu/crti.o
 *(.iplt)

.plt.got        0x0000000000000fa0       0x10
 *(.plt.got)
 .plt.got       0x0000000000000fa0       0x10 /usr/lib/gcc/x86_64-linux-gnu/5/../../../x86_64-linux-gnu/crti.o

.plt.bnd
 *(.plt.bnd)

.text           0x0000000000000fb0     0x4ff0
 *(.text.unlikely .text.*_unlikely .text.unlikely.*)
 *(.text.exit .text.exit.*)
 *(.text.startup .text.startup.*)
 *(.text.hot .text.hot.*)
 *(.text .stub .text.* .gnu.linkonce.t.*)
 .text          0x0000000000000fb0      0x100 /usr/lib/gcc/x86_64-linux-gnu/5/crtbeginS.o
 .text.sdp_sprintf
                0x00000000000010b0       0xd8 /home/david/drone_nav/out/arsdk-native/build/libsdp/obj/src/sdp.c.o
 *fill*         0x0000000000001188        0x8 
 .text.sdp_rtcp_xr_attr_write
                0x0000000000001190      0x4f0 /home/david/drone_nav/out/arsdk-native/build/libsdp/obj/src/sdp.c.o
 .text.sdp_rtcp_xr_attr_read
                0x0000000000001680      0x45e /home/david/drone_nav/out/arsdk-native/build/libsdp/obj/src/sdp.c.o
 *fill*         0x0000000000001ade        0x2 
 .text.sdp_session_new
                0x0000000000001ae0       0xbd /home/david/drone_nav/out/arsdk-native/build/libsdp/obj/src/sdp.c.o
                0x0000000000001ae0                sdp_session_new
 *fill*         0x0000000000001b9d        0x3 
 .text.sdp_session_attr_add
                0x0000000000001ba0       0xfd /home/david/drone_nav/out/arsdk-native/build/libsdp/obj/src/sdp.c.o
                0x0000000000001ba0                sdp_session_attr_add
 *fill*         0x0000000000001c9d        0x3 
 .text.sdp_session_attr_remove
                0x0000000000001ca0      0x171 /home/david/drone_nav/out/arsdk-native/build/libsdp/obj/src/sdp.c.o
                0x0000000000001ca0                sdp_session_attr_remove
 *fill*         0x0000000000001e11        0xf 
 .text.sdp_session_media_add
                0x0000000000001e20      0x11d /home/david/drone_nav/out/arsdk-native/build/libsdp/obj/src/sdp.c.o
                0x0000000000001e20                sdp_session_media_add
 *fill*         0x0000000000001f3d        0x3 
 .text.sdp_media_attr_add
                0x0000000000001f40       0xfd /home/david/drone_nav/out/arsdk-native/build/libsdp/obj/src/sdp.c.o
                0x0000000000001f40                sdp_media_attr_add
 *fill*         0x000000000000203d        0x3 
 .text.sdp_media_attr_remove
                0x0000000000002040      0x161 /home/david/drone_nav/out/arsdk-native/build/libsdp/obj/src/sdp.c.o
                0x0000000000002040                sdp_media_attr_remove
 *fill*         0x00000000000021a1        0xf 
 .text.sdp_session_media_remove
                0x00000000000021b0      0x2ab /home/david/drone_nav/out/arsdk-native/build/libsdp/obj/src/sdp.c.o
                0x00000000000021b0                sdp_session_media_remove
 *fill*         0x000000000000245b        0x5 
 .text.sdp_session_destroy
                0x0000000000002460      0x255 /home/david/drone_nav/out/arsdk-native/build/libsdp/obj/src/sdp.c.o
                0x0000000000002460                sdp_session_destroy
 *fill*         0x00000000000026b5        0xb 
 .text.sdp_description_write
                0x00000000000026c0      0xce2 /home/david/drone_nav/out/arsdk-native/build/libsdp/obj/src/sdp.c.o
                0x00000000000026c0                sdp_description_write
 *fill*         0x00000000000033a2        0xe 
 .text.sdp_description_read
                0x00000000000033b0     0x224d /home/david/drone_nav/out/arsdk-native/build/libsdp/obj/src/sdp.c.o
                0x00000000000033b0                sdp_description_read
 *fill*         0x00000000000055fd        0x3 
 .text.sdp_base64_encode
                0x0000000000005600      0x538 /home/david/drone_nav/out/arsdk-native/build/libsdp/obj/src/sdp_base64.c.o
                0x0000000000005600                sdp_base64_encode
 *fill*         0x0000000000005b38        0x8 
 .text.sdp_base64_decode
                0x0000000000005b40      0x460 /home/david/drone_nav/out/arsdk-native/build/libsdp/obj/src/sdp_base64.c.o
                0x0000000000005b40                sdp_base64_decode
 *(.gnu.warning)

.fini           0x0000000000005fa0        0x9
 *(SORT(.fini))
 .fini          0x0000000000005fa0        0x4 /usr/lib/gcc/x86_64-linux-gnu/5/../../../x86_64-linux-gnu/crti.o
                0x0000000000005fa0                _fini
 .fini          0x0000000000005fa4        0x5 /usr/lib/gcc/x86_64-linux-gnu/5/../../../x86_64-linux-gnu/crtn.o
                [!provide]                        PROVIDE (__etext, .)
                [!provide]                        PROVIDE (_etext, .)
                [!provide]                        PROVIDE (etext, .)

.rodata         0x0000000000005fb0      0xba9
 *(.rodata .rodata.* .gnu.linkonce.r.*)
 .rodata.str1.1
                0x0000000000005fb0      0x467 /home/david/drone_nav/out/arsdk-native/build/libsdp/obj/src/sdp.c.o
                                        0x475 (size before relaxing)
 *fill*         0x0000000000006417        0x1 
 .rodata.str1.8
                0x0000000000006418      0x550 /home/david/drone_nav/out/arsdk-native/build/libsdp/obj/src/sdp.c.o
                                        0x54e (size before relaxing)
 *fill*         0x0000000000006968        0x8 
 .rodata        0x0000000000006970      0x1b0 /home/david/drone_nav/out/arsdk-native/build/libsdp/obj/src/sdp.c.o
 .rodata.str1.1
                0x0000000000006b20       0x12 /home/david/drone_nav/out/arsdk-native/build/libsdp/obj/src/sdp_base64.c.o
 .rodata        0x0000000000006b20       0x32 /home/david/drone_nav/out/arsdk-native/build/libsdp/obj/src/sdp_base64.c.o
 .rodata.str1.1
                0x0000000000006b52        0x7 /home/david/drone_nav/out/arsdk-native/build/libsdp/obj/src/sdp_log.c.o

.rodata1
 *(.rodata1)

.eh_frame_hdr   0x0000000000006b5c       0x8c
 *(.eh_frame_hdr)
 .eh_frame_hdr  0x0000000000006b5c       0x8c /home/david/drone_nav/out/arsdk-native/build/libsdp/obj/src/sdp.c.o
                0x0000000000006b5c                __GNU_EH_FRAME_HDR
 *(.eh_frame_entry .eh_frame_entry.*)

.eh_frame       0x0000000000006be8      0x61c
 *(.eh_frame)
 .eh_frame      0x0000000000006be8       0x40 /usr/lib/gcc/x86_64-linux-gnu/5/../../../x86_64-linux-gnu/crti.o
 .eh_frame      0x0000000000006c28      0x4c0 /home/david/drone_nav/out/arsdk-native/build/libsdp/obj/src/sdp.c.o
 .eh_frame      0x00000000000070e8      0x118 /home/david/drone_nav/out/arsdk-native/build/libsdp/obj/src/sdp_base64.c.o
                                        0x130 (size before relaxing)
 .eh_frame      0x0000000000007200        0x4 /usr/lib/gcc/x86_64-linux-gnu/5/crtendS.o
 *(.eh_frame.*)

.gcc_except_table
 *(.gcc_except_table .gcc_except_table.*)

.gnu_extab
 *(.gnu_extab*)

.exception_ranges
 *(.exception_ranges .exception_ranges*)
                0x0000000000207d48                . = DATA_SEGMENT_ALIGN (0x200000, 0x1000)

.eh_frame
 *(.eh_frame)
 *(.eh_frame.*)

.gnu_extab
 *(.gnu_extab)

.gcc_except_table
 *(.gcc_except_table .gcc_except_table.*)

.exception_ranges
 *(.exception_ranges .exception_ranges*)

.tdata
 *(.tdata .tdata.* .gnu.linkonce.td.*)

.tbss
 *(.tbss .tbss.* .gnu.linkonce.tb.*)
 *(.tcommon)

.preinit_array
 *(.preinit_array)

.init_array     0x0000000000207d48        0x8
 *(SORT(.init_array.*) SORT(.ctors.*))
 *(.init_array EXCLUDE_FILE(*crtend?.o *crtend.o *crtbegin?.o *crtbegin.o) .ctors)
 .init_array    0x0000000000207d48        0x8 /usr/lib/gcc/x86_64-linux-gnu/5/crtbeginS.o

.fini_array     0x0000000000207d50        0x8
 *(SORT(.fini_array.*) SORT(.dtors.*))
 *(.fini_array EXCLUDE_FILE(*crtend?.o *crtend.o *crtbegin?.o *crtbegin.o) .dtors)
 .fini_array    0x0000000000207d50        0x8 /usr/lib/gcc/x86_64-linux-gnu/5/crtbeginS.o

.ctors
 *crtbegin.o(.ctors)
 *crtbegin?.o(.ctors)
 *(EXCLUDE_FILE(*crtend?.o *crtend.o) .ctors)
 *(SORT(.ctors.*))
 *(.ctors)

.dtors
 *crtbegin.o(.dtors)
 *crtbegin?.o(.dtors)
 *(EXCLUDE_FILE(*crtend?.o *crtend.o) .dtors)
 *(SORT(.dtors.*))
 *(.dtors)

.jcr            0x0000000000207d58        0x8
 *(.jcr)
 .jcr           0x0000000000207d58        0x0 /usr/lib/gcc/x86_64-linux-gnu/5/crtbeginS.o
 .jcr           0x0000000000207d58        0x8 /usr/lib/gcc/x86_64-linux-gnu/5/crtendS.o

.data.rel.ro    0x0000000000207d60       0x88
 *(.data.rel.ro.local* .gnu.linkonce.d.rel.ro.local.*)
 .data.rel.ro.local
                0x0000000000207d60       0x88 /home/david/drone_nav/out/arsdk-native/build/libsdp/obj/src/sdp.c.o
 *(.data.rel.ro .data.rel.ro.* .gnu.linkonce.d.rel.ro.*)

.dynamic        0x0000000000207de8      0x1e0
 *(.dynamic)
 .dynamic       0x0000000000207de8      0x1e0 /usr/lib/gcc/x86_64-linux-gnu/5/../../../x86_64-linux-gnu/crti.o
                0x0000000000207de8                _DYNAMIC

.got            0x0000000000207fc8       0x30
 *(.got)
 .got           0x0000000000207fc8       0x30 /usr/lib/gcc/x86_64-linux-gnu/5/../../../x86_64-linux-gnu/crti.o
 *(.igot)
                0x0000000000208fe8                . = DATA_SEGMENT_RELRO_END (., (SIZEOF (.got.plt) >= 0x18)?0x18:0x0)

.got.plt        0x0000000000208000       0xe0
 *(.got.plt)
 .got.plt       0x0000000000208000       0xe0 /usr/lib/gcc/x86_64-linux-gnu/5/../../../x86_64-linux-gnu/crti.o
                0x0000000000208000                _GLOBAL_OFFSET_TABLE_
 *(.igot.plt)

.data           0x00000000002080e0       0x40
 *(.data .data.* .gnu.linkonce.d.*)
 .data.rel.local
                0x00000000002080e0        0x8 /usr/lib/gcc/x86_64-linux-gnu/5/crtbeginS.o
                0x00000000002080e0                __dso_handle
 *fill*         0x00000000002080e8       0x18 
 .data.rel.local
                0x0000000000208100       0x20 /home/david/drone_nav/out/arsdk-native/build/libsdp/obj/src/sdp_log.c.o
                0x0000000000208100                __ulog_cookie_libsdp

.tm_clone_table
                0x0000000000208120        0x0
 .tm_clone_table
                0x0000000000208120        0x0 /usr/lib/gcc/x86_64-linux-gnu/5/crtbeginS.o
 .tm_clone_table
                0x0000000000208120        0x0 /usr/lib/gcc/x86_64-linux-gnu/5/crtendS.o

.data1
 *(.data1)
                0x0000000000208120                _edata = .
                [!provide]                        PROVIDE (edata, .)
                0x0000000000208120                . = .
                0x0000000000208120                __bss_start = .

.bss            0x0000000000208120        0x8
 *(.dynbss)
 .dynbss        0x0000000000208120        0x0 /usr/lib/gcc/x86_64-linux-gnu/5/../../../x86_64-linux-gnu/crti.o
 *(.bss .bss.* .gnu.linkonce.b.*)
 .bss           0x0000000000208120        0x1 /usr/lib/gcc/x86_64-linux-gnu/5/crtbeginS.o
 *(COMMON)
                0x0000000000208128                . = ALIGN ((. != 0x0)?0x8:0x1)
 *fill*         0x0000000000208121        0x7 

.lbss
 *(.dynlbss)
 *(.lbss .lbss.* .gnu.linkonce.lb.*)
 *(LARGE_COMMON)
                0x0000000000208128                . = ALIGN (0x8)
                0x0000000000208128                . = SEGMENT_START ("ldata-segment", .)

.lrodata
 *(.lrodata .lrodata.* .gnu.linkonce.lr.*)

.ldata          0x0000000000608128        0x0
 *(.ldata .ldata.* .gnu.linkonce.l.*)
                0x0000000000608128                . = ALIGN ((. != 0x0)?0x8:0x1)
                0x0000000000608128                . = ALIGN (0x8)
                0x0000000000608128                _end = .
                [!provide]                        PROVIDE (end, .)
                0x0000000000608128                . = DATA_SEGMENT_END (.)

.stab
 *(.stab)

.stabstr
 *(.stabstr)

.stab.excl
 *(.stab.excl)

.stab.exclstr
 *(.stab.exclstr)

.stab.index
 *(.stab.index)

.stab.indexstr
 *(.stab.indexstr)

.comment        0x0000000000000000       0x34
 *(.comment)
 .comment       0x0000000000000000       0x34 /usr/lib/gcc/x86_64-linux-gnu/5/crtbeginS.o
                                         0x35 (size before relaxing)
 .comment       0x0000000000000034       0x35 /home/david/drone_nav/out/arsdk-native/build/libsdp/obj/src/sdp.c.o
 .comment       0x0000000000000034       0x35 /home/david/drone_nav/out/arsdk-native/build/libsdp/obj/src/sdp_base64.c.o
 .comment       0x0000000000000034       0x35 /home/david/drone_nav/out/arsdk-native/build/libsdp/obj/src/sdp_log.c.o
 .comment       0x0000000000000034       0x35 /usr/lib/gcc/x86_64-linux-gnu/5/crtendS.o

.debug
 *(.debug)

.line
 *(.line)

.debug_srcinfo
 *(.debug_srcinfo)

.debug_sfnames
 *(.debug_sfnames)

.debug_aranges  0x0000000000000000      0x150
 *(.debug_aranges)
 .debug_aranges
                0x0000000000000000       0xf0 /home/david/drone_nav/out/arsdk-native/build/libsdp/obj/src/sdp.c.o
 .debug_aranges
                0x00000000000000f0       0x40 /home/david/drone_nav/out/arsdk-native/build/libsdp/obj/src/sdp_base64.c.o
 .debug_aranges
                0x0000000000000130       0x20 /home/david/drone_nav/out/arsdk-native/build/libsdp/obj/src/sdp_log.c.o

.debug_pubnames
 *(.debug_pubnames)

.debug_info     0x0000000000000000     0x7388
 *(.debug_info .gnu.linkonce.wi.*)
 .debug_info    0x0000000000000000     0x6678 /home/david/drone_nav/out/arsdk-native/build/libsdp/obj/src/sdp.c.o
 .debug_info    0x0000000000006678      0xc27 /home/david/drone_nav/out/arsdk-native/build/libsdp/obj/src/sdp_base64.c.o
 .debug_info    0x000000000000729f       0xe9 /home/david/drone_nav/out/arsdk-native/build/libsdp/obj/src/sdp_log.c.o

.debug_abbrev   0x0000000000000000      0x708
 *(.debug_abbrev)
 .debug_abbrev  0x0000000000000000      0x4ab /home/david/drone_nav/out/arsdk-native/build/libsdp/obj/src/sdp.c.o
 .debug_abbrev  0x00000000000004ab      0x1f1 /home/david/drone_nav/out/arsdk-native/build/libsdp/obj/src/sdp_base64.c.o
 .debug_abbrev  0x000000000000069c       0x6c /home/david/drone_nav/out/arsdk-native/build/libsdp/obj/src/sdp_log.c.o

.debug_line     0x0000000000000000     0x17b1
 *(.debug_line .debug_line.* .debug_line_end)
 .debug_line    0x0000000000000000     0x1378 /home/david/drone_nav/out/arsdk-native/build/libsdp/obj/src/sdp.c.o
 .debug_line    0x0000000000001378      0x3d3 /home/david/drone_nav/out/arsdk-native/build/libsdp/obj/src/sdp_base64.c.o
 .debug_line    0x000000000000174b       0x66 /home/david/drone_nav/out/arsdk-native/build/libsdp/obj/src/sdp_log.c.o

.debug_frame
 *(.debug_frame)

.debug_str      0x0000000000000000      0xd58
 *(.debug_str)
 .debug_str     0x0000000000000000      0xcd7 /home/david/drone_nav/out/arsdk-native/build/libsdp/obj/src/sdp.c.o
                                        0xdda (size before relaxing)
 .debug_str     0x0000000000000cd7       0x63 /home/david/drone_nav/out/arsdk-native/build/libsdp/obj/src/sdp_base64.c.o
                                        0x3f6 (size before relaxing)
 .debug_str     0x0000000000000d3a       0x1e /home/david/drone_nav/out/arsdk-native/build/libsdp/obj/src/sdp_log.c.o
                                        0x19c (size before relaxing)

.debug_loc      0x0000000000000000     0xdcb2
 *(.debug_loc)
 .debug_loc     0x0000000000000000     0xb79f /home/david/drone_nav/out/arsdk-native/build/libsdp/obj/src/sdp.c.o
 .debug_loc     0x000000000000b79f     0x2513 /home/david/drone_nav/out/arsdk-native/build/libsdp/obj/src/sdp_base64.c.o

.debug_macinfo
 *(.debug_macinfo)

.debug_weaknames
 *(.debug_weaknames)

.debug_funcnames
 *(.debug_funcnames)

.debug_typenames
 *(.debug_typenames)

.debug_varnames
 *(.debug_varnames)

.debug_pubtypes
 *(.debug_pubtypes)

.debug_ranges   0x0000000000000000     0x3070
 *(.debug_ranges)
 .debug_ranges  0x0000000000000000     0x2960 /home/david/drone_nav/out/arsdk-native/build/libsdp/obj/src/sdp.c.o
 .debug_ranges  0x0000000000002960      0x710 /home/david/drone_nav/out/arsdk-native/build/libsdp/obj/src/sdp_base64.c.o

.debug_macro
 *(.debug_macro)

.gnu.attributes
 *(.gnu.attributes)

/DISCARD/
 *(.note.GNU-stack)
 *(.gnu_debuglink)
 *(.gnu.lto_*)
OUTPUT(out/arsdk-native/build/libsdp/libsdp.so elf64-x86-64)
