
As-needed library included to satisfy reference by file (symbol)

libarsal.so                   /home/david/drone_nav/out/arsdk-native/build/libARNetwork/obj/Sources/ARNETWORK_IOBuffer.c.o (ARSAL_Mutex_Destroy)
libarnetworkal.so             /home/david/drone_nav/out/arsdk-native/build/libARNetwork/obj/Sources/ARNETWORK_Manager.c.o (ARNETWORKAL_Manager_SetOnDisconnectCallback)
libpthread.so.0               /home/david/drone_nav/out/arsdk-native/build/libARNetwork/obj/Sources/ARNETWORK_Manager.c.o (__errno_location@@GLIBC_2.2.5)
libc.so.6                     /home/david/drone_nav/out/arsdk-native/build/libARNetwork/obj/Sources/ARNETWORK_IOBuffer.c.o (__stack_chk_fail@@GLIBC_2.4)

Discarded input sections

 .text          0x0000000000000000        0x0 /usr/lib/gcc/x86_64-linux-gnu/5/../../../x86_64-linux-gnu/crti.o
 .data          0x0000000000000000        0x0 /usr/lib/gcc/x86_64-linux-gnu/5/../../../x86_64-linux-gnu/crti.o
 .bss           0x0000000000000000        0x0 /usr/lib/gcc/x86_64-linux-gnu/5/../../../x86_64-linux-gnu/crti.o
 .note.GNU-stack
                0x0000000000000000        0x0 /usr/lib/gcc/x86_64-linux-gnu/5/../../../x86_64-linux-gnu/crti.o
 .data          0x0000000000000000        0x0 /usr/lib/gcc/x86_64-linux-gnu/5/crtbeginS.o
 .text.unlikely
                0x0000000000000000        0x0 /usr/lib/gcc/x86_64-linux-gnu/5/crtbeginS.o
 .note.GNU-stack
                0x0000000000000000        0x0 /usr/lib/gcc/x86_64-linux-gnu/5/crtbeginS.o
 .text          0x0000000000000000        0x0 /home/david/drone_nav/out/arsdk-native/build/libARNetwork/obj/Sources/ARNETWORK_IOBuffer.c.o
 .data          0x0000000000000000        0x0 /home/david/drone_nav/out/arsdk-native/build/libARNetwork/obj/Sources/ARNETWORK_IOBuffer.c.o
 .bss           0x0000000000000000        0x0 /home/david/drone_nav/out/arsdk-native/build/libARNetwork/obj/Sources/ARNETWORK_IOBuffer.c.o
 .text.unlikely.ARNETWORK_IOBuffer_IsWaitAck
                0x0000000000000000        0x0 /home/david/drone_nav/out/arsdk-native/build/libARNetwork/obj/Sources/ARNETWORK_IOBuffer.c.o
 .text.unlikely.ARNETWORK_IOBuffer_Lock
                0x0000000000000000        0x0 /home/david/drone_nav/out/arsdk-native/build/libARNetwork/obj/Sources/ARNETWORK_IOBuffer.c.o
 .text.unlikely.ARNETWORK_IOBuffer_Unlock
                0x0000000000000000        0x0 /home/david/drone_nav/out/arsdk-native/build/libARNetwork/obj/Sources/ARNETWORK_IOBuffer.c.o
 .text.unlikely.ARNETWORK_IOBuffer_PopData
                0x0000000000000000        0x0 /home/david/drone_nav/out/arsdk-native/build/libARNetwork/obj/Sources/ARNETWORK_IOBuffer.c.o
 .text.unlikely.ARNETWORK_IOBuffer_PopDataWithCallBack
                0x0000000000000000        0x0 /home/david/drone_nav/out/arsdk-native/build/libARNetwork/obj/Sources/ARNETWORK_IOBuffer.c.o
 .text.unlikely.ARNETWORK_IOBuffer_AckReceived
                0x0000000000000000        0x0 /home/david/drone_nav/out/arsdk-native/build/libARNetwork/obj/Sources/ARNETWORK_IOBuffer.c.o
 .text.unlikely.ARNETWORK_IOBuffer_CancelAllData
                0x0000000000000000        0x0 /home/david/drone_nav/out/arsdk-native/build/libARNetwork/obj/Sources/ARNETWORK_IOBuffer.c.o
 .text.unlikely.ARNETWORK_IOBuffer_Delete
                0x0000000000000000        0x0 /home/david/drone_nav/out/arsdk-native/build/libARNetwork/obj/Sources/ARNETWORK_IOBuffer.c.o
 .text.unlikely.ARNETWORK_IOBuffer_New
                0x0000000000000000        0x0 /home/david/drone_nav/out/arsdk-native/build/libARNetwork/obj/Sources/ARNETWORK_IOBuffer.c.o
 .text.unlikely.ARNETWORK_IOBuffer_Flush
                0x0000000000000000        0x0 /home/david/drone_nav/out/arsdk-native/build/libARNetwork/obj/Sources/ARNETWORK_IOBuffer.c.o
 .text.unlikely.ARNETWORK_IOBuffer_AddData
                0x0000000000000000        0x0 /home/david/drone_nav/out/arsdk-native/build/libARNetwork/obj/Sources/ARNETWORK_IOBuffer.c.o
 .text.unlikely.ARNETWORK_IOBuffer_ShouldAcceptData
                0x0000000000000000        0x0 /home/david/drone_nav/out/arsdk-native/build/libARNetwork/obj/Sources/ARNETWORK_IOBuffer.c.o
 .text.unlikely.ARNETWORK_IOBuffer_ReadData
                0x0000000000000000        0x0 /home/david/drone_nav/out/arsdk-native/build/libARNetwork/obj/Sources/ARNETWORK_IOBuffer.c.o
 .text.unlikely.ARNETWORK_IOBuffer_GetEstimatedMissPercentage
                0x0000000000000000        0x0 /home/david/drone_nav/out/arsdk-native/build/libARNetwork/obj/Sources/ARNETWORK_IOBuffer.c.o
 .note.GNU-stack
                0x0000000000000000        0x0 /home/david/drone_nav/out/arsdk-native/build/libARNetwork/obj/Sources/ARNETWORK_IOBuffer.c.o
 .text          0x0000000000000000        0x0 /home/david/drone_nav/out/arsdk-native/build/libARNetwork/obj/Sources/ARNETWORK_IOBufferParam.c.o
 .data          0x0000000000000000        0x0 /home/david/drone_nav/out/arsdk-native/build/libARNetwork/obj/Sources/ARNETWORK_IOBufferParam.c.o
 .bss           0x0000000000000000        0x0 /home/david/drone_nav/out/arsdk-native/build/libARNetwork/obj/Sources/ARNETWORK_IOBufferParam.c.o
 .text.unlikely.ARNETWORK_IOBufferParam_DefaultInit
                0x0000000000000000        0x0 /home/david/drone_nav/out/arsdk-native/build/libARNetwork/obj/Sources/ARNETWORK_IOBufferParam.c.o
 .text.unlikely.ARNETWORK_IOBufferParam_Check
                0x0000000000000000        0x0 /home/david/drone_nav/out/arsdk-native/build/libARNetwork/obj/Sources/ARNETWORK_IOBufferParam.c.o
 .note.GNU-stack
                0x0000000000000000        0x0 /home/david/drone_nav/out/arsdk-native/build/libARNetwork/obj/Sources/ARNETWORK_IOBufferParam.c.o
 .text          0x0000000000000000        0x0 /home/david/drone_nav/out/arsdk-native/build/libARNetwork/obj/Sources/ARNETWORK_Manager.c.o
 .data          0x0000000000000000        0x0 /home/david/drone_nav/out/arsdk-native/build/libARNetwork/obj/Sources/ARNETWORK_Manager.c.o
 .bss           0x0000000000000000        0x0 /home/david/drone_nav/out/arsdk-native/build/libARNetwork/obj/Sources/ARNETWORK_Manager.c.o
 .text.unlikely.ARNETWORK_Manager_Delete
                0x0000000000000000        0x0 /home/david/drone_nav/out/arsdk-native/build/libARNetwork/obj/Sources/ARNETWORK_Manager.c.o
 .text.unlikely.ARNETWORK_Manager_SendingThreadRun
                0x0000000000000000        0x0 /home/david/drone_nav/out/arsdk-native/build/libARNetwork/obj/Sources/ARNETWORK_Manager.c.o
 .text.unlikely.ARNETWORK_Manager_ReceivingThreadRun
                0x0000000000000000        0x0 /home/david/drone_nav/out/arsdk-native/build/libARNetwork/obj/Sources/ARNETWORK_Manager.c.o
 .text.unlikely.ARNETWORK_Manager_Stop
                0x0000000000000000        0x0 /home/david/drone_nav/out/arsdk-native/build/libARNetwork/obj/Sources/ARNETWORK_Manager.c.o
 .text.unlikely.ARNETWORK_Manager_OnDisconnect
                0x0000000000000000        0x0 /home/david/drone_nav/out/arsdk-native/build/libARNetwork/obj/Sources/ARNETWORK_Manager.c.o
 .text.unlikely.ARNETWORK_Manager_GetInputDataEventFd
                0x0000000000000000        0x0 /home/david/drone_nav/out/arsdk-native/build/libARNetwork/obj/Sources/ARNETWORK_Manager.c.o
 .text.unlikely.ARNETWORK_Manager_SendData
                0x0000000000000000        0x0 /home/david/drone_nav/out/arsdk-native/build/libARNetwork/obj/Sources/ARNETWORK_Manager.c.o
 .text.unlikely.ARNETWORK_Manager_ReadData
                0x0000000000000000        0x0 /home/david/drone_nav/out/arsdk-native/build/libARNetwork/obj/Sources/ARNETWORK_Manager.c.o
 .text.unlikely.ARNETWORK_Manager_TryReadData
                0x0000000000000000        0x0 /home/david/drone_nav/out/arsdk-native/build/libARNetwork/obj/Sources/ARNETWORK_Manager.c.o
 .text.unlikely.ARNETWORK_Manager_ReadDataWithTimeout
                0x0000000000000000        0x0 /home/david/drone_nav/out/arsdk-native/build/libARNetwork/obj/Sources/ARNETWORK_Manager.c.o
 .text.unlikely.ARNETWORK_Manager_CreateIOBuffer
                0x0000000000000000        0x0 /home/david/drone_nav/out/arsdk-native/build/libARNetwork/obj/Sources/ARNETWORK_Manager.c.o
 .text.unlikely.ARNETWORK_Manager_New
                0x0000000000000000        0x0 /home/david/drone_nav/out/arsdk-native/build/libARNetwork/obj/Sources/ARNETWORK_Manager.c.o
 .text.unlikely.ARNETWORK_Manager_FlushInputBuffer
                0x0000000000000000        0x0 /home/david/drone_nav/out/arsdk-native/build/libARNetwork/obj/Sources/ARNETWORK_Manager.c.o
 .text.unlikely.ARNETWORK_Manager_FlushOutputBuffer
                0x0000000000000000        0x0 /home/david/drone_nav/out/arsdk-native/build/libARNetwork/obj/Sources/ARNETWORK_Manager.c.o
 .text.unlikely.ARNETWORK_Manager_Flush
                0x0000000000000000        0x0 /home/david/drone_nav/out/arsdk-native/build/libARNetwork/obj/Sources/ARNETWORK_Manager.c.o
 .text.unlikely.ARNETWORK_Manager_GetEstimatedLatency
                0x0000000000000000        0x0 /home/david/drone_nav/out/arsdk-native/build/libARNetwork/obj/Sources/ARNETWORK_Manager.c.o
 .text.unlikely.ARNETWORK_Manager_GetEstimatedMissPercentage
                0x0000000000000000        0x0 /home/david/drone_nav/out/arsdk-native/build/libARNetwork/obj/Sources/ARNETWORK_Manager.c.o
 .text.unlikely.ARNETWORK_Manager_SetMinimumTimeBetweenSends
                0x0000000000000000        0x0 /home/david/drone_nav/out/arsdk-native/build/libARNetwork/obj/Sources/ARNETWORK_Manager.c.o
 .note.GNU-stack
                0x0000000000000000        0x0 /home/david/drone_nav/out/arsdk-native/build/libARNetwork/obj/Sources/ARNETWORK_Manager.c.o
 .text          0x0000000000000000        0x0 /home/david/drone_nav/out/arsdk-native/build/libARNetwork/obj/Sources/ARNETWORK_Receiver.c.o
 .data          0x0000000000000000        0x0 /home/david/drone_nav/out/arsdk-native/build/libARNetwork/obj/Sources/ARNETWORK_Receiver.c.o
 .bss           0x0000000000000000        0x0 /home/david/drone_nav/out/arsdk-native/build/libARNetwork/obj/Sources/ARNETWORK_Receiver.c.o
 .text.unlikely.ARNETWORK_Receiver_Delete
                0x0000000000000000        0x0 /home/david/drone_nav/out/arsdk-native/build/libARNetwork/obj/Sources/ARNETWORK_Receiver.c.o
 .text.unlikely.ARNETWORK_Receiver_New
                0x0000000000000000        0x0 /home/david/drone_nav/out/arsdk-native/build/libARNetwork/obj/Sources/ARNETWORK_Receiver.c.o
 .text.unlikely.ARNETWORK_Receiver_Stop
                0x0000000000000000        0x0 /home/david/drone_nav/out/arsdk-native/build/libARNetwork/obj/Sources/ARNETWORK_Receiver.c.o
 .text.unlikely.ARNETWORK_Receiver_ReturnACK
                0x0000000000000000        0x0 /home/david/drone_nav/out/arsdk-native/build/libARNetwork/obj/Sources/ARNETWORK_Receiver.c.o
 .text.unlikely.ARNETWORK_Receiver_GetEventFd
                0x0000000000000000        0x0 /home/david/drone_nav/out/arsdk-native/build/libARNetwork/obj/Sources/ARNETWORK_Receiver.c.o
 .text.unlikely.ARNETWORK_Receiver_WriteEventFd
                0x0000000000000000        0x0 /home/david/drone_nav/out/arsdk-native/build/libARNetwork/obj/Sources/ARNETWORK_Receiver.c.o
 .text.unlikely.ARNETWORK_Receiver_ReadEventFd
                0x0000000000000000        0x0 /home/david/drone_nav/out/arsdk-native/build/libARNetwork/obj/Sources/ARNETWORK_Receiver.c.o
 .text.unlikely.ARNETWORK_Receiver_CopyDataRecv
                0x0000000000000000        0x0 /home/david/drone_nav/out/arsdk-native/build/libARNetwork/obj/Sources/ARNETWORK_Receiver.c.o
 .text.unlikely.ARNETWORK_Receiver_ThreadRun
                0x0000000000000000        0x0 /home/david/drone_nav/out/arsdk-native/build/libARNetwork/obj/Sources/ARNETWORK_Receiver.c.o
 .note.GNU-stack
                0x0000000000000000        0x0 /home/david/drone_nav/out/arsdk-native/build/libARNetwork/obj/Sources/ARNETWORK_Receiver.c.o
 .text          0x0000000000000000        0x0 /home/david/drone_nav/out/arsdk-native/build/libARNetwork/obj/Sources/ARNETWORK_RingBuffer.c.o
 .data          0x0000000000000000        0x0 /home/david/drone_nav/out/arsdk-native/build/libARNetwork/obj/Sources/ARNETWORK_RingBuffer.c.o
 .bss           0x0000000000000000        0x0 /home/david/drone_nav/out/arsdk-native/build/libARNetwork/obj/Sources/ARNETWORK_RingBuffer.c.o
 .text.unlikely.ARNETWORK_RingBuffer_Delete
                0x0000000000000000        0x0 /home/david/drone_nav/out/arsdk-native/build/libARNetwork/obj/Sources/ARNETWORK_RingBuffer.c.o
 .text.unlikely.ARNETWORK_RingBuffer_NewWithOverwriting
                0x0000000000000000        0x0 /home/david/drone_nav/out/arsdk-native/build/libARNetwork/obj/Sources/ARNETWORK_RingBuffer.c.o
 .text.unlikely.ARNETWORK_RingBuffer_New
                0x0000000000000000        0x0 /home/david/drone_nav/out/arsdk-native/build/libARNetwork/obj/Sources/ARNETWORK_RingBuffer.c.o
 .text.unlikely.ARNETWORK_RingBuffer_PushBackWithSize
                0x0000000000000000        0x0 /home/david/drone_nav/out/arsdk-native/build/libARNetwork/obj/Sources/ARNETWORK_RingBuffer.c.o
 .text.unlikely.ARNETWORK_RingBuffer_PushBack
                0x0000000000000000        0x0 /home/david/drone_nav/out/arsdk-native/build/libARNetwork/obj/Sources/ARNETWORK_RingBuffer.c.o
 .text.unlikely.ARNETWORK_RingBuffer_PopFrontWithSize
                0x0000000000000000        0x0 /home/david/drone_nav/out/arsdk-native/build/libARNetwork/obj/Sources/ARNETWORK_RingBuffer.c.o
 .text.unlikely.ARNETWORK_RingBuffer_PopFront
                0x0000000000000000        0x0 /home/david/drone_nav/out/arsdk-native/build/libARNetwork/obj/Sources/ARNETWORK_RingBuffer.c.o
 .text.unlikely.ARNETWORK_RingBuffer_Front
                0x0000000000000000        0x0 /home/david/drone_nav/out/arsdk-native/build/libARNetwork/obj/Sources/ARNETWORK_RingBuffer.c.o
 .text.unlikely.ARNETWORK_RingBuffer_DataPrint
                0x0000000000000000        0x0 /home/david/drone_nav/out/arsdk-native/build/libARNetwork/obj/Sources/ARNETWORK_RingBuffer.c.o
 .text.unlikely.ARNETWORK_RingBuffer_Print
                0x0000000000000000        0x0 /home/david/drone_nav/out/arsdk-native/build/libARNetwork/obj/Sources/ARNETWORK_RingBuffer.c.o
 .text.unlikely.ARNETWORK_RingBuffer_GetFreeCellNumber
                0x0000000000000000        0x0 /home/david/drone_nav/out/arsdk-native/build/libARNetwork/obj/Sources/ARNETWORK_RingBuffer.c.o
 .text.unlikely.ARNETWORK_RingBuffer_IsEmpty
                0x0000000000000000        0x0 /home/david/drone_nav/out/arsdk-native/build/libARNetwork/obj/Sources/ARNETWORK_RingBuffer.c.o
 .note.GNU-stack
                0x0000000000000000        0x0 /home/david/drone_nav/out/arsdk-native/build/libARNetwork/obj/Sources/ARNETWORK_RingBuffer.c.o
 .text          0x0000000000000000        0x0 /home/david/drone_nav/out/arsdk-native/build/libARNetwork/obj/Sources/ARNETWORK_Sender.c.o
 .data          0x0000000000000000        0x0 /home/david/drone_nav/out/arsdk-native/build/libARNetwork/obj/Sources/ARNETWORK_Sender.c.o
 .bss           0x0000000000000000        0x0 /home/david/drone_nav/out/arsdk-native/build/libARNetwork/obj/Sources/ARNETWORK_Sender.c.o
 .text.unlikely.ARNETWORK_Sender_Delete
                0x0000000000000000        0x0 /home/david/drone_nav/out/arsdk-native/build/libARNetwork/obj/Sources/ARNETWORK_Sender.c.o
 .text.unlikely.ARNETWORK_Sender_New
                0x0000000000000000        0x0 /home/david/drone_nav/out/arsdk-native/build/libARNetwork/obj/Sources/ARNETWORK_Sender.c.o
 .text.unlikely.ARNETWORK_Sender_Stop
                0x0000000000000000        0x0 /home/david/drone_nav/out/arsdk-native/build/libARNetwork/obj/Sources/ARNETWORK_Sender.c.o
 .text.unlikely.ARNETWORK_Sender_SignalNewData
                0x0000000000000000        0x0 /home/david/drone_nav/out/arsdk-native/build/libARNetwork/obj/Sources/ARNETWORK_Sender.c.o
 .text.unlikely.ARNETWORK_Sender_AckReceived
                0x0000000000000000        0x0 /home/david/drone_nav/out/arsdk-native/build/libARNetwork/obj/Sources/ARNETWORK_Sender.c.o
 .text.unlikely.ARNETWORK_Sender_Flush
                0x0000000000000000        0x0 /home/david/drone_nav/out/arsdk-native/build/libARNetwork/obj/Sources/ARNETWORK_Sender.c.o
 .text.unlikely.ARNETWORK_Sender_Reset
                0x0000000000000000        0x0 /home/david/drone_nav/out/arsdk-native/build/libARNetwork/obj/Sources/ARNETWORK_Sender.c.o
 .text.unlikely.ARNETWORK_Sender_AddToBuffer
                0x0000000000000000        0x0 /home/david/drone_nav/out/arsdk-native/build/libARNetwork/obj/Sources/ARNETWORK_Sender.c.o
 .text.unlikely.ARNETWORK_Sender_TimeOutCallback
                0x0000000000000000        0x0 /home/david/drone_nav/out/arsdk-native/build/libARNetwork/obj/Sources/ARNETWORK_Sender.c.o
 .text.unlikely.ARNETWORK_Sender_ManageTimeOut
                0x0000000000000000        0x0 /home/david/drone_nav/out/arsdk-native/build/libARNetwork/obj/Sources/ARNETWORK_Sender.c.o
 .text.unlikely.ARNETWORK_Sender_ProcessBufferToSend
                0x0000000000000000        0x0 /home/david/drone_nav/out/arsdk-native/build/libARNetwork/obj/Sources/ARNETWORK_Sender.c.o
 .text.unlikely.ARNETWORK_Sender_ThreadRun
                0x0000000000000000        0x0 /home/david/drone_nav/out/arsdk-native/build/libARNetwork/obj/Sources/ARNETWORK_Sender.c.o
 .text.unlikely.ARNETWORK_Sender_GetPing
                0x0000000000000000        0x0 /home/david/drone_nav/out/arsdk-native/build/libARNetwork/obj/Sources/ARNETWORK_Sender.c.o
 .text.unlikely.ARNETWORK_Sender_GotPingAck
                0x0000000000000000        0x0 /home/david/drone_nav/out/arsdk-native/build/libARNetwork/obj/Sources/ARNETWORK_Sender.c.o
 .text.unlikely.ARNETWORK_Sender_SendPong
                0x0000000000000000        0x0 /home/david/drone_nav/out/arsdk-native/build/libARNetwork/obj/Sources/ARNETWORK_Sender.c.o
 .note.GNU-stack
                0x0000000000000000        0x0 /home/david/drone_nav/out/arsdk-native/build/libARNetwork/obj/Sources/ARNETWORK_Sender.c.o
 .text          0x0000000000000000        0x0 /home/david/drone_nav/out/arsdk-native/build/libARNetwork/obj/gen/Sources/ARNETWORK_Error.c.o
 .data          0x0000000000000000        0x0 /home/david/drone_nav/out/arsdk-native/build/libARNetwork/obj/gen/Sources/ARNETWORK_Error.c.o
 .bss           0x0000000000000000        0x0 /home/david/drone_nav/out/arsdk-native/build/libARNetwork/obj/gen/Sources/ARNETWORK_Error.c.o
 .text.unlikely.ARNETWORK_Error_ToString
                0x0000000000000000        0x0 /home/david/drone_nav/out/arsdk-native/build/libARNetwork/obj/gen/Sources/ARNETWORK_Error.c.o
 .note.GNU-stack
                0x0000000000000000        0x0 /home/david/drone_nav/out/arsdk-native/build/libARNetwork/obj/gen/Sources/ARNETWORK_Error.c.o
 .text          0x0000000000000000        0x0 /usr/lib/gcc/x86_64-linux-gnu/5/crtendS.o
 .data          0x0000000000000000        0x0 /usr/lib/gcc/x86_64-linux-gnu/5/crtendS.o
 .bss           0x0000000000000000        0x0 /usr/lib/gcc/x86_64-linux-gnu/5/crtendS.o
 .note.GNU-stack
                0x0000000000000000        0x0 /usr/lib/gcc/x86_64-linux-gnu/5/crtendS.o
 .text          0x0000000000000000        0x0 /usr/lib/gcc/x86_64-linux-gnu/5/../../../x86_64-linux-gnu/crtn.o
 .data          0x0000000000000000        0x0 /usr/lib/gcc/x86_64-linux-gnu/5/../../../x86_64-linux-gnu/crtn.o
 .bss           0x0000000000000000        0x0 /usr/lib/gcc/x86_64-linux-gnu/5/../../../x86_64-linux-gnu/crtn.o
 .note.GNU-stack
                0x0000000000000000        0x0 /usr/lib/gcc/x86_64-linux-gnu/5/../../../x86_64-linux-gnu/crtn.o

Memory Configuration

Name             Origin             Length             Attributes
*default*        0x0000000000000000 0xffffffffffffffff

Linker script and memory map

LOAD /usr/lib/gcc/x86_64-linux-gnu/5/../../../x86_64-linux-gnu/crti.o
LOAD /usr/lib/gcc/x86_64-linux-gnu/5/crtbeginS.o
LOAD /home/david/drone_nav/out/arsdk-native/build/libARNetwork/obj/Sources/ARNETWORK_IOBuffer.c.o
LOAD /home/david/drone_nav/out/arsdk-native/build/libARNetwork/obj/Sources/ARNETWORK_IOBufferParam.c.o
LOAD /home/david/drone_nav/out/arsdk-native/build/libARNetwork/obj/Sources/ARNETWORK_Manager.c.o
LOAD /home/david/drone_nav/out/arsdk-native/build/libARNetwork/obj/Sources/ARNETWORK_Receiver.c.o
LOAD /home/david/drone_nav/out/arsdk-native/build/libARNetwork/obj/Sources/ARNETWORK_RingBuffer.c.o
LOAD /home/david/drone_nav/out/arsdk-native/build/libARNetwork/obj/Sources/ARNETWORK_Sender.c.o
LOAD /home/david/drone_nav/out/arsdk-native/build/libARNetwork/obj/gen/Sources/ARNETWORK_Error.c.o
LOAD /home/david/drone_nav/out/arsdk-native/staging/usr/lib/libarsal.so
LOAD /home/david/drone_nav/out/arsdk-native/staging/usr/lib/libarnetworkal.so
LOAD /usr/lib/gcc/x86_64-linux-gnu/5/../../../x86_64-linux-gnu/librt.so
LOAD /usr/lib/gcc/x86_64-linux-gnu/5/libstdc++.so
LOAD /usr/lib/gcc/x86_64-linux-gnu/5/../../../x86_64-linux-gnu/libm.so
START GROUP
LOAD /lib/x86_64-linux-gnu/libm.so.6
LOAD /usr/lib/x86_64-linux-gnu/libmvec_nonshared.a
LOAD /lib/x86_64-linux-gnu/libmvec.so.1
END GROUP
LOAD /usr/lib/gcc/x86_64-linux-gnu/5/libgcc_s.so
LOAD /usr/lib/gcc/x86_64-linux-gnu/5/../../../x86_64-linux-gnu/libpthread.so
START GROUP
LOAD /lib/x86_64-linux-gnu/libpthread.so.0
LOAD /usr/lib/x86_64-linux-gnu/libpthread_nonshared.a
END GROUP
LOAD /usr/lib/gcc/x86_64-linux-gnu/5/../../../x86_64-linux-gnu/libc.so
START GROUP
LOAD /lib/x86_64-linux-gnu/libc.so.6
LOAD /usr/lib/x86_64-linux-gnu/libc_nonshared.a
LOAD /lib/x86_64-linux-gnu/ld-linux-x86-64.so.2
END GROUP
LOAD /usr/lib/gcc/x86_64-linux-gnu/5/libgcc_s.so
LOAD /usr/lib/gcc/x86_64-linux-gnu/5/crtendS.o
LOAD /usr/lib/gcc/x86_64-linux-gnu/5/../../../x86_64-linux-gnu/crtn.o
                0x00000000000001c8                . = (0x0 + SIZEOF_HEADERS)

.note.gnu.build-id
                0x00000000000001c8       0x24
 *(.note.gnu.build-id)
 .note.gnu.build-id
                0x00000000000001c8       0x24 /usr/lib/gcc/x86_64-linux-gnu/5/../../../x86_64-linux-gnu/crti.o

.hash
 *(.hash)

.gnu.hash       0x00000000000001f0      0x280
 *(.gnu.hash)
 .gnu.hash      0x00000000000001f0      0x280 /usr/lib/gcc/x86_64-linux-gnu/5/../../../x86_64-linux-gnu/crti.o

.dynsym         0x0000000000000470      0xa20
 *(.dynsym)
 .dynsym        0x0000000000000470      0xa20 /usr/lib/gcc/x86_64-linux-gnu/5/../../../x86_64-linux-gnu/crti.o

.dynstr         0x0000000000000e90      0xb22
 *(.dynstr)
 .dynstr        0x0000000000000e90      0xb22 /usr/lib/gcc/x86_64-linux-gnu/5/../../../x86_64-linux-gnu/crti.o

.gnu.version    0x00000000000019b2       0xd8
 *(.gnu.version)
 .gnu.version   0x00000000000019b2       0xd8 /usr/lib/gcc/x86_64-linux-gnu/5/../../../x86_64-linux-gnu/crti.o

.gnu.version_d  0x0000000000001a90        0x0
 *(.gnu.version_d)
 .gnu.version_d
                0x0000000000001a90        0x0 /usr/lib/gcc/x86_64-linux-gnu/5/../../../x86_64-linux-gnu/crti.o

.gnu.version_r  0x0000000000001a90       0x60
 *(.gnu.version_r)
 .gnu.version_r
                0x0000000000001a90       0x60 /usr/lib/gcc/x86_64-linux-gnu/5/../../../x86_64-linux-gnu/crti.o

.rela.dyn       0x0000000000001af0       0xd8
 *(.rela.init)
 *(.rela.text .rela.text.* .rela.gnu.linkonce.t.*)
 .rela.text     0x0000000000001af0        0x0 /usr/lib/gcc/x86_64-linux-gnu/5/../../../x86_64-linux-gnu/crti.o
 *(.rela.fini)
 *(.rela.rodata .rela.rodata.* .rela.gnu.linkonce.r.*)
 *(.rela.data .rela.data.* .rela.gnu.linkonce.d.*)
 .rela.data.rel.local
                0x0000000000001af0       0x18 /usr/lib/gcc/x86_64-linux-gnu/5/../../../x86_64-linux-gnu/crti.o
 *(.rela.tdata .rela.tdata.* .rela.gnu.linkonce.td.*)
 *(.rela.tbss .rela.tbss.* .rela.gnu.linkonce.tb.*)
 *(.rela.ctors)
 *(.rela.dtors)
 *(.rela.got)
 .rela.got      0x0000000000001b08       0x90 /usr/lib/gcc/x86_64-linux-gnu/5/../../../x86_64-linux-gnu/crti.o
 *(.rela.bss .rela.bss.* .rela.gnu.linkonce.b.*)
 *(.rela.ldata .rela.ldata.* .rela.gnu.linkonce.l.*)
 *(.rela.lbss .rela.lbss.* .rela.gnu.linkonce.lb.*)
 *(.rela.lrodata .rela.lrodata.* .rela.gnu.linkonce.lr.*)
 *(.rela.ifunc)
 .rela.ifunc    0x0000000000001b98        0x0 /usr/lib/gcc/x86_64-linux-gnu/5/../../../x86_64-linux-gnu/crti.o
 .rela.fini_array
                0x0000000000001b98       0x18 /usr/lib/gcc/x86_64-linux-gnu/5/../../../x86_64-linux-gnu/crti.o
 .rela.init_array
                0x0000000000001bb0       0x18 /usr/lib/gcc/x86_64-linux-gnu/5/../../../x86_64-linux-gnu/crti.o

.rela.plt       0x0000000000001bc8      0x750
 *(.rela.plt)
 .rela.plt      0x0000000000001bc8      0x750 /usr/lib/gcc/x86_64-linux-gnu/5/../../../x86_64-linux-gnu/crti.o
 *(.rela.iplt)

.init           0x0000000000002318       0x1a
 *(SORT(.init))
 .init          0x0000000000002318       0x15 /usr/lib/gcc/x86_64-linux-gnu/5/../../../x86_64-linux-gnu/crti.o
                0x0000000000002318                _init
 .init          0x000000000000232d        0x5 /usr/lib/gcc/x86_64-linux-gnu/5/../../../x86_64-linux-gnu/crtn.o

.plt            0x0000000000002340      0x4f0
 *(.plt)
 .plt           0x0000000000002340      0x4f0 /usr/lib/gcc/x86_64-linux-gnu/5/../../../x86_64-linux-gnu/crti.o
 *(.iplt)

.plt.got        0x0000000000002830       0x10
 *(.plt.got)
 .plt.got       0x0000000000002830       0x10 /usr/lib/gcc/x86_64-linux-gnu/5/../../../x86_64-linux-gnu/crti.o

.plt.bnd
 *(.plt.bnd)

.text           0x0000000000002840     0x3768
 *(.text.unlikely .text.*_unlikely .text.unlikely.*)
 *(.text.exit .text.exit.*)
 *(.text.startup .text.startup.*)
 *(.text.hot .text.hot.*)
 *(.text .stub .text.* .gnu.linkonce.t.*)
 .text          0x0000000000002840      0x100 /usr/lib/gcc/x86_64-linux-gnu/5/crtbeginS.o
 .text.ARNETWORK_IOBuffer_IsWaitAck
                0x0000000000002940        0x4 /home/david/drone_nav/out/arsdk-native/build/libARNetwork/obj/Sources/ARNETWORK_IOBuffer.c.o
                0x0000000000002940                ARNETWORK_IOBuffer_IsWaitAck
 *fill*         0x0000000000002944        0xc 
 .text.ARNETWORK_IOBuffer_Lock
                0x0000000000002950       0x5d /home/david/drone_nav/out/arsdk-native/build/libARNetwork/obj/Sources/ARNETWORK_IOBuffer.c.o
                0x0000000000002950                ARNETWORK_IOBuffer_Lock
 *fill*         0x00000000000029ad        0x3 
 .text.ARNETWORK_IOBuffer_Unlock
                0x00000000000029b0       0x5d /home/david/drone_nav/out/arsdk-native/build/libARNetwork/obj/Sources/ARNETWORK_IOBuffer.c.o
                0x00000000000029b0                ARNETWORK_IOBuffer_Unlock
 *fill*         0x0000000000002a0d        0x3 
 .text.ARNETWORK_IOBuffer_PopData
                0x0000000000002a10       0xa8 /home/david/drone_nav/out/arsdk-native/build/libARNetwork/obj/Sources/ARNETWORK_IOBuffer.c.o
                0x0000000000002a10                ARNETWORK_IOBuffer_PopData
 *fill*         0x0000000000002ab8        0x8 
 .text.ARNETWORK_IOBuffer_PopDataWithCallBack
                0x0000000000002ac0       0xc8 /home/david/drone_nav/out/arsdk-native/build/libARNetwork/obj/Sources/ARNETWORK_IOBuffer.c.o
                0x0000000000002ac0                ARNETWORK_IOBuffer_PopDataWithCallBack
 *fill*         0x0000000000002b88        0x8 
 .text.ARNETWORK_IOBuffer_AckReceived
                0x0000000000002b90       0x26 /home/david/drone_nav/out/arsdk-native/build/libARNetwork/obj/Sources/ARNETWORK_IOBuffer.c.o
                0x0000000000002b90                ARNETWORK_IOBuffer_AckReceived
 *fill*         0x0000000000002bb6        0xa 
 .text.ARNETWORK_IOBuffer_CancelAllData
                0x0000000000002bc0       0x28 /home/david/drone_nav/out/arsdk-native/build/libARNetwork/obj/Sources/ARNETWORK_IOBuffer.c.o
                0x0000000000002bc0                ARNETWORK_IOBuffer_CancelAllData
 *fill*         0x0000000000002be8        0x8 
 .text.ARNETWORK_IOBuffer_Delete
                0x0000000000002bf0       0x58 /home/david/drone_nav/out/arsdk-native/build/libARNetwork/obj/Sources/ARNETWORK_IOBuffer.c.o
                0x0000000000002bf0                ARNETWORK_IOBuffer_Delete
 *fill*         0x0000000000002c48        0x8 
 .text.ARNETWORK_IOBuffer_New
                0x0000000000002c50      0x1cc /home/david/drone_nav/out/arsdk-native/build/libARNetwork/obj/Sources/ARNETWORK_IOBuffer.c.o
                0x0000000000002c50                ARNETWORK_IOBuffer_New
 *fill*         0x0000000000002e1c        0x4 
 .text.ARNETWORK_IOBuffer_Flush
                0x0000000000002e20       0x72 /home/david/drone_nav/out/arsdk-native/build/libARNetwork/obj/Sources/ARNETWORK_IOBuffer.c.o
                0x0000000000002e20                ARNETWORK_IOBuffer_Flush
 *fill*         0x0000000000002e92        0xe 
 .text.ARNETWORK_IOBuffer_AddData
                0x0000000000002ea0       0xfc /home/david/drone_nav/out/arsdk-native/build/libARNetwork/obj/Sources/ARNETWORK_IOBuffer.c.o
                0x0000000000002ea0                ARNETWORK_IOBuffer_AddData
 *fill*         0x0000000000002f9c        0x4 
 .text.ARNETWORK_IOBuffer_ShouldAcceptData
                0x0000000000002fa0       0x2f /home/david/drone_nav/out/arsdk-native/build/libARNetwork/obj/Sources/ARNETWORK_IOBuffer.c.o
                0x0000000000002fa0                ARNETWORK_IOBuffer_ShouldAcceptData
 *fill*         0x0000000000002fcf        0x1 
 .text.ARNETWORK_IOBuffer_ReadData
                0x0000000000002fd0       0x9e /home/david/drone_nav/out/arsdk-native/build/libARNetwork/obj/Sources/ARNETWORK_IOBuffer.c.o
                0x0000000000002fd0                ARNETWORK_IOBuffer_ReadData
 *fill*         0x000000000000306e        0x2 
 .text.ARNETWORK_IOBuffer_GetEstimatedMissPercentage
                0x0000000000003070       0x24 /home/david/drone_nav/out/arsdk-native/build/libARNetwork/obj/Sources/ARNETWORK_IOBuffer.c.o
                0x0000000000003070                ARNETWORK_IOBuffer_GetEstimatedMissPercentage
 *fill*         0x0000000000003094        0xc 
 .text.ARNETWORK_IOBufferParam_DefaultInit
                0x00000000000030a0       0x45 /home/david/drone_nav/out/arsdk-native/build/libARNetwork/obj/Sources/ARNETWORK_IOBufferParam.c.o
                0x00000000000030a0                ARNETWORK_IOBufferParam_DefaultInit
 *fill*         0x00000000000030e5        0xb 
 .text.ARNETWORK_IOBufferParam_Check
                0x00000000000030f0       0xc5 /home/david/drone_nav/out/arsdk-native/build/libARNetwork/obj/Sources/ARNETWORK_IOBufferParam.c.o
                0x00000000000030f0                ARNETWORK_IOBufferParam_Check
 *fill*         0x00000000000031b5        0xb 
 .text.ARNETWORK_Manager_Delete
                0x00000000000031c0      0x15c /home/david/drone_nav/out/arsdk-native/build/libARNetwork/obj/Sources/ARNETWORK_Manager.c.o
                0x00000000000031c0                ARNETWORK_Manager_Delete
 *fill*         0x000000000000331c        0x4 
 .text.ARNETWORK_Manager_SendingThreadRun
                0x0000000000003320       0x4e /home/david/drone_nav/out/arsdk-native/build/libARNetwork/obj/Sources/ARNETWORK_Manager.c.o
                0x0000000000003320                ARNETWORK_Manager_SendingThreadRun
 *fill*         0x000000000000336e        0x2 
 .text.ARNETWORK_Manager_ReceivingThreadRun
                0x0000000000003370       0x4e /home/david/drone_nav/out/arsdk-native/build/libARNetwork/obj/Sources/ARNETWORK_Manager.c.o
                0x0000000000003370                ARNETWORK_Manager_ReceivingThreadRun
 *fill*         0x00000000000033be        0x2 
 .text.ARNETWORK_Manager_Stop
                0x00000000000033c0       0x62 /home/david/drone_nav/out/arsdk-native/build/libARNetwork/obj/Sources/ARNETWORK_Manager.c.o
                0x00000000000033c0                ARNETWORK_Manager_Stop
 *fill*         0x0000000000003422        0xe 
 .text.ARNETWORK_Manager_OnDisconnect
                0x0000000000003430       0x48 /home/david/drone_nav/out/arsdk-native/build/libARNetwork/obj/Sources/ARNETWORK_Manager.c.o
                0x0000000000003430                ARNETWORK_Manager_OnDisconnect
 *fill*         0x0000000000003478        0x8 
 .text.ARNETWORK_Manager_GetInputDataEventFd
                0x0000000000003480       0x16 /home/david/drone_nav/out/arsdk-native/build/libARNetwork/obj/Sources/ARNETWORK_Manager.c.o
                0x0000000000003480                ARNETWORK_Manager_GetInputDataEventFd
 *fill*         0x0000000000003496        0xa 
 .text.ARNETWORK_Manager_SendData
                0x00000000000034a0       0xc7 /home/david/drone_nav/out/arsdk-native/build/libARNetwork/obj/Sources/ARNETWORK_Manager.c.o
                0x00000000000034a0                ARNETWORK_Manager_SendData
 *fill*         0x0000000000003567        0x9 
 .text.ARNETWORK_Manager_ReadData
                0x0000000000003570       0x96 /home/david/drone_nav/out/arsdk-native/build/libARNetwork/obj/Sources/ARNETWORK_Manager.c.o
                0x0000000000003570                ARNETWORK_Manager_ReadData
 *fill*         0x0000000000003606        0xa 
 .text.ARNETWORK_Manager_TryReadData
                0x0000000000003610       0x96 /home/david/drone_nav/out/arsdk-native/build/libARNetwork/obj/Sources/ARNETWORK_Manager.c.o
                0x0000000000003610                ARNETWORK_Manager_TryReadData
 *fill*         0x00000000000036a6        0xa 
 .text.ARNETWORK_Manager_ReadDataWithTimeout
                0x00000000000036b0       0xfd /home/david/drone_nav/out/arsdk-native/build/libARNetwork/obj/Sources/ARNETWORK_Manager.c.o
                0x00000000000036b0                ARNETWORK_Manager_ReadDataWithTimeout
 *fill*         0x00000000000037ad        0x3 
 .text.ARNETWORK_Manager_CreateIOBuffer
                0x00000000000037b0      0x44e /home/david/drone_nav/out/arsdk-native/build/libARNetwork/obj/Sources/ARNETWORK_Manager.c.o
                0x00000000000037b0                ARNETWORK_Manager_CreateIOBuffer
 *fill*         0x0000000000003bfe        0x2 
 .text.ARNETWORK_Manager_New
                0x0000000000003c00      0x3e7 /home/david/drone_nav/out/arsdk-native/build/libARNetwork/obj/Sources/ARNETWORK_Manager.c.o
                0x0000000000003c00                ARNETWORK_Manager_New
 *fill*         0x0000000000003fe7        0x9 
 .text.ARNETWORK_Manager_FlushInputBuffer
                0x0000000000003ff0       0x4f /home/david/drone_nav/out/arsdk-native/build/libARNetwork/obj/Sources/ARNETWORK_Manager.c.o
                0x0000000000003ff0                ARNETWORK_Manager_FlushInputBuffer
 *fill*         0x000000000000403f        0x1 
 .text.ARNETWORK_Manager_FlushOutputBuffer
                0x0000000000004040       0x4f /home/david/drone_nav/out/arsdk-native/build/libARNetwork/obj/Sources/ARNETWORK_Manager.c.o
                0x0000000000004040                ARNETWORK_Manager_FlushOutputBuffer
 *fill*         0x000000000000408f        0x1 
 .text.ARNETWORK_Manager_Flush
                0x0000000000004090       0x53 /home/david/drone_nav/out/arsdk-native/build/libARNetwork/obj/Sources/ARNETWORK_Manager.c.o
                0x0000000000004090                ARNETWORK_Manager_Flush
 *fill*         0x00000000000040e3        0xd 
 .text.ARNETWORK_Manager_GetEstimatedLatency
                0x00000000000040f0       0x16 /home/david/drone_nav/out/arsdk-native/build/libARNetwork/obj/Sources/ARNETWORK_Manager.c.o
                0x00000000000040f0                ARNETWORK_Manager_GetEstimatedLatency
 *fill*         0x0000000000004106        0xa 
 .text.ARNETWORK_Manager_GetEstimatedMissPercentage
                0x0000000000004110       0x64 /home/david/drone_nav/out/arsdk-native/build/libARNetwork/obj/Sources/ARNETWORK_Manager.c.o
                0x0000000000004110                ARNETWORK_Manager_GetEstimatedMissPercentage
 *fill*         0x0000000000004174        0xc 
 .text.ARNETWORK_Manager_SetMinimumTimeBetweenSends
                0x0000000000004180       0x1e /home/david/drone_nav/out/arsdk-native/build/libARNetwork/obj/Sources/ARNETWORK_Manager.c.o
                0x0000000000004180                ARNETWORK_Manager_SetMinimumTimeBetweenSends
 *fill*         0x000000000000419e        0x2 
 .text.ARNETWORK_Receiver_Delete
                0x00000000000041a0       0x20 /home/david/drone_nav/out/arsdk-native/build/libARNetwork/obj/Sources/ARNETWORK_Receiver.c.o
                0x00000000000041a0                ARNETWORK_Receiver_Delete
 .text.ARNETWORK_Receiver_New
                0x00000000000041c0       0xd1 /home/david/drone_nav/out/arsdk-native/build/libARNetwork/obj/Sources/ARNETWORK_Receiver.c.o
                0x00000000000041c0                ARNETWORK_Receiver_New
 *fill*         0x0000000000004291        0xf 
 .text.ARNETWORK_Receiver_Stop
                0x00000000000042a0        0x8 /home/david/drone_nav/out/arsdk-native/build/libARNetwork/obj/Sources/ARNETWORK_Receiver.c.o
                0x00000000000042a0                ARNETWORK_Receiver_Stop
 *fill*         0x00000000000042a8        0x8 
 .text.ARNETWORK_Receiver_ReturnACK
                0x00000000000042b0       0x80 /home/david/drone_nav/out/arsdk-native/build/libARNetwork/obj/Sources/ARNETWORK_Receiver.c.o
                0x00000000000042b0                ARNETWORK_Receiver_ReturnACK
 .text.ARNETWORK_Receiver_GetEventFd
                0x0000000000004330        0x6 /home/david/drone_nav/out/arsdk-native/build/libARNetwork/obj/Sources/ARNETWORK_Receiver.c.o
                0x0000000000004330                ARNETWORK_Receiver_GetEventFd
 *fill*         0x0000000000004336        0xa 
 .text.ARNETWORK_Receiver_WriteEventFd
                0x0000000000004340        0x6 /home/david/drone_nav/out/arsdk-native/build/libARNetwork/obj/Sources/ARNETWORK_Receiver.c.o
                0x0000000000004340                ARNETWORK_Receiver_WriteEventFd
 *fill*         0x0000000000004346        0xa 
 .text.ARNETWORK_Receiver_ReadEventFd
                0x0000000000004350        0x6 /home/david/drone_nav/out/arsdk-native/build/libARNetwork/obj/Sources/ARNETWORK_Receiver.c.o
                0x0000000000004350                ARNETWORK_Receiver_ReadEventFd
 *fill*         0x0000000000004356        0xa 
 .text.ARNETWORK_Receiver_CopyDataRecv
                0x0000000000004360       0xd5 /home/david/drone_nav/out/arsdk-native/build/libARNetwork/obj/Sources/ARNETWORK_Receiver.c.o
                0x0000000000004360                ARNETWORK_Receiver_CopyDataRecv
 *fill*         0x0000000000004435        0xb 
 .text.ARNETWORK_Receiver_ThreadRun
                0x0000000000004440      0x642 /home/david/drone_nav/out/arsdk-native/build/libARNetwork/obj/Sources/ARNETWORK_Receiver.c.o
                0x0000000000004440                ARNETWORK_Receiver_ThreadRun
 *fill*         0x0000000000004a82        0xe 
 .text.ARNETWORK_RingBuffer_Delete
                0x0000000000004a90       0x41 /home/david/drone_nav/out/arsdk-native/build/libARNetwork/obj/Sources/ARNETWORK_RingBuffer.c.o
                0x0000000000004a90                ARNETWORK_RingBuffer_Delete
 *fill*         0x0000000000004ad1        0xf 
 .text.ARNETWORK_RingBuffer_NewWithOverwriting
                0x0000000000004ae0       0xa9 /home/david/drone_nav/out/arsdk-native/build/libARNetwork/obj/Sources/ARNETWORK_RingBuffer.c.o
                0x0000000000004ae0                ARNETWORK_RingBuffer_NewWithOverwriting
 *fill*         0x0000000000004b89        0x7 
 .text.ARNETWORK_RingBuffer_New
                0x0000000000004b90        0x7 /home/david/drone_nav/out/arsdk-native/build/libARNetwork/obj/Sources/ARNETWORK_RingBuffer.c.o
                0x0000000000004b90                ARNETWORK_RingBuffer_New
 *fill*         0x0000000000004b97        0x9 
 .text.ARNETWORK_RingBuffer_PushBackWithSize
                0x0000000000004ba0       0xc0 /home/david/drone_nav/out/arsdk-native/build/libARNetwork/obj/Sources/ARNETWORK_RingBuffer.c.o
                0x0000000000004ba0                ARNETWORK_RingBuffer_PushBackWithSize
 .text.ARNETWORK_RingBuffer_PushBack
                0x0000000000004c60        0xa /home/david/drone_nav/out/arsdk-native/build/libARNetwork/obj/Sources/ARNETWORK_RingBuffer.c.o
                0x0000000000004c60                ARNETWORK_RingBuffer_PushBack
 *fill*         0x0000000000004c6a        0x6 
 .text.ARNETWORK_RingBuffer_PopFrontWithSize
                0x0000000000004c70       0xa8 /home/david/drone_nav/out/arsdk-native/build/libARNetwork/obj/Sources/ARNETWORK_RingBuffer.c.o
                0x0000000000004c70                ARNETWORK_RingBuffer_PopFrontWithSize
 *fill*         0x0000000000004d18        0x8 
 .text.ARNETWORK_RingBuffer_PopFront
                0x0000000000004d20        0x8 /home/david/drone_nav/out/arsdk-native/build/libARNetwork/obj/Sources/ARNETWORK_RingBuffer.c.o
                0x0000000000004d20                ARNETWORK_RingBuffer_PopFront
 *fill*         0x0000000000004d28        0x8 
 .text.ARNETWORK_RingBuffer_Front
                0x0000000000004d30       0x57 /home/david/drone_nav/out/arsdk-native/build/libARNetwork/obj/Sources/ARNETWORK_RingBuffer.c.o
                0x0000000000004d30                ARNETWORK_RingBuffer_Front
 *fill*         0x0000000000004d87        0x9 
 .text.ARNETWORK_RingBuffer_DataPrint
                0x0000000000004d90       0xfe /home/david/drone_nav/out/arsdk-native/build/libARNetwork/obj/Sources/ARNETWORK_RingBuffer.c.o
                0x0000000000004d90                ARNETWORK_RingBuffer_DataPrint
 *fill*         0x0000000000004e8e        0x2 
 .text.ARNETWORK_RingBuffer_Print
                0x0000000000004e90      0x14c /home/david/drone_nav/out/arsdk-native/build/libARNetwork/obj/Sources/ARNETWORK_RingBuffer.c.o
                0x0000000000004e90                ARNETWORK_RingBuffer_Print
 *fill*         0x0000000000004fdc        0x4 
 .text.ARNETWORK_RingBuffer_GetFreeCellNumber
                0x0000000000004fe0       0x36 /home/david/drone_nav/out/arsdk-native/build/libARNetwork/obj/Sources/ARNETWORK_RingBuffer.c.o
                0x0000000000004fe0                ARNETWORK_RingBuffer_GetFreeCellNumber
 *fill*         0x0000000000005016        0xa 
 .text.ARNETWORK_RingBuffer_IsEmpty
                0x0000000000005020       0x32 /home/david/drone_nav/out/arsdk-native/build/libARNetwork/obj/Sources/ARNETWORK_RingBuffer.c.o
                0x0000000000005020                ARNETWORK_RingBuffer_IsEmpty
 *fill*         0x0000000000005052        0xe 
 .text.ARNETWORK_Sender_Delete
                0x0000000000005060       0x48 /home/david/drone_nav/out/arsdk-native/build/libARNetwork/obj/Sources/ARNETWORK_Sender.c.o
                0x0000000000005060                ARNETWORK_Sender_Delete
 *fill*         0x00000000000050a8        0x8 
 .text.ARNETWORK_Sender_New
                0x00000000000050b0      0x159 /home/david/drone_nav/out/arsdk-native/build/libARNetwork/obj/Sources/ARNETWORK_Sender.c.o
                0x00000000000050b0                ARNETWORK_Sender_New
 *fill*         0x0000000000005209        0x7 
 .text.ARNETWORK_Sender_Stop
                0x0000000000005210        0x8 /home/david/drone_nav/out/arsdk-native/build/libARNetwork/obj/Sources/ARNETWORK_Sender.c.o
                0x0000000000005210                ARNETWORK_Sender_Stop
 *fill*         0x0000000000005218        0x8 
 .text.ARNETWORK_Sender_SignalNewData
                0x0000000000005220        0x9 /home/david/drone_nav/out/arsdk-native/build/libARNetwork/obj/Sources/ARNETWORK_Sender.c.o
                0x0000000000005220                ARNETWORK_Sender_SignalNewData
 *fill*         0x0000000000005229        0x7 
 .text.ARNETWORK_Sender_AckReceived
                0x0000000000005230       0x68 /home/david/drone_nav/out/arsdk-native/build/libARNetwork/obj/Sources/ARNETWORK_Sender.c.o
                0x0000000000005230                ARNETWORK_Sender_AckReceived
 *fill*         0x0000000000005298        0x8 
 .text.ARNETWORK_Sender_Flush
                0x00000000000052a0       0x74 /home/david/drone_nav/out/arsdk-native/build/libARNetwork/obj/Sources/ARNETWORK_Sender.c.o
                0x00000000000052a0                ARNETWORK_Sender_Flush
 *fill*         0x0000000000005314        0xc 
 .text.ARNETWORK_Sender_Reset
                0x0000000000005320        0x5 /home/david/drone_nav/out/arsdk-native/build/libARNetwork/obj/Sources/ARNETWORK_Sender.c.o
                0x0000000000005320                ARNETWORK_Sender_Reset
 *fill*         0x0000000000005325        0xb 
 .text.ARNETWORK_Sender_AddToBuffer
                0x0000000000005330      0x1d4 /home/david/drone_nav/out/arsdk-native/build/libARNetwork/obj/Sources/ARNETWORK_Sender.c.o
                0x0000000000005330                ARNETWORK_Sender_AddToBuffer
 *fill*         0x0000000000005504        0xc 
 .text.ARNETWORK_Sender_TimeOutCallback
                0x0000000000005510       0xa7 /home/david/drone_nav/out/arsdk-native/build/libARNetwork/obj/Sources/ARNETWORK_Sender.c.o
                0x0000000000005510                ARNETWORK_Sender_TimeOutCallback
 *fill*         0x00000000000055b7        0x9 
 .text.ARNETWORK_Sender_ManageTimeOut
                0x00000000000055c0       0x77 /home/david/drone_nav/out/arsdk-native/build/libARNetwork/obj/Sources/ARNETWORK_Sender.c.o
                0x00000000000055c0                ARNETWORK_Sender_ManageTimeOut
 *fill*         0x0000000000005637        0x9 
 .text.ARNETWORK_Sender_ProcessBufferToSend
                0x0000000000005640      0x25d /home/david/drone_nav/out/arsdk-native/build/libARNetwork/obj/Sources/ARNETWORK_Sender.c.o
                0x0000000000005640                ARNETWORK_Sender_ProcessBufferToSend
 *fill*         0x000000000000589d        0x3 
 .text.ARNETWORK_Sender_ThreadRun
                0x00000000000058a0      0x3c0 /home/david/drone_nav/out/arsdk-native/build/libARNetwork/obj/Sources/ARNETWORK_Sender.c.o
                0x00000000000058a0                ARNETWORK_Sender_ThreadRun
 .text.ARNETWORK_Sender_GetPing
                0x0000000000005c60       0x8d /home/david/drone_nav/out/arsdk-native/build/libARNetwork/obj/Sources/ARNETWORK_Sender.c.o
                0x0000000000005c60                ARNETWORK_Sender_GetPing
 *fill*         0x0000000000005ced        0x3 
 .text.ARNETWORK_Sender_GotPingAck
                0x0000000000005cf0       0x67 /home/david/drone_nav/out/arsdk-native/build/libARNetwork/obj/Sources/ARNETWORK_Sender.c.o
                0x0000000000005cf0                ARNETWORK_Sender_GotPingAck
 *fill*         0x0000000000005d57        0x9 
 .text.ARNETWORK_Sender_SendPong
                0x0000000000005d60       0x7c /home/david/drone_nav/out/arsdk-native/build/libARNetwork/obj/Sources/ARNETWORK_Sender.c.o
                0x0000000000005d60                ARNETWORK_Sender_SendPong
 *fill*         0x0000000000005ddc        0x4 
 .text.ARNETWORK_Error_ToString
                0x0000000000005de0      0x1c8 /home/david/drone_nav/out/arsdk-native/build/libARNetwork/obj/gen/Sources/ARNETWORK_Error.c.o
                0x0000000000005de0                ARNETWORK_Error_ToString
 *(.gnu.warning)

.fini           0x0000000000005fa8        0x9
 *(SORT(.fini))
 .fini          0x0000000000005fa8        0x4 /usr/lib/gcc/x86_64-linux-gnu/5/../../../x86_64-linux-gnu/crti.o
                0x0000000000005fa8                _fini
 .fini          0x0000000000005fac        0x5 /usr/lib/gcc/x86_64-linux-gnu/5/../../../x86_64-linux-gnu/crtn.o
                [!provide]                        PROVIDE (__etext, .)
                [!provide]                        PROVIDE (_etext, .)
                [!provide]                        PROVIDE (etext, .)

.rodata         0x0000000000005fc0      0xea8
 *(.rodata .rodata.* .gnu.linkonce.r.*)
 .rodata.str1.8
                0x0000000000005fc0       0x41 /home/david/drone_nav/out/arsdk-native/build/libARNetwork/obj/Sources/ARNETWORK_IOBuffer.c.o
 .rodata.str1.1
                0x0000000000006001       0x13 /home/david/drone_nav/out/arsdk-native/build/libARNetwork/obj/Sources/ARNETWORK_IOBuffer.c.o
                                         0x1d (size before relaxing)
 *fill*         0x0000000000006014        0xc 
 .rodata        0x0000000000006020       0x57 /home/david/drone_nav/out/arsdk-native/build/libARNetwork/obj/Sources/ARNETWORK_IOBuffer.c.o
 *fill*         0x0000000000006077        0x1 
 .rodata.str1.8
                0x0000000000006078      0x1d5 /home/david/drone_nav/out/arsdk-native/build/libARNetwork/obj/Sources/ARNETWORK_IOBufferParam.c.o
 .rodata.str1.1
                0x000000000000624d       0x18 /home/david/drone_nav/out/arsdk-native/build/libARNetwork/obj/Sources/ARNETWORK_IOBufferParam.c.o
 *fill*         0x0000000000006265        0xb 
 .rodata        0x0000000000006270       0x1e /home/david/drone_nav/out/arsdk-native/build/libARNetwork/obj/Sources/ARNETWORK_IOBufferParam.c.o
 .rodata.str1.1
                0x000000000000628e       0x12 /home/david/drone_nav/out/arsdk-native/build/libARNetwork/obj/Sources/ARNETWORK_Manager.c.o
                                         0x20 (size before relaxing)
 .rodata.str1.8
                0x00000000000062a0      0x196 /home/david/drone_nav/out/arsdk-native/build/libARNetwork/obj/Sources/ARNETWORK_Manager.c.o
 *fill*         0x0000000000006436        0xa 
 .rodata        0x0000000000006440       0xe6 /home/david/drone_nav/out/arsdk-native/build/libARNetwork/obj/Sources/ARNETWORK_Manager.c.o
 .rodata.str1.1
                0x0000000000006526       0x4b /home/david/drone_nav/out/arsdk-native/build/libARNetwork/obj/Sources/ARNETWORK_Receiver.c.o
                                         0x55 (size before relaxing)
 *fill*         0x0000000000006571        0x7 
 .rodata.str1.8
                0x0000000000006578      0x239 /home/david/drone_nav/out/arsdk-native/build/libARNetwork/obj/Sources/ARNETWORK_Receiver.c.o
 *fill*         0x00000000000067b1        0xf 
 .rodata        0x00000000000067c0       0x57 /home/david/drone_nav/out/arsdk-native/build/libARNetwork/obj/Sources/ARNETWORK_Receiver.c.o
 .rodata.str1.1
                0x0000000000006817       0xa7 /home/david/drone_nav/out/arsdk-native/build/libARNetwork/obj/Sources/ARNETWORK_RingBuffer.c.o
                                         0xa9 (size before relaxing)
 *fill*         0x00000000000068be        0x2 
 .rodata        0x00000000000068c0       0x3b /home/david/drone_nav/out/arsdk-native/build/libARNetwork/obj/Sources/ARNETWORK_RingBuffer.c.o
 .rodata.str1.1
                0x00000000000068fb       0x5b /home/david/drone_nav/out/arsdk-native/build/libARNetwork/obj/Sources/ARNETWORK_Sender.c.o
                                         0x65 (size before relaxing)
 *fill*         0x0000000000006956        0x2 
 .rodata.str1.8
                0x0000000000006958      0x1bc /home/david/drone_nav/out/arsdk-native/build/libARNetwork/obj/Sources/ARNETWORK_Sender.c.o
 *fill*         0x0000000000006b14        0xc 
 .rodata        0x0000000000006b20      0x105 /home/david/drone_nav/out/arsdk-native/build/libARNetwork/obj/Sources/ARNETWORK_Sender.c.o
 .rodata.str1.1
                0x0000000000006c25      0x14f /home/david/drone_nav/out/arsdk-native/build/libARNetwork/obj/gen/Sources/ARNETWORK_Error.c.o
                                        0x165 (size before relaxing)
 *fill*         0x0000000000006d74        0x4 
 .rodata.str1.8
                0x0000000000006d78       0xf0 /home/david/drone_nav/out/arsdk-native/build/libARNetwork/obj/gen/Sources/ARNETWORK_Error.c.o

.rodata1
 *(.rodata1)

.eh_frame_hdr   0x0000000000006e68      0x24c
 *(.eh_frame_hdr)
 .eh_frame_hdr  0x0000000000006e68      0x24c /home/david/drone_nav/out/arsdk-native/build/libARNetwork/obj/Sources/ARNETWORK_IOBuffer.c.o
                0x0000000000006e68                __GNU_EH_FRAME_HDR
 *(.eh_frame_entry .eh_frame_entry.*)

.eh_frame       0x00000000000070b8      0xefc
 *(.eh_frame)
 .eh_frame      0x00000000000070b8       0x40 /usr/lib/gcc/x86_64-linux-gnu/5/../../../x86_64-linux-gnu/crti.o
 .eh_frame      0x00000000000070f8      0x230 /home/david/drone_nav/out/arsdk-native/build/libARNetwork/obj/Sources/ARNETWORK_IOBuffer.c.o
                                        0x220 (size before relaxing)
 .eh_frame      0x0000000000007328       0x58 /home/david/drone_nav/out/arsdk-native/build/libARNetwork/obj/Sources/ARNETWORK_IOBufferParam.c.o
                                         0x70 (size before relaxing)
 .eh_frame      0x0000000000007380      0x3c0 /home/david/drone_nav/out/arsdk-native/build/libARNetwork/obj/Sources/ARNETWORK_Manager.c.o
                                        0x3b0 (size before relaxing)
 .eh_frame      0x0000000000007740      0x2a0 /home/david/drone_nav/out/arsdk-native/build/libARNetwork/obj/Sources/ARNETWORK_Receiver.c.o
 .eh_frame      0x00000000000079e0      0x210 /home/david/drone_nav/out/arsdk-native/build/libARNetwork/obj/Sources/ARNETWORK_RingBuffer.c.o
                                        0x208 (size before relaxing)
 .eh_frame      0x0000000000007bf0      0x3a8 /home/david/drone_nav/out/arsdk-native/build/libARNetwork/obj/Sources/ARNETWORK_Sender.c.o
                                        0x390 (size before relaxing)
 .eh_frame      0x0000000000007f98       0x18 /home/david/drone_nav/out/arsdk-native/build/libARNetwork/obj/gen/Sources/ARNETWORK_Error.c.o
                                         0x30 (size before relaxing)
 .eh_frame      0x0000000000007fb0        0x4 /usr/lib/gcc/x86_64-linux-gnu/5/crtendS.o
 *(.eh_frame.*)

.gcc_except_table
 *(.gcc_except_table .gcc_except_table.*)

.gnu_extab
 *(.gnu_extab*)

.exception_ranges
 *(.exception_ranges .exception_ranges*)
                0x0000000000208db8                . = DATA_SEGMENT_ALIGN (0x200000, 0x1000)

.eh_frame
 *(.eh_frame)
 *(.eh_frame.*)

.gnu_extab
 *(.gnu_extab)

.gcc_except_table
 *(.gcc_except_table .gcc_except_table.*)

.exception_ranges
 *(.exception_ranges .exception_ranges*)

.tdata
 *(.tdata .tdata.* .gnu.linkonce.td.*)

.tbss
 *(.tbss .tbss.* .gnu.linkonce.tb.*)
 *(.tcommon)

.preinit_array
 *(.preinit_array)

.init_array     0x0000000000208db8        0x8
 *(SORT(.init_array.*) SORT(.ctors.*))
 *(.init_array EXCLUDE_FILE(*crtend?.o *crtend.o *crtbegin?.o *crtbegin.o) .ctors)
 .init_array    0x0000000000208db8        0x8 /usr/lib/gcc/x86_64-linux-gnu/5/crtbeginS.o

.fini_array     0x0000000000208dc0        0x8
 *(SORT(.fini_array.*) SORT(.dtors.*))
 *(.fini_array EXCLUDE_FILE(*crtend?.o *crtend.o *crtbegin?.o *crtbegin.o) .dtors)
 .fini_array    0x0000000000208dc0        0x8 /usr/lib/gcc/x86_64-linux-gnu/5/crtbeginS.o

.ctors
 *crtbegin.o(.ctors)
 *crtbegin?.o(.ctors)
 *(EXCLUDE_FILE(*crtend?.o *crtend.o) .ctors)
 *(SORT(.ctors.*))
 *(.ctors)

.dtors
 *crtbegin.o(.dtors)
 *crtbegin?.o(.dtors)
 *(EXCLUDE_FILE(*crtend?.o *crtend.o) .dtors)
 *(SORT(.dtors.*))
 *(.dtors)

.jcr            0x0000000000208dc8        0x8
 *(.jcr)
 .jcr           0x0000000000208dc8        0x0 /usr/lib/gcc/x86_64-linux-gnu/5/crtbeginS.o
 .jcr           0x0000000000208dc8        0x8 /usr/lib/gcc/x86_64-linux-gnu/5/crtendS.o

.data.rel.ro
 *(.data.rel.ro.local* .gnu.linkonce.d.rel.ro.local.*)
 *(.data.rel.ro .data.rel.ro.* .gnu.linkonce.d.rel.ro.*)

.dynamic        0x0000000000208dd0      0x200
 *(.dynamic)
 .dynamic       0x0000000000208dd0      0x200 /usr/lib/gcc/x86_64-linux-gnu/5/../../../x86_64-linux-gnu/crti.o
                0x0000000000208dd0                _DYNAMIC

.got            0x0000000000208fd0       0x30
 *(.got)
 .got           0x0000000000208fd0       0x30 /usr/lib/gcc/x86_64-linux-gnu/5/../../../x86_64-linux-gnu/crti.o
 *(.igot)
                0x0000000000209fe8                . = DATA_SEGMENT_RELRO_END (., (SIZEOF (.got.plt) >= 0x18)?0x18:0x0)

.got.plt        0x0000000000209000      0x288
 *(.got.plt)
 .got.plt       0x0000000000209000      0x288 /usr/lib/gcc/x86_64-linux-gnu/5/../../../x86_64-linux-gnu/crti.o
                0x0000000000209000                _GLOBAL_OFFSET_TABLE_
 *(.igot.plt)

.data           0x0000000000209288        0x8
 *(.data .data.* .gnu.linkonce.d.*)
 .data.rel.local
                0x0000000000209288        0x8 /usr/lib/gcc/x86_64-linux-gnu/5/crtbeginS.o
                0x0000000000209288                __dso_handle

.tm_clone_table
                0x0000000000209290        0x0
 .tm_clone_table
                0x0000000000209290        0x0 /usr/lib/gcc/x86_64-linux-gnu/5/crtbeginS.o
 .tm_clone_table
                0x0000000000209290        0x0 /usr/lib/gcc/x86_64-linux-gnu/5/crtendS.o

.data1
 *(.data1)
                0x0000000000209290                _edata = .
                [!provide]                        PROVIDE (edata, .)
                0x0000000000209290                . = .
                0x0000000000209290                __bss_start = .

.bss            0x0000000000209290        0x8
 *(.dynbss)
 .dynbss        0x0000000000209290        0x0 /usr/lib/gcc/x86_64-linux-gnu/5/../../../x86_64-linux-gnu/crti.o
 *(.bss .bss.* .gnu.linkonce.b.*)
 .bss           0x0000000000209290        0x1 /usr/lib/gcc/x86_64-linux-gnu/5/crtbeginS.o
 *(COMMON)
                0x0000000000209298                . = ALIGN ((. != 0x0)?0x8:0x1)
 *fill*         0x0000000000209291        0x7 

.lbss
 *(.dynlbss)
 *(.lbss .lbss.* .gnu.linkonce.lb.*)
 *(LARGE_COMMON)
                0x0000000000209298                . = ALIGN (0x8)
                0x0000000000209298                . = SEGMENT_START ("ldata-segment", .)

.lrodata
 *(.lrodata .lrodata.* .gnu.linkonce.lr.*)

.ldata          0x0000000000609298        0x0
 *(.ldata .ldata.* .gnu.linkonce.l.*)
                0x0000000000609298                . = ALIGN ((. != 0x0)?0x8:0x1)
                0x0000000000609298                . = ALIGN (0x8)
                0x0000000000609298                _end = .
                [!provide]                        PROVIDE (end, .)
                0x0000000000609298                . = DATA_SEGMENT_END (.)

.stab
 *(.stab)

.stabstr
 *(.stabstr)

.stab.excl
 *(.stab.excl)

.stab.exclstr
 *(.stab.exclstr)

.stab.index
 *(.stab.index)

.stab.indexstr
 *(.stab.indexstr)

.comment        0x0000000000000000       0x34
 *(.comment)
 .comment       0x0000000000000000       0x34 /usr/lib/gcc/x86_64-linux-gnu/5/crtbeginS.o
                                         0x35 (size before relaxing)
 .comment       0x0000000000000034       0x35 /home/david/drone_nav/out/arsdk-native/build/libARNetwork/obj/Sources/ARNETWORK_IOBuffer.c.o
 .comment       0x0000000000000034       0x35 /home/david/drone_nav/out/arsdk-native/build/libARNetwork/obj/Sources/ARNETWORK_IOBufferParam.c.o
 .comment       0x0000000000000034       0x35 /home/david/drone_nav/out/arsdk-native/build/libARNetwork/obj/Sources/ARNETWORK_Manager.c.o
 .comment       0x0000000000000034       0x35 /home/david/drone_nav/out/arsdk-native/build/libARNetwork/obj/Sources/ARNETWORK_Receiver.c.o
 .comment       0x0000000000000034       0x35 /home/david/drone_nav/out/arsdk-native/build/libARNetwork/obj/Sources/ARNETWORK_RingBuffer.c.o
 .comment       0x0000000000000034       0x35 /home/david/drone_nav/out/arsdk-native/build/libARNetwork/obj/Sources/ARNETWORK_Sender.c.o
 .comment       0x0000000000000034       0x35 /home/david/drone_nav/out/arsdk-native/build/libARNetwork/obj/gen/Sources/ARNETWORK_Error.c.o
 .comment       0x0000000000000034       0x35 /usr/lib/gcc/x86_64-linux-gnu/5/crtendS.o

.debug
 *(.debug)

.line
 *(.line)

.debug_srcinfo
 *(.debug_srcinfo)

.debug_sfnames
 *(.debug_sfnames)

.debug_aranges  0x0000000000000000      0x540
 *(.debug_aranges)
 .debug_aranges
                0x0000000000000000      0x100 /home/david/drone_nav/out/arsdk-native/build/libARNetwork/obj/Sources/ARNETWORK_IOBuffer.c.o
 .debug_aranges
                0x0000000000000100       0x40 /home/david/drone_nav/out/arsdk-native/build/libARNetwork/obj/Sources/ARNETWORK_IOBufferParam.c.o
 .debug_aranges
                0x0000000000000140      0x140 /home/david/drone_nav/out/arsdk-native/build/libARNetwork/obj/Sources/ARNETWORK_Manager.c.o
 .debug_aranges
                0x0000000000000280       0xa0 /home/david/drone_nav/out/arsdk-native/build/libARNetwork/obj/Sources/ARNETWORK_Receiver.c.o
 .debug_aranges
                0x0000000000000320       0xe0 /home/david/drone_nav/out/arsdk-native/build/libARNetwork/obj/Sources/ARNETWORK_RingBuffer.c.o
 .debug_aranges
                0x0000000000000400      0x110 /home/david/drone_nav/out/arsdk-native/build/libARNetwork/obj/Sources/ARNETWORK_Sender.c.o
 .debug_aranges
                0x0000000000000510       0x30 /home/david/drone_nav/out/arsdk-native/build/libARNetwork/obj/gen/Sources/ARNETWORK_Error.c.o

.debug_pubnames
 *(.debug_pubnames)

.debug_info     0x0000000000000000     0x8471
 *(.debug_info .gnu.linkonce.wi.*)
 .debug_info    0x0000000000000000     0x12ef /home/david/drone_nav/out/arsdk-native/build/libARNetwork/obj/Sources/ARNETWORK_IOBuffer.c.o
 .debug_info    0x00000000000012ef      0x5be /home/david/drone_nav/out/arsdk-native/build/libARNetwork/obj/Sources/ARNETWORK_IOBufferParam.c.o
 .debug_info    0x00000000000018ad     0x2292 /home/david/drone_nav/out/arsdk-native/build/libARNetwork/obj/Sources/ARNETWORK_Manager.c.o
 .debug_info    0x0000000000003b3f     0x1892 /home/david/drone_nav/out/arsdk-native/build/libARNetwork/obj/Sources/ARNETWORK_Receiver.c.o
 .debug_info    0x00000000000053d1      0xfc9 /home/david/drone_nav/out/arsdk-native/build/libARNetwork/obj/Sources/ARNETWORK_RingBuffer.c.o
 .debug_info    0x000000000000639a     0x1fbb /home/david/drone_nav/out/arsdk-native/build/libARNetwork/obj/Sources/ARNETWORK_Sender.c.o
 .debug_info    0x0000000000008355      0x11c /home/david/drone_nav/out/arsdk-native/build/libARNetwork/obj/gen/Sources/ARNETWORK_Error.c.o

.debug_abbrev   0x0000000000000000     0x11db
 *(.debug_abbrev)
 .debug_abbrev  0x0000000000000000      0x305 /home/david/drone_nav/out/arsdk-native/build/libARNetwork/obj/Sources/ARNETWORK_IOBuffer.c.o
 .debug_abbrev  0x0000000000000305      0x187 /home/david/drone_nav/out/arsdk-native/build/libARNetwork/obj/Sources/ARNETWORK_IOBufferParam.c.o
 .debug_abbrev  0x000000000000048c      0x348 /home/david/drone_nav/out/arsdk-native/build/libARNetwork/obj/Sources/ARNETWORK_Manager.c.o
 .debug_abbrev  0x00000000000007d4      0x339 /home/david/drone_nav/out/arsdk-native/build/libARNetwork/obj/Sources/ARNETWORK_Receiver.c.o
 .debug_abbrev  0x0000000000000b0d      0x2d0 /home/david/drone_nav/out/arsdk-native/build/libARNetwork/obj/Sources/ARNETWORK_RingBuffer.c.o
 .debug_abbrev  0x0000000000000ddd      0x36b /home/david/drone_nav/out/arsdk-native/build/libARNetwork/obj/Sources/ARNETWORK_Sender.c.o
 .debug_abbrev  0x0000000000001148       0x93 /home/david/drone_nav/out/arsdk-native/build/libARNetwork/obj/gen/Sources/ARNETWORK_Error.c.o

.debug_line     0x0000000000000000     0x1fcd
 *(.debug_line .debug_line.* .debug_line_end)
 .debug_line    0x0000000000000000      0x529 /home/david/drone_nav/out/arsdk-native/build/libARNetwork/obj/Sources/ARNETWORK_IOBuffer.c.o
 .debug_line    0x0000000000000529      0x26d /home/david/drone_nav/out/arsdk-native/build/libARNetwork/obj/Sources/ARNETWORK_IOBufferParam.c.o
 .debug_line    0x0000000000000796      0x7a3 /home/david/drone_nav/out/arsdk-native/build/libARNetwork/obj/Sources/ARNETWORK_Manager.c.o
 .debug_line    0x0000000000000f39      0x4c9 /home/david/drone_nav/out/arsdk-native/build/libARNetwork/obj/Sources/ARNETWORK_Receiver.c.o
 .debug_line    0x0000000000001402      0x3ff /home/david/drone_nav/out/arsdk-native/build/libARNetwork/obj/Sources/ARNETWORK_RingBuffer.c.o
 .debug_line    0x0000000000001801      0x676 /home/david/drone_nav/out/arsdk-native/build/libARNetwork/obj/Sources/ARNETWORK_Sender.c.o
 .debug_line    0x0000000000001e77      0x156 /home/david/drone_nav/out/arsdk-native/build/libARNetwork/obj/gen/Sources/ARNETWORK_Error.c.o

.debug_frame
 *(.debug_frame)

.debug_str      0x0000000000000000     0x2761
 *(.debug_str)
 .debug_str     0x0000000000000000      0xf09 /home/david/drone_nav/out/arsdk-native/build/libARNetwork/obj/Sources/ARNETWORK_IOBuffer.c.o
                                        0xf79 (size before relaxing)
 .debug_str     0x0000000000000f09       0x6a /home/david/drone_nav/out/arsdk-native/build/libARNetwork/obj/Sources/ARNETWORK_IOBufferParam.c.o
                                        0x7d4 (size before relaxing)
 .debug_str     0x0000000000000f73     0x1207 /home/david/drone_nav/out/arsdk-native/build/libARNetwork/obj/Sources/ARNETWORK_Manager.c.o
                                       0x1e01 (size before relaxing)
 .debug_str     0x000000000000217a      0x1e1 /home/david/drone_nav/out/arsdk-native/build/libARNetwork/obj/Sources/ARNETWORK_Receiver.c.o
                                       0x1721 (size before relaxing)
 .debug_str     0x000000000000235b      0x15d /home/david/drone_nav/out/arsdk-native/build/libARNetwork/obj/Sources/ARNETWORK_RingBuffer.c.o
                                        0x99e (size before relaxing)
 .debug_str     0x00000000000024b8      0x275 /home/david/drone_nav/out/arsdk-native/build/libARNetwork/obj/Sources/ARNETWORK_Sender.c.o
                                       0x1a74 (size before relaxing)
 .debug_str     0x000000000000272d       0x34 /home/david/drone_nav/out/arsdk-native/build/libARNetwork/obj/gen/Sources/ARNETWORK_Error.c.o
                                        0x362 (size before relaxing)

.debug_loc      0x0000000000000000     0x69ce
 *(.debug_loc)
 .debug_loc     0x0000000000000000     0x114a /home/david/drone_nav/out/arsdk-native/build/libARNetwork/obj/Sources/ARNETWORK_IOBuffer.c.o
 .debug_loc     0x000000000000114a       0xf7 /home/david/drone_nav/out/arsdk-native/build/libARNetwork/obj/Sources/ARNETWORK_IOBufferParam.c.o
 .debug_loc     0x0000000000001241     0x22dc /home/david/drone_nav/out/arsdk-native/build/libARNetwork/obj/Sources/ARNETWORK_Manager.c.o
 .debug_loc     0x000000000000351d      0xba8 /home/david/drone_nav/out/arsdk-native/build/libARNetwork/obj/Sources/ARNETWORK_Receiver.c.o
 .debug_loc     0x00000000000040c5      0xf27 /home/david/drone_nav/out/arsdk-native/build/libARNetwork/obj/Sources/ARNETWORK_RingBuffer.c.o
 .debug_loc     0x0000000000004fec     0x19e2 /home/david/drone_nav/out/arsdk-native/build/libARNetwork/obj/Sources/ARNETWORK_Sender.c.o

.debug_macinfo
 *(.debug_macinfo)

.debug_weaknames
 *(.debug_weaknames)

.debug_funcnames
 *(.debug_funcnames)

.debug_typenames
 *(.debug_typenames)

.debug_varnames
 *(.debug_varnames)

.debug_pubtypes
 *(.debug_pubtypes)

.debug_ranges   0x0000000000000000      0x830
 *(.debug_ranges)
 .debug_ranges  0x0000000000000000      0x120 /home/david/drone_nav/out/arsdk-native/build/libARNetwork/obj/Sources/ARNETWORK_IOBuffer.c.o
 .debug_ranges  0x0000000000000120       0x30 /home/david/drone_nav/out/arsdk-native/build/libARNetwork/obj/Sources/ARNETWORK_IOBufferParam.c.o
 .debug_ranges  0x0000000000000150      0x1e0 /home/david/drone_nav/out/arsdk-native/build/libARNetwork/obj/Sources/ARNETWORK_Manager.c.o
 .debug_ranges  0x0000000000000330      0x190 /home/david/drone_nav/out/arsdk-native/build/libARNetwork/obj/Sources/ARNETWORK_Receiver.c.o
 .debug_ranges  0x00000000000004c0      0x190 /home/david/drone_nav/out/arsdk-native/build/libARNetwork/obj/Sources/ARNETWORK_RingBuffer.c.o
 .debug_ranges  0x0000000000000650      0x1c0 /home/david/drone_nav/out/arsdk-native/build/libARNetwork/obj/Sources/ARNETWORK_Sender.c.o
 .debug_ranges  0x0000000000000810       0x20 /home/david/drone_nav/out/arsdk-native/build/libARNetwork/obj/gen/Sources/ARNETWORK_Error.c.o

.debug_macro
 *(.debug_macro)

.gnu.attributes
 *(.gnu.attributes)

/DISCARD/
 *(.note.GNU-stack)
 *(.gnu_debuglink)
 *(.gnu.lto_*)
OUTPUT(out/arsdk-native/build/libARNetwork/libarnetwork.so elf64-x86-64)
